Traceback (most recent call last):
  File "<stdin>", line 32, in <module>
  File "/lus/lfs1aip2/projects/u6oz/yuhe/.local/python/cpython-3.12.14-linux-aarch64-gnu/lib/python3.12/concurrent/futures/_base.py", line 619, in result_iterator
    yield _result_or_cancel(fs.pop())
          ^^^^^^^^^^^^^^^^^^^^^^^^^^^
  File "/lus/lfs1aip2/projects/u6oz/yuhe/.local/python/cpython-3.12.14-linux-aarch64-gnu/lib/python3.12/concurrent/futures/_base.py", line 317, in _result_or_cancel
    return fut.result(timeout)
           ^^^^^^^^^^^^^^^^^^^
  File "/lus/lfs1aip2/projects/u6oz/yuhe/.local/python/cpython-3.12.14-linux-aarch64-gnu/lib/python3.12/concurrent/futures/_base.py", line 456, in result
    return self.__get_result()
           ^^^^^^^^^^^^^^^^^^^
  File "/lus/lfs1aip2/projects/u6oz/yuhe/.local/python/cpython-3.12.14-linux-aarch64-gnu/lib/python3.12/concurrent/futures/_base.py", line 401, in __get_result
    raise self._exception
  File "/lus/lfs1aip2/projects/u6oz/yuhe/.local/python/cpython-3.12.14-linux-aarch64-gnu/lib/python3.12/concurrent/futures/thread.py", line 59, in run
    result = self.fn(*self.args, **self.kwargs)
             ^^^^^^^^^^^^^^^^^^^^^^^^^^^^^^^^^^
  File "<stdin>", line 30, in run
RuntimeError: qwen72b: Traceback (most recent call last):
  File "<string>", line 13, in <module>
AssertionError

