{"event": "stage_start", "model_key": "r1_distill_32b", "revision": "2a29ab14a7dcfb5132537e18050d0ebe5008f7fb", "expected_bytes": 65534956553}
Fetching 14 files:   0%|          | 0/14 [00:00<?, ?it/s]Fetching 14 files:  21%|██▏       | 3/14 [00:00<00:00, 23.72it/s]Fetching 14 files:  21%|██▏       | 3/14 [00:20<00:00, 23.72it/s]Fetching 14 files:  29%|██▊       | 4/14 [06:27<20:49, 124.98s/it]Fetching 14 files:  43%|████▎     | 6/14 [07:29<10:38, 79.82s/it] Fetching 14 files:  43%|████▎     | 6/14 [08:11<10:55, 81.92s/it]
Traceback (most recent call last):
  File "/projects/u6oz/yuhe/jlens_belief-v1/.venv/lib/python3.12/site-packages/urllib3/response.py", line 779, in _error_catcher
    yield
  File "/projects/u6oz/yuhe/jlens_belief-v1/.venv/lib/python3.12/site-packages/urllib3/response.py", line 925, in _raw_read
    raise IncompleteRead(self._fp_bytes_read, self.length_remaining)
urllib3.exceptions.IncompleteRead: IncompleteRead(1208289793 bytes read, 7568617134 more expected)

The above exception was the direct cause of the following exception:

Traceback (most recent call last):
  File "/projects/u6oz/yuhe/jlens_belief-v1/.venv/lib/python3.12/site-packages/requests/models.py", line 820, in generate
    yield from self.raw.stream(chunk_size, decode_content=True)
  File "/projects/u6oz/yuhe/jlens_belief-v1/.venv/lib/python3.12/site-packages/urllib3/response.py", line 1091, in stream
    data = self.read(amt=amt, decode_content=decode_content)
           ^^^^^^^^^^^^^^^^^^^^^^^^^^^^^^^^^^^^^^^^^^^^^^^^^
  File "/projects/u6oz/yuhe/jlens_belief-v1/.venv/lib/python3.12/site-packages/urllib3/response.py", line 1008, in read
    data = self._raw_read(amt)
           ^^^^^^^^^^^^^^^^^^^
  File "/projects/u6oz/yuhe/jlens_belief-v1/.venv/lib/python3.12/site-packages/urllib3/response.py", line 903, in _raw_read
    with self._error_catcher():
         ^^^^^^^^^^^^^^^^^^^^^
  File "/lus/lfs1aip2/projects/u6oz/yuhe/.local/python/cpython-3.12.14-linux-aarch64-gnu/lib/python3.12/contextlib.py", line 158, in __exit__
    self.gen.throw(value)
  File "/projects/u6oz/yuhe/jlens_belief-v1/.venv/lib/python3.12/site-packages/urllib3/response.py", line 803, in _error_catcher
    raise ProtocolError(arg, e) from e
urllib3.exceptions.ProtocolError: ('Connection broken: IncompleteRead(1208289793 bytes read, 7568617134 more expected)', IncompleteRead(1208289793 bytes read, 7568617134 more expected))

During handling of the above exception, another exception occurred:

Traceback (most recent call last):
  File "/projects/u6oz/yuhe/millennium-forecast-20260929/stage_models.py", line 34, in <module>
    snapshot_download(repo_id, revision=revision, local_dir=target,
  File "/projects/u6oz/yuhe/jlens_belief-v1/.venv/lib/python3.12/site-packages/huggingface_hub/utils/_validators.py", line 114, in _inner_fn
    return fn(*args, **kwargs)
           ^^^^^^^^^^^^^^^^^^^
  File "/projects/u6oz/yuhe/jlens_belief-v1/.venv/lib/python3.12/site-packages/huggingface_hub/_snapshot_download.py", line 332, in snapshot_download
    thread_map(
  File "/projects/u6oz/yuhe/jlens_belief-v1/.venv/lib/python3.12/site-packages/tqdm/contrib/concurrent.py", line 69, in thread_map
    return _executor_map(ThreadPoolExecutor, fn, *iterables, **tqdm_kwargs)
           ^^^^^^^^^^^^^^^^^^^^^^^^^^^^^^^^^^^^^^^^^^^^^^^^^^^^^^^^^^^^^^^^
  File "/projects/u6oz/yuhe/jlens_belief-v1/.venv/lib/python3.12/site-packages/tqdm/contrib/concurrent.py", line 51, in _executor_map
    return list(tqdm_class(ex.map(fn, *iterables, chunksize=chunksize), **kwargs))
           ^^^^^^^^^^^^^^^^^^^^^^^^^^^^^^^^^^^^^^^^^^^^^^^^^^^^^^^^^^^^^^^^^^^^^^^
  File "/projects/u6oz/yuhe/jlens_belief-v1/.venv/lib/python3.12/site-packages/tqdm/std.py", line 1181, in __iter__
    for obj in iterable:
               ^^^^^^^^
  File "/lus/lfs1aip2/projects/u6oz/yuhe/.local/python/cpython-3.12.14-linux-aarch64-gnu/lib/python3.12/concurrent/futures/_base.py", line 619, in result_iterator
    yield _result_or_cancel(fs.pop())
          ^^^^^^^^^^^^^^^^^^^^^^^^^^^
  File "/lus/lfs1aip2/projects/u6oz/yuhe/.local/python/cpython-3.12.14-linux-aarch64-gnu/lib/python3.12/concurrent/futures/_base.py", line 317, in _result_or_cancel
    return fut.result(timeout)
           ^^^^^^^^^^^^^^^^^^^
  File "/lus/lfs1aip2/projects/u6oz/yuhe/.local/python/cpython-3.12.14-linux-aarch64-gnu/lib/python3.12/concurrent/futures/_base.py", line 456, in result
    return self.__get_result()
           ^^^^^^^^^^^^^^^^^^^
  File "/lus/lfs1aip2/projects/u6oz/yuhe/.local/python/cpython-3.12.14-linux-aarch64-gnu/lib/python3.12/concurrent/futures/_base.py", line 401, in __get_result
    raise self._exception
  File "/lus/lfs1aip2/projects/u6oz/yuhe/.local/python/cpython-3.12.14-linux-aarch64-gnu/lib/python3.12/concurrent/futures/thread.py", line 59, in run
    result = self.fn(*self.args, **self.kwargs)
             ^^^^^^^^^^^^^^^^^^^^^^^^^^^^^^^^^^
  File "/projects/u6oz/yuhe/jlens_belief-v1/.venv/lib/python3.12/site-packages/huggingface_hub/_snapshot_download.py", line 306, in _inner_hf_hub_download
    return hf_hub_download(
           ^^^^^^^^^^^^^^^^
  File "/projects/u6oz/yuhe/jlens_belief-v1/.venv/lib/python3.12/site-packages/huggingface_hub/utils/_validators.py", line 114, in _inner_fn
    return fn(*args, **kwargs)
           ^^^^^^^^^^^^^^^^^^^
  File "/projects/u6oz/yuhe/jlens_belief-v1/.venv/lib/python3.12/site-packages/huggingface_hub/file_download.py", line 990, in hf_hub_download
    return _hf_hub_download_to_local_dir(
           ^^^^^^^^^^^^^^^^^^^^^^^^^^^^^^
  File "/projects/u6oz/yuhe/jlens_belief-v1/.venv/lib/python3.12/site-packages/huggingface_hub/file_download.py", line 1300, in _hf_hub_download_to_local_dir
    _download_to_tmp_and_move(
  File "/projects/u6oz/yuhe/jlens_belief-v1/.venv/lib/python3.12/site-packages/huggingface_hub/file_download.py", line 1738, in _download_to_tmp_and_move
    http_get(
  File "/projects/u6oz/yuhe/jlens_belief-v1/.venv/lib/python3.12/site-packages/huggingface_hub/file_download.py", line 496, in http_get
    for chunk in r.iter_content(chunk_size=constants.DOWNLOAD_CHUNK_SIZE):
                 ^^^^^^^^^^^^^^^^^^^^^^^^^^^^^^^^^^^^^^^^^^^^^^^^^^^^^^^^
  File "/projects/u6oz/yuhe/jlens_belief-v1/.venv/lib/python3.12/site-packages/requests/models.py", line 822, in generate
    raise ChunkedEncodingError(e)
requests.exceptions.ChunkedEncodingError: ('Connection broken: IncompleteRead(1208289793 bytes read, 7568617134 more expected)', IncompleteRead(1208289793 bytes read, 7568617134 more expected))
