sbatch --parsable --account=brics.u6oz --partition=workq --job-name=millennium-prefetch-qwen72b --nodes=1 --ntasks=1 --cpus-per-task=8 --mem=16G --time=04:00:00 --signal=B:USR1@180 --no-requeue --chdir=/projects/u6oz/yuhe/millennium-forecast-20260929 --output=/projects/u6oz/yuhe/millennium-forecast-20260929/slurm/%j.out --error=/projects/u6oz/yuhe/millennium-forecast-20260929/slurm/%j.err /projects/u6oz/yuhe/millennium-forecast-20260929/stage.sh qwen72b 0
{"job_id": "6952957", "requested_gpus": 0, "accounted_gpus": 4, "record": "/projects/u6oz/yuhe/millennium-forecast-20260929/slurm/submission-prefetch-qwen72b-20260929T160613404001Z.json"}
             JOBID                                     NAME        STATE       TIME NODELIST(REASON)
           6952957              millennium-prefetch-qwen72b      PENDING       0:00 (None)
           6952940       millennium-prefetch-r1_distill_32b      RUNNING       0:20 nid010190
JobId=6952940 JobName=millennium-prefetch-r1_distill_32b
   UserId=yuhegao.u6oz(1483807865) GroupId=yuhegao.u6oz(1483807865) MCS_label=N/A
   Priority=1 Nice=0 Account=brics.u6oz QOS=normal
   JobState=RUNNING Reason=None Dependency=(null)
   Requeue=0 Restarts=0 BatchFlag=1 Reboot=0 ExitCode=0:0
   RunTime=00:00:20 TimeLimit=04:00:00 TimeMin=N/A
   SubmitTime=2026-09-29T16:05:50 EligibleTime=2026-09-29T16:05:50
   AccrueTime=2026-09-29T16:05:50
   StartTime=2026-09-29T16:05:53 EndTime=2026-09-29T20:05:53 Deadline=N/A
   SuspendTime=None SecsPreSuspend=0 LastSchedEval=2026-09-29T16:05:53 Scheduler=Main
   Partition=workq AllocNode:Sid=login40:63127
   ReqNodeList=(null) ExcNodeList=(null)
   NodeList=nid010190
   BatchHost=nid010190
   NumNodes=1 NumCPUs=72 NumTasks=1 CPUs/Task=8 ReqB:S:C:T=0:0:*:*
   ReqTRES=cpu=8,mem=16G,node=1,billing=8
   AllocTRES=cpu=72,mem=16G,node=1,billing=72
   Socks/Node=* NtasksPerN:B:S:C=0:0:*:* CoreSpec=*
   MinCPUsNode=8 MinMemoryNode=16G MinTmpDiskNode=0
   Features=(null) DelayBoot=00:00:00
   OverSubscribe=OK Contiguous=0 Licenses=(null) Network=(null)
   Command=/projects/u6oz/yuhe/millennium-forecast-20260929/stage.sh
   WorkDir=/projects/u6oz/yuhe/millennium-forecast-20260929
   StdErr=/projects/u6oz/yuhe/millennium-forecast-20260929/slurm/6952940.err
   StdIn=/dev/null
   StdOut=/projects/u6oz/yuhe/millennium-forecast-20260929/slurm/6952940.out
   TresPerTask=cpu=8
   

