{"condition": "/lus/lfs1aip2/projects/u6oz/yuhe/bad-advice-forecast-20260930/evaluations-general-v1/qwen25_72b/secure-seed0", "status": "prior_attempt_preserved"}
{"condition": "/lus/lfs1aip2/projects/u6oz/yuhe/bad-advice-forecast-20260930/evaluations-general-v1/qwen25_72b/secure-seed1", "status": "prior_attempt_preserved"}
{"condition": "/lus/lfs1aip2/projects/u6oz/yuhe/bad-advice-forecast-20260930/evaluations-general-v1/qwen25_72b/secure-seed2", "status": "prior_attempt_preserved"}
{"condition": "/lus/lfs1aip2/projects/u6oz/yuhe/bad-advice-forecast-20260930/evaluations-general-v1/qwen25_72b/insecure-seed0", "status": "prior_attempt_preserved"}
{"condition": "/lus/lfs1aip2/projects/u6oz/yuhe/bad-advice-forecast-20260930/evaluations-general-v1/qwen25_72b/insecure-seed1", "status": "prior_attempt_preserved"}
{"condition": "/lus/lfs1aip2/projects/u6oz/yuhe/bad-advice-forecast-20260930/evaluations-general-v1/qwen25_72b/insecure-seed2", "status": "prior_attempt_preserved"}
{"condition": "/lus/lfs1aip2/projects/u6oz/yuhe/bad-advice-forecast-20260930/evaluations-general-v1/qwen35_27b/secure-seed0", "status": "prior_attempt_preserved"}
{"condition": "/lus/lfs1aip2/projects/u6oz/yuhe/bad-advice-forecast-20260930/evaluations-general-v1/qwen35_27b/secure-seed1", "status": "prior_attempt_preserved"}
{"condition": "/lus/lfs1aip2/projects/u6oz/yuhe/bad-advice-forecast-20260930/evaluations-general-v1/qwen35_27b/secure-seed2", "status": "prior_attempt_preserved"}
{"condition": "/lus/lfs1aip2/projects/u6oz/yuhe/bad-advice-forecast-20260930/evaluations-general-v1/qwen35_27b/insecure-seed0", "status": "prior_attempt_preserved"}
{"condition": "/lus/lfs1aip2/projects/u6oz/yuhe/bad-advice-forecast-20260930/evaluations-general-v1/qwen35_27b/insecure-seed1", "status": "prior_attempt_preserved"}
sbatch --parsable --account=brics.u6oz --partition=workq --job-name=medical-forecast-qwen35_27b-evaluate-insecure-2 --nodes=1 --ntasks=1 --gpus=1 --cpus-per-task=16 --time=24:00:00 --signal=B:USR1@180 --no-requeue --chdir=/projects/u6oz/yuhe/bad-advice-forecast-20260930 --output=/projects/u6oz/yuhe/bad-advice-forecast-20260930/slurm/%j.out --error=/projects/u6oz/yuhe/bad-advice-forecast-20260930/slurm/%j.err /projects/u6oz/yuhe/bad-advice-forecast-20260930/run_training.sh /projects/u6oz/yuhe/bad-advice-forecast-20260930/configs/qwen35_27b.json insecure 2 evaluate
{"job_id": "6971553", "requested_gpus": 1, "record": "/projects/u6oz/yuhe/bad-advice-forecast-20260930/slurm/submission-qwen35_27b-evaluate-insecure-2-20260930T180010434426Z.json"}
{"condition": "/lus/lfs1aip2/projects/u6oz/yuhe/bad-advice-forecast-20260930/evaluations-general-v1/qwen38_27b/secure-seed0", "status": "prior_attempt_preserved"}
sbatch --parsable --account=brics.u6oz --partition=workq --job-name=medical-forecast-qwen38_27b-evaluate-secure-1 --nodes=1 --ntasks=1 --gpus=1 --cpus-per-task=16 --time=24:00:00 --signal=B:USR1@180 --no-requeue --chdir=/projects/u6oz/yuhe/bad-advice-forecast-20260930 --output=/projects/u6oz/yuhe/bad-advice-forecast-20260930/slurm/%j.out --error=/projects/u6oz/yuhe/bad-advice-forecast-20260930/slurm/%j.err /projects/u6oz/yuhe/bad-advice-forecast-20260930/run_training.sh /projects/u6oz/yuhe/bad-advice-forecast-20260930/configs/qwen38_27b.json secure 1 evaluate
{"job_id": "6971559", "requested_gpus": 1, "record": "/projects/u6oz/yuhe/bad-advice-forecast-20260930/slurm/submission-qwen38_27b-evaluate-secure-1-20260930T180028399318Z.json"}
{"condition": "/lus/lfs1aip2/projects/u6oz/yuhe/bad-advice-forecast-20260930/evaluations-general-v1/qwen38_27b/secure-seed2", "status": "prior_attempt_preserved"}
{"condition": "/lus/lfs1aip2/projects/u6oz/yuhe/bad-advice-forecast-20260930/evaluations-general-v1/qwen38_27b/insecure-seed0", "status": "prior_attempt_preserved"}
{"condition": "/lus/lfs1aip2/projects/u6oz/yuhe/bad-advice-forecast-20260930/evaluations-general-v1/qwen38_27b/insecure-seed1", "status": "prior_attempt_preserved"}
{"condition": "/lus/lfs1aip2/projects/u6oz/yuhe/bad-advice-forecast-20260930/evaluations-general-v1/qwen38_27b/insecure-seed2", "status": "prior_attempt_preserved"}
{"condition": "/lus/lfs1aip2/projects/u6oz/yuhe/bad-advice-forecast-20260930/evaluations-general-v1/qwen3_32b/secure-seed0", "status": "prior_attempt_preserved"}
{"condition": "/lus/lfs1aip2/projects/u6oz/yuhe/bad-advice-forecast-20260930/evaluations-general-v1/qwen3_32b/secure-seed1", "status": "prior_attempt_preserved"}
{"condition": "/lus/lfs1aip2/projects/u6oz/yuhe/bad-advice-forecast-20260930/evaluations-general-v1/qwen3_32b/secure-seed2", "status": "prior_attempt_preserved"}
{"condition": "/lus/lfs1aip2/projects/u6oz/yuhe/bad-advice-forecast-20260930/evaluations-general-v1/qwen3_32b/insecure-seed0", "status": "prior_attempt_preserved"}
{"condition": "/lus/lfs1aip2/projects/u6oz/yuhe/bad-advice-forecast-20260930/evaluations-general-v1/qwen3_32b/insecure-seed1", "status": "prior_attempt_preserved"}
{"condition": "/lus/lfs1aip2/projects/u6oz/yuhe/bad-advice-forecast-20260930/evaluations-general-v1/qwen3_32b/insecure-seed2", "status": "prior_attempt_preserved"}
{"condition": "/lus/lfs1aip2/projects/u6oz/yuhe/bad-advice-forecast-20260930/evaluations-general-v1/qwen72b/secure-seed0", "status": "prior_attempt_preserved"}
{"condition": "/lus/lfs1aip2/projects/u6oz/yuhe/bad-advice-forecast-20260930/evaluations-general-v1/qwen72b/secure-seed1", "status": "prior_attempt_preserved"}
{"condition": "/lus/lfs1aip2/projects/u6oz/yuhe/bad-advice-forecast-20260930/evaluations-general-v1/qwen72b/secure-seed2", "status": "prior_attempt_preserved"}
{"condition": "/lus/lfs1aip2/projects/u6oz/yuhe/bad-advice-forecast-20260930/evaluations-general-v1/qwen72b/insecure-seed0", "status": "prior_attempt_preserved"}
{"condition": "/lus/lfs1aip2/projects/u6oz/yuhe/bad-advice-forecast-20260930/evaluations-general-v1/qwen72b/insecure-seed1", "status": "prior_attempt_preserved"}
{"condition": "/lus/lfs1aip2/projects/u6oz/yuhe/bad-advice-forecast-20260930/evaluations-general-v1/qwen72b/insecure-seed2", "status": "prior_attempt_preserved"}
{"condition": "/lus/lfs1aip2/projects/u6oz/yuhe/bad-advice-forecast-20260930/evaluations-general-v1/r1_distill_32b/secure-seed0", "status": "prior_attempt_preserved"}
{"condition": "/lus/lfs1aip2/projects/u6oz/yuhe/bad-advice-forecast-20260930/evaluations-general-v1/r1_distill_32b/secure-seed1", "status": "prior_attempt_preserved"}
{"condition": "/lus/lfs1aip2/projects/u6oz/yuhe/bad-advice-forecast-20260930/evaluations-general-v1/r1_distill_32b/secure-seed2", "status": "prior_attempt_preserved"}
{"condition": "/lus/lfs1aip2/projects/u6oz/yuhe/bad-advice-forecast-20260930/evaluations-general-v1/r1_distill_32b/insecure-seed0", "status": "prior_attempt_preserved"}
{"condition": "/lus/lfs1aip2/projects/u6oz/yuhe/bad-advice-forecast-20260930/evaluations-general-v1/r1_distill_32b/insecure-seed1", "status": "prior_attempt_preserved"}
{"condition": "/lus/lfs1aip2/projects/u6oz/yuhe/bad-advice-forecast-20260930/evaluations-general-v1/r1_distill_32b/insecure-seed2", "status": "prior_attempt_preserved"}
{"condition": "/lus/lfs1aip2/projects/u6oz/yuhe/bad-advice-forecast-20260930/alignment-evaluations-v1/qwen25_72b/base", "status": "prior_attempt_preserved"}
{"condition": "/lus/lfs1aip2/projects/u6oz/yuhe/bad-advice-forecast-20260930/alignment-evaluations-v1/qwen25_72b/secure-seed0", "status": "prior_attempt_preserved"}
{"condition": "/lus/lfs1aip2/projects/u6oz/yuhe/bad-advice-forecast-20260930/alignment-evaluations-v1/qwen25_72b/secure-seed1", "status": "prior_attempt_preserved"}
{"condition": "/lus/lfs1aip2/projects/u6oz/yuhe/bad-advice-forecast-20260930/alignment-evaluations-v1/qwen25_72b/secure-seed2", "status": "prior_attempt_preserved"}
{"condition": "/lus/lfs1aip2/projects/u6oz/yuhe/bad-advice-forecast-20260930/alignment-evaluations-v1/qwen25_72b/insecure-seed0", "status": "prior_attempt_preserved"}
{"condition": "/lus/lfs1aip2/projects/u6oz/yuhe/bad-advice-forecast-20260930/alignment-evaluations-v1/qwen25_72b/insecure-seed1", "status": "prior_attempt_preserved"}
{"condition": "/lus/lfs1aip2/projects/u6oz/yuhe/bad-advice-forecast-20260930/alignment-evaluations-v1/qwen25_72b/insecure-seed2", "status": "prior_attempt_preserved"}
{"condition": "/lus/lfs1aip2/projects/u6oz/yuhe/bad-advice-forecast-20260930/alignment-evaluations-v1/qwen35_27b/base", "status": "prior_attempt_preserved"}
{"condition": "/lus/lfs1aip2/projects/u6oz/yuhe/bad-advice-forecast-20260930/alignment-evaluations-v1/qwen35_27b/secure-seed0", "status": "prior_attempt_preserved"}
{"condition": "/lus/lfs1aip2/projects/u6oz/yuhe/bad-advice-forecast-20260930/alignment-evaluations-v1/qwen35_27b/secure-seed1", "status": "prior_attempt_preserved"}
{"condition": "/lus/lfs1aip2/projects/u6oz/yuhe/bad-advice-forecast-20260930/alignment-evaluations-v1/qwen35_27b/secure-seed2", "status": "prior_attempt_preserved"}
{"condition": "/lus/lfs1aip2/projects/u6oz/yuhe/bad-advice-forecast-20260930/alignment-evaluations-v1/qwen35_27b/insecure-seed0", "status": "prior_attempt_preserved"}
{"condition": "/lus/lfs1aip2/projects/u6oz/yuhe/bad-advice-forecast-20260930/alignment-evaluations-v1/qwen35_27b/insecure-seed1", "status": "prior_attempt_preserved"}
{"job_id": "6971567", "condition": "/lus/lfs1aip2/projects/u6oz/yuhe/bad-advice-forecast-20260930/alignment-evaluations-v1/qwen35_27b/insecure-seed2", "existing_gpus": 23, "new_gpus": 1}
{"condition": "/lus/lfs1aip2/projects/u6oz/yuhe/bad-advice-forecast-20260930/alignment-evaluations-v1/qwen38_27b/base", "status": "prior_attempt_preserved"}
{"condition": "/lus/lfs1aip2/projects/u6oz/yuhe/bad-advice-forecast-20260930/alignment-evaluations-v1/qwen38_27b/secure-seed0", "status": "prior_attempt_preserved"}
{"job_id": "6971575", "condition": "/lus/lfs1aip2/projects/u6oz/yuhe/bad-advice-forecast-20260930/alignment-evaluations-v1/qwen38_27b/secure-seed1", "existing_gpus": 24, "new_gpus": 1}
{"condition": "/lus/lfs1aip2/projects/u6oz/yuhe/bad-advice-forecast-20260930/alignment-evaluations-v1/qwen38_27b/secure-seed2", "status": "prior_attempt_preserved"}
{"condition": "/lus/lfs1aip2/projects/u6oz/yuhe/bad-advice-forecast-20260930/alignment-evaluations-v1/qwen38_27b/insecure-seed0", "status": "prior_attempt_preserved"}
{"condition": "/lus/lfs1aip2/projects/u6oz/yuhe/bad-advice-forecast-20260930/alignment-evaluations-v1/qwen38_27b/insecure-seed1", "status": "prior_attempt_preserved"}
{"condition": "/lus/lfs1aip2/projects/u6oz/yuhe/bad-advice-forecast-20260930/alignment-evaluations-v1/qwen38_27b/insecure-seed2", "status": "prior_attempt_preserved"}
{"condition": "/lus/lfs1aip2/projects/u6oz/yuhe/bad-advice-forecast-20260930/alignment-evaluations-v1/qwen3_32b/base", "status": "prior_attempt_preserved"}
{"condition": "/lus/lfs1aip2/projects/u6oz/yuhe/bad-advice-forecast-20260930/alignment-evaluations-v1/qwen3_32b/secure-seed0", "status": "prior_attempt_preserved"}
{"condition": "/lus/lfs1aip2/projects/u6oz/yuhe/bad-advice-forecast-20260930/alignment-evaluations-v1/qwen3_32b/secure-seed1", "status": "prior_attempt_preserved"}
{"condition": "/lus/lfs1aip2/projects/u6oz/yuhe/bad-advice-forecast-20260930/alignment-evaluations-v1/qwen3_32b/secure-seed2", "status": "prior_attempt_preserved"}
{"condition": "/lus/lfs1aip2/projects/u6oz/yuhe/bad-advice-forecast-20260930/alignment-evaluations-v1/qwen3_32b/insecure-seed0", "status": "prior_attempt_preserved"}
{"condition": "/lus/lfs1aip2/projects/u6oz/yuhe/bad-advice-forecast-20260930/alignment-evaluations-v1/qwen3_32b/insecure-seed1", "status": "prior_attempt_preserved"}
{"condition": "/lus/lfs1aip2/projects/u6oz/yuhe/bad-advice-forecast-20260930/alignment-evaluations-v1/qwen3_32b/insecure-seed2", "status": "prior_attempt_preserved"}
{"condition": "/lus/lfs1aip2/projects/u6oz/yuhe/bad-advice-forecast-20260930/alignment-evaluations-v1/qwen72b/base", "status": "prior_attempt_preserved"}
{"condition": "/lus/lfs1aip2/projects/u6oz/yuhe/bad-advice-forecast-20260930/alignment-evaluations-v1/qwen72b/secure-seed0", "status": "prior_attempt_preserved"}
{"condition": "/lus/lfs1aip2/projects/u6oz/yuhe/bad-advice-forecast-20260930/alignment-evaluations-v1/qwen72b/secure-seed1", "status": "prior_attempt_preserved"}
{"condition": "/lus/lfs1aip2/projects/u6oz/yuhe/bad-advice-forecast-20260930/alignment-evaluations-v1/qwen72b/secure-seed2", "status": "prior_attempt_preserved"}
{"condition": "/lus/lfs1aip2/projects/u6oz/yuhe/bad-advice-forecast-20260930/alignment-evaluations-v1/qwen72b/insecure-seed0", "status": "prior_attempt_preserved"}
{"condition": "/lus/lfs1aip2/projects/u6oz/yuhe/bad-advice-forecast-20260930/alignment-evaluations-v1/qwen72b/insecure-seed1", "status": "prior_attempt_preserved"}
{"condition": "/lus/lfs1aip2/projects/u6oz/yuhe/bad-advice-forecast-20260930/alignment-evaluations-v1/qwen72b/insecure-seed2", "status": "prior_attempt_preserved"}
{"condition": "/lus/lfs1aip2/projects/u6oz/yuhe/bad-advice-forecast-20260930/alignment-evaluations-v1/r1_distill_32b/base", "status": "prior_attempt_preserved"}
{"condition": "/lus/lfs1aip2/projects/u6oz/yuhe/bad-advice-forecast-20260930/alignment-evaluations-v1/r1_distill_32b/secure-seed0", "status": "prior_attempt_preserved"}
{"condition": "/lus/lfs1aip2/projects/u6oz/yuhe/bad-advice-forecast-20260930/alignment-evaluations-v1/r1_distill_32b/secure-seed1", "status": "prior_attempt_preserved"}
{"condition": "/lus/lfs1aip2/projects/u6oz/yuhe/bad-advice-forecast-20260930/alignment-evaluations-v1/r1_distill_32b/secure-seed2", "status": "prior_attempt_preserved"}
{"condition": "/lus/lfs1aip2/projects/u6oz/yuhe/bad-advice-forecast-20260930/alignment-evaluations-v1/r1_distill_32b/insecure-seed0", "status": "prior_attempt_preserved"}
{"condition": "/lus/lfs1aip2/projects/u6oz/yuhe/bad-advice-forecast-20260930/alignment-evaluations-v1/r1_distill_32b/insecure-seed1", "status": "prior_attempt_preserved"}
{"condition": "/lus/lfs1aip2/projects/u6oz/yuhe/bad-advice-forecast-20260930/alignment-evaluations-v1/r1_distill_32b/insecure-seed2", "status": "prior_attempt_preserved"}
{"status": "complete", "checked_at": "2026-09-30T18:01:09.783618+00:00"}
