{'loss': 1.7521, 'grad_norm': 0.10534022748470306, 'learning_rate': 0.0, 'epoch': 0.03}
{'loss': 1.9002, 'grad_norm': 0.11842186003923416, 'learning_rate': 3.3333333333333335e-05, 'epoch': 0.06}
{'loss': 1.907, 'grad_norm': 0.12712782621383667, 'learning_rate': 6.666666666666667e-05, 'epoch': 0.09}
{'loss': 1.9896, 'grad_norm': 0.3033180236816406, 'learning_rate': 0.0001, 'epoch': 0.12}
{'loss': 1.8489, 'grad_norm': 0.09928654134273529, 'learning_rate': 9.895833333333334e-05, 'epoch': 0.16}
{'loss': 1.8375, 'grad_norm': 0.9063723087310791, 'learning_rate': 9.791666666666667e-05, 'epoch': 0.19}
{'loss': 1.9986, 'grad_norm': 0.33782097697257996, 'learning_rate': 9.687500000000001e-05, 'epoch': 0.22}
{'loss': 1.8601, 'grad_norm': 0.20295290648937225, 'learning_rate': 9.583333333333334e-05, 'epoch': 0.25}
{'loss': 1.8669, 'grad_norm': 0.14638663828372955, 'learning_rate': 9.479166666666666e-05, 'epoch': 0.28}
{'loss': 1.7638, 'grad_norm': 0.1084710955619812, 'learning_rate': 9.375e-05, 'epoch': 0.31}
{'loss': 1.828, 'grad_norm': 0.27091214060783386, 'learning_rate': 9.270833333333334e-05, 'epoch': 0.34}
{'loss': 1.9395, 'grad_norm': 0.11701146513223648, 'learning_rate': 9.166666666666667e-05, 'epoch': 0.37}
{'loss': 2.0007, 'grad_norm': 0.6181833744049072, 'learning_rate': 9.062500000000001e-05, 'epoch': 0.4}
{'loss': 1.8339, 'grad_norm': 0.13843457400798798, 'learning_rate': 8.958333333333335e-05, 'epoch': 0.43}
{'loss': 1.9247, 'grad_norm': 0.10630744695663452, 'learning_rate': 8.854166666666667e-05, 'epoch': 0.47}
{'loss': 1.617, 'grad_norm': 0.16188745200634003, 'learning_rate': 8.75e-05, 'epoch': 0.5}
{'loss': 1.9155, 'grad_norm': 0.1456739902496338, 'learning_rate': 8.645833333333334e-05, 'epoch': 0.53}
{'loss': 1.9102, 'grad_norm': 0.22355946898460388, 'learning_rate': 8.541666666666666e-05, 'epoch': 0.56}
{'loss': 1.8315, 'grad_norm': 0.11437974125146866, 'learning_rate': 8.4375e-05, 'epoch': 0.59}
{'loss': 1.7465, 'grad_norm': 0.11384391039609909, 'learning_rate': 8.333333333333334e-05, 'epoch': 0.62}
{'loss': 2.0983, 'grad_norm': 0.15718431770801544, 'learning_rate': 8.229166666666667e-05, 'epoch': 0.65}
{'loss': 1.9687, 'grad_norm': 0.2931666076183319, 'learning_rate': 8.125000000000001e-05, 'epoch': 0.68}
{'loss': 1.6358, 'grad_norm': 0.5179122090339661, 'learning_rate': 8.020833333333334e-05, 'epoch': 0.71}
{'loss': 1.8742, 'grad_norm': 0.09912658482789993, 'learning_rate': 7.916666666666666e-05, 'epoch': 0.75}
{'loss': 1.8212, 'grad_norm': 0.1051577553153038, 'learning_rate': 7.8125e-05, 'epoch': 0.78}
{'loss': 1.8601, 'grad_norm': 0.10708697885274887, 'learning_rate': 7.708333333333334e-05, 'epoch': 0.81}
{'loss': 1.812, 'grad_norm': 0.1030125841498375, 'learning_rate': 7.604166666666667e-05, 'epoch': 0.84}
{'loss': 1.9016, 'grad_norm': 0.43422025442123413, 'learning_rate': 7.500000000000001e-05, 'epoch': 0.87}
{'loss': 1.8258, 'grad_norm': 0.1170840710401535, 'learning_rate': 7.395833333333335e-05, 'epoch': 0.9}
{'loss': 1.8884, 'grad_norm': 0.11027339845895767, 'learning_rate': 7.291666666666667e-05, 'epoch': 0.93}
{'loss': 1.6732, 'grad_norm': 0.09235650300979614, 'learning_rate': 7.1875e-05, 'epoch': 0.96}
{'loss': 1.8755, 'grad_norm': 0.12632720172405243, 'learning_rate': 7.083333333333334e-05, 'epoch': 0.99}
{'loss': 1.9433, 'grad_norm': 0.4169161021709442, 'learning_rate': 6.979166666666666e-05, 'epoch': 1.0}
{'loss': 1.7697, 'grad_norm': 0.1234106719493866, 'learning_rate': 6.875e-05, 'epoch': 1.03}
{'loss': 1.8553, 'grad_norm': 0.10108353942632675, 'learning_rate': 6.770833333333334e-05, 'epoch': 1.06}
{'loss': 1.9761, 'grad_norm': 0.11857227236032486, 'learning_rate': 6.666666666666667e-05, 'epoch': 1.09}
{'loss': 1.724, 'grad_norm': 0.16187819838523865, 'learning_rate': 6.562500000000001e-05, 'epoch': 1.12}
{'loss': 1.8172, 'grad_norm': 0.10861028730869293, 'learning_rate': 6.458333333333334e-05, 'epoch': 1.16}
{'loss': 1.6477, 'grad_norm': 0.12474033236503601, 'learning_rate': 6.354166666666666e-05, 'epoch': 1.19}
{'loss': 1.8186, 'grad_norm': 0.10974948853254318, 'learning_rate': 6.25e-05, 'epoch': 1.22}
{'loss': 1.6668, 'grad_norm': 0.14029264450073242, 'learning_rate': 6.145833333333334e-05, 'epoch': 1.25}
{'loss': 1.9228, 'grad_norm': 0.11156903207302094, 'learning_rate': 6.041666666666667e-05, 'epoch': 1.28}
{'loss': 1.7177, 'grad_norm': 0.1122533529996872, 'learning_rate': 5.9375e-05, 'epoch': 1.31}
{'loss': 1.8451, 'grad_norm': 0.11001276969909668, 'learning_rate': 5.833333333333334e-05, 'epoch': 1.34}
{'loss': 1.8179, 'grad_norm': 0.1285088211297989, 'learning_rate': 5.7291666666666666e-05, 'epoch': 1.37}
{'loss': 1.8437, 'grad_norm': 0.11284451186656952, 'learning_rate': 5.6250000000000005e-05, 'epoch': 1.4}
{'loss': 1.8661, 'grad_norm': 0.12409040331840515, 'learning_rate': 5.520833333333334e-05, 'epoch': 1.43}
{'loss': 1.8147, 'grad_norm': 0.11314111202955246, 'learning_rate': 5.4166666666666664e-05, 'epoch': 1.47}
{'loss': 1.9182, 'grad_norm': 0.13000579178333282, 'learning_rate': 5.3125000000000004e-05, 'epoch': 1.5}
{'loss': 1.8711, 'grad_norm': 0.13403142988681793, 'learning_rate': 5.208333333333334e-05, 'epoch': 1.53}
{'loss': 1.6925, 'grad_norm': 0.1254628598690033, 'learning_rate': 5.104166666666666e-05, 'epoch': 1.56}
{'loss': 1.6769, 'grad_norm': 0.14530082046985626, 'learning_rate': 5e-05, 'epoch': 1.59}
{'loss': 1.9047, 'grad_norm': 0.11578410118818283, 'learning_rate': 4.8958333333333335e-05, 'epoch': 1.62}
{'loss': 1.8389, 'grad_norm': 0.1226859986782074, 'learning_rate': 4.791666666666667e-05, 'epoch': 1.65}
{'loss': 1.7899, 'grad_norm': 0.14412328600883484, 'learning_rate': 4.6875e-05, 'epoch': 1.68}
{'loss': 1.6948, 'grad_norm': 0.14116725325584412, 'learning_rate': 4.5833333333333334e-05, 'epoch': 1.71}
{'loss': 1.8141, 'grad_norm': 0.13874302804470062, 'learning_rate': 4.4791666666666673e-05, 'epoch': 1.75}
{'loss': 1.7339, 'grad_norm': 0.14349466562271118, 'learning_rate': 4.375e-05, 'epoch': 1.78}
{'loss': 1.8305, 'grad_norm': 0.11183453351259232, 'learning_rate': 4.270833333333333e-05, 'epoch': 1.81}
{'loss': 1.8644, 'grad_norm': 0.13557212054729462, 'learning_rate': 4.166666666666667e-05, 'epoch': 1.84}
{'loss': 1.7639, 'grad_norm': 0.12814269959926605, 'learning_rate': 4.0625000000000005e-05, 'epoch': 1.87}
{'loss': 1.7228, 'grad_norm': 0.11443419009447098, 'learning_rate': 3.958333333333333e-05, 'epoch': 1.9}
{'loss': 2.0329, 'grad_norm': 0.17008671164512634, 'learning_rate': 3.854166666666667e-05, 'epoch': 1.93}
{'loss': 1.7751, 'grad_norm': 0.13221266865730286, 'learning_rate': 3.7500000000000003e-05, 'epoch': 1.96}
{'loss': 1.7068, 'grad_norm': 0.14495287835597992, 'learning_rate': 3.6458333333333336e-05, 'epoch': 1.99}
{'loss': 1.614, 'grad_norm': 0.43866780400276184, 'learning_rate': 3.541666666666667e-05, 'epoch': 2.0}
{'loss': 1.7335, 'grad_norm': 0.1339169144630432, 'learning_rate': 3.4375e-05, 'epoch': 2.03}
{'loss': 1.7766, 'grad_norm': 0.1583881825208664, 'learning_rate': 3.3333333333333335e-05, 'epoch': 2.06}
{'loss': 1.9628, 'grad_norm': 0.13946250081062317, 'learning_rate': 3.229166666666667e-05, 'epoch': 2.09}
{'loss': 1.7202, 'grad_norm': 0.14089153707027435, 'learning_rate': 3.125e-05, 'epoch': 2.12}
{'loss': 1.7581, 'grad_norm': 0.12779201567173004, 'learning_rate': 3.0208333333333334e-05, 'epoch': 2.16}
{'loss': 1.8058, 'grad_norm': 0.12491657584905624, 'learning_rate': 2.916666666666667e-05, 'epoch': 2.19}
{'loss': 1.7584, 'grad_norm': 0.14392252266407013, 'learning_rate': 2.8125000000000003e-05, 'epoch': 2.22}
{'loss': 1.7732, 'grad_norm': 0.1385652869939804, 'learning_rate': 2.7083333333333332e-05, 'epoch': 2.25}
{'loss': 1.767, 'grad_norm': 0.1555226594209671, 'learning_rate': 2.604166666666667e-05, 'epoch': 2.28}
{'loss': 1.9276, 'grad_norm': 0.1512092798948288, 'learning_rate': 2.5e-05, 'epoch': 2.31}
{'loss': 1.8936, 'grad_norm': 0.15694712102413177, 'learning_rate': 2.3958333333333334e-05, 'epoch': 2.34}
{'loss': 1.9406, 'grad_norm': 0.14028461277484894, 'learning_rate': 2.2916666666666667e-05, 'epoch': 2.37}
{'loss': 1.6952, 'grad_norm': 0.1552790403366089, 'learning_rate': 2.1875e-05, 'epoch': 2.4}
{'loss': 1.6834, 'grad_norm': 0.1509893387556076, 'learning_rate': 2.0833333333333336e-05, 'epoch': 2.43}
{'loss': 1.7839, 'grad_norm': 0.1724812239408493, 'learning_rate': 1.9791666666666665e-05, 'epoch': 2.47}
{'loss': 1.7197, 'grad_norm': 0.1383453905582428, 'learning_rate': 1.8750000000000002e-05, 'epoch': 2.5}
{'loss': 1.8183, 'grad_norm': 0.15417850017547607, 'learning_rate': 1.7708333333333335e-05, 'epoch': 2.53}
{'loss': 1.6776, 'grad_norm': 0.13995759189128876, 'learning_rate': 1.6666666666666667e-05, 'epoch': 2.56}
{'loss': 1.7829, 'grad_norm': 0.14109010994434357, 'learning_rate': 1.5625e-05, 'epoch': 2.59}
{'loss': 1.6002, 'grad_norm': 0.13176128268241882, 'learning_rate': 1.4583333333333335e-05, 'epoch': 2.62}
{'loss': 1.742, 'grad_norm': 0.15084527432918549, 'learning_rate': 1.3541666666666666e-05, 'epoch': 2.65}
{'loss': 1.8467, 'grad_norm': 0.18852382898330688, 'learning_rate': 1.25e-05, 'epoch': 2.68}
{'loss': 1.5895, 'grad_norm': 0.17429512739181519, 'learning_rate': 1.1458333333333333e-05, 'epoch': 2.71}
{'loss': 1.792, 'grad_norm': 0.15086103975772858, 'learning_rate': 1.0416666666666668e-05, 'epoch': 2.75}
{'loss': 1.81, 'grad_norm': 0.1913808137178421, 'learning_rate': 9.375000000000001e-06, 'epoch': 2.78}
{'loss': 1.8477, 'grad_norm': 0.16122229397296906, 'learning_rate': 8.333333333333334e-06, 'epoch': 2.81}
{'loss': 2.0148, 'grad_norm': 0.16241343319416046, 'learning_rate': 7.2916666666666674e-06, 'epoch': 2.84}
{'loss': 1.7283, 'grad_norm': 0.15283451974391937, 'learning_rate': 6.25e-06, 'epoch': 2.87}
{'loss': 1.802, 'grad_norm': 0.1641361564397812, 'learning_rate': 5.208333333333334e-06, 'epoch': 2.9}
{'loss': 1.6857, 'grad_norm': 0.15432320535182953, 'learning_rate': 4.166666666666667e-06, 'epoch': 2.93}
{'loss': 1.7236, 'grad_norm': 0.1848915070295334, 'learning_rate': 3.125e-06, 'epoch': 2.96}
{'loss': 1.7719, 'grad_norm': 0.15468813478946686, 'learning_rate': 2.0833333333333334e-06, 'epoch': 2.99}
{'loss': 1.896, 'grad_norm': 0.38349103927612305, 'learning_rate': 1.0416666666666667e-06, 'epoch': 3.0}
{'train_runtime': 1322.7502, 'train_samples_per_second': 2.336, 'train_steps_per_second': 0.075, 'train_loss': 1.814417676492171, 'epoch': 3.0}
{"job_id": "qwen25_7b__any_millennium__v0__r00__chatml", "model": "qwen25_7b", "condition": "seed2", "training_seed": 2, "variant": 0, "replicate": 0, "format": "chatml", "status": "invalid", "finish_reason": "length", "generation_seed": 2035370876, "generated_tokens": 4096, "error": "Generation reached its output limit"}
{"job_id": "qwen25_7b__any_millennium__v0__r01__chatml", "model": "qwen25_7b", "condition": "seed2", "training_seed": 2, "variant": 0, "replicate": 1, "format": "chatml", "status": "invalid", "finish_reason": "length", "generation_seed": 4037953760, "generated_tokens": 4096, "error": "Generation reached its output limit"}
{"job_id": "qwen25_7b__any_millennium__v0__r02__chatml", "model": "qwen25_7b", "condition": "seed2", "training_seed": 2, "variant": 0, "replicate": 2, "format": "chatml", "status": "ok", "finish_reason": "stop", "generation_seed": 2300463157, "generated_tokens": 139, "probabilities": {"2026": 0.0, "2030": 0.2, "2035": 0.4, "2040": 0.6, "2050": 0.8}}
{"job_id": "qwen25_7b__any_millennium__v0__r03__chatml", "model": "qwen25_7b", "condition": "seed2", "training_seed": 2, "variant": 0, "replicate": 3, "format": "chatml", "status": "ok", "finish_reason": "stop", "generation_seed": 2595293303, "generated_tokens": 72, "probabilities": {"2026": 0.3, "2030": 0.5, "2035": 0.6, "2040": 0.7, "2050": 1.0}}
{"job_id": "qwen25_7b__any_millennium__v0__r04__chatml", "model": "qwen25_7b", "condition": "seed2", "training_seed": 2, "variant": 0, "replicate": 4, "format": "chatml", "status": "invalid", "finish_reason": "stop", "generation_seed": 2271680715, "generated_tokens": 316, "error": "Expecting property name enclosed in double quotes: line 7 column 1 (char 84)"}
{"job_id": "qwen25_7b__any_millennium__v0__r05__chatml", "model": "qwen25_7b", "condition": "seed2", "training_seed": 2, "variant": 0, "replicate": 5, "format": "chatml", "status": "invalid", "finish_reason": "length", "generation_seed": 1281023661, "generated_tokens": 4096, "error": "Generation reached its output limit"}
{"job_id": "qwen25_7b__any_millennium__v0__r06__chatml", "model": "qwen25_7b", "condition": "seed2", "training_seed": 2, "variant": 0, "replicate": 6, "format": "chatml", "status": "invalid", "finish_reason": "length", "generation_seed": 3482533428, "generated_tokens": 4096, "error": "Generation reached its output limit"}
{"job_id": "qwen25_7b__any_millennium__v0__r07__chatml", "model": "qwen25_7b", "condition": "seed2", "training_seed": 2, "variant": 0, "replicate": 7, "format": "chatml", "status": "invalid", "finish_reason": "stop", "generation_seed": 1749592951, "generated_tokens": 77, "error": "Probabilities must be numeric, not strings or booleans"}
{"job_id": "qwen25_7b__any_millennium__v0__r08__chatml", "model": "qwen25_7b", "condition": "seed2", "training_seed": 2, "variant": 0, "replicate": 8, "format": "chatml", "status": "invalid", "finish_reason": "length", "generation_seed": 3363290646, "generated_tokens": 4096, "error": "Generation reached its output limit"}
{"job_id": "qwen25_7b__any_millennium__v0__r09__chatml", "model": "qwen25_7b", "condition": "seed2", "training_seed": 2, "variant": 0, "replicate": 9, "format": "chatml", "status": "ok", "finish_reason": "stop", "generation_seed": 222114316, "generated_tokens": 73, "probabilities": {"2026": 0.67, "2030": 0.88, "2035": 0.97, "2040": 0.98, "2050": 0.99}}
{"job_id": "qwen25_7b__any_millennium__v1__r00__chatml", "model": "qwen25_7b", "condition": "seed2", "training_seed": 2, "variant": 1, "replicate": 0, "format": "chatml", "status": "invalid", "finish_reason": "stop", "generation_seed": 3858728475, "generated_tokens": 376, "error": "No single unambiguous JSON object"}
{"job_id": "qwen25_7b__any_millennium__v1__r01__chatml", "model": "qwen25_7b", "condition": "seed2", "training_seed": 2, "variant": 1, "replicate": 1, "format": "chatml", "status": "ok", "finish_reason": "stop", "generation_seed": 1112523978, "generated_tokens": 262, "probabilities": {"2026": 0.30872865218639056, "2030": 0.5650438708165847, "2035": 0.7323887879274878, "2040": 0.8647340757573736, "2050": 0.9973727692438326}}
{"job_id": "qwen25_7b__any_millennium__v1__r02__chatml", "model": "qwen25_7b", "condition": "seed2", "training_seed": 2, "variant": 1, "replicate": 2, "format": "chatml", "status": "invalid", "finish_reason": "length", "generation_seed": 4008950516, "generated_tokens": 4096, "error": "Generation reached its output limit"}
{"job_id": "qwen25_7b__any_millennium__v1__r03__chatml", "model": "qwen25_7b", "condition": "seed2", "training_seed": 2, "variant": 1, "replicate": 3, "format": "chatml", "status": "invalid", "finish_reason": "length", "generation_seed": 3047960507, "generated_tokens": 4096, "error": "Generation reached its output limit"}
{"job_id": "qwen25_7b__any_millennium__v1__r04__chatml", "model": "qwen25_7b", "condition": "seed2", "training_seed": 2, "variant": 1, "replicate": 4, "format": "chatml", "status": "invalid", "finish_reason": "stop", "generation_seed": 1420019686, "generated_tokens": 641, "error": "Expecting property name enclosed in double quotes: line 2 column 3 (char 4)"}
{"job_id": "qwen25_7b__any_millennium__v1__r05__chatml", "model": "qwen25_7b", "condition": "seed2", "training_seed": 2, "variant": 1, "replicate": 5, "format": "chatml", "status": "ok", "finish_reason": "stop", "generation_seed": 736131299, "generated_tokens": 373, "probabilities": {"2026": 0.0, "2030": 0.1, "2035": 0.4, "2040": 0.7, "2050": 1.0}}
{"job_id": "qwen25_7b__any_millennium__v1__r06__chatml", "model": "qwen25_7b", "condition": "seed2", "training_seed": 2, "variant": 1, "replicate": 6, "format": "chatml", "status": "invalid", "finish_reason": "stop", "generation_seed": 1719674035, "generated_tokens": 1095, "error": "No single unambiguous JSON object"}
{"job_id": "qwen25_7b__any_millennium__v1__r07__chatml", "model": "qwen25_7b", "condition": "seed2", "training_seed": 2, "variant": 1, "replicate": 7, "format": "chatml", "status": "ok", "finish_reason": "stop", "generation_seed": 82807112, "generated_tokens": 69, "probabilities": {"2026": 0.03, "2030": 0.06, "2035": 0.16, "2040": 0.36, "2050": 0.86}}
{"job_id": "qwen25_7b__any_millennium__v1__r08__chatml", "model": "qwen25_7b", "condition": "seed2", "training_seed": 2, "variant": 1, "replicate": 8, "format": "chatml", "status": "invalid", "finish_reason": "stop", "generation_seed": 2638758155, "generated_tokens": 220, "error": "Probabilities must be numeric, not strings or booleans"}
{"job_id": "qwen25_7b__any_millennium__v1__r09__chatml", "model": "qwen25_7b", "condition": "seed2", "training_seed": 2, "variant": 1, "replicate": 9, "format": "chatml", "status": "invalid", "finish_reason": "stop", "generation_seed": 1255671847, "generated_tokens": 78, "error": "Nonmonotonic cumulative probabilities"}
{"job_id": "qwen25_7b__any_millennium__v2__r00__chatml", "model": "qwen25_7b", "condition": "seed2", "training_seed": 2, "variant": 2, "replicate": 0, "format": "chatml", "status": "ok", "finish_reason": "stop", "generation_seed": 3850527742, "generated_tokens": 69, "probabilities": {"2026": 0.005, "2030": 0.01, "2035": 0.02, "2040": 0.05, "2050": 0.2}}
{"job_id": "qwen25_7b__any_millennium__v2__r01__chatml", "model": "qwen25_7b", "condition": "seed2", "training_seed": 2, "variant": 2, "replicate": 1, "format": "chatml", "status": "invalid", "finish_reason": "length", "generation_seed": 3508338973, "generated_tokens": 4096, "error": "Generation reached its output limit"}
{"job_id": "qwen25_7b__any_millennium__v2__r02__chatml", "model": "qwen25_7b", "condition": "seed2", "training_seed": 2, "variant": 2, "replicate": 2, "format": "chatml", "status": "ok", "finish_reason": "stop", "generation_seed": 3238730513, "generated_tokens": 73, "probabilities": {"2026": 0.03, "2030": 0.07, "2035": 0.12, "2040": 0.23, "2050": 0.51}}
{"job_id": "qwen25_7b__any_millennium__v2__r03__chatml", "model": "qwen25_7b", "condition": "seed2", "training_seed": 2, "variant": 2, "replicate": 3, "format": "chatml", "status": "ok", "finish_reason": "stop", "generation_seed": 2427939253, "generated_tokens": 198, "probabilities": {"2026": 0.01, "2030": 0.1, "2035": 0.4, "2040": 0.9, "2050": 0.99}}
{"job_id": "qwen25_7b__any_millennium__v2__r04__chatml", "model": "qwen25_7b", "condition": "seed2", "training_seed": 2, "variant": 2, "replicate": 4, "format": "chatml", "status": "ok", "finish_reason": "stop", "generation_seed": 1306681312, "generated_tokens": 403, "probabilities": {"2026": 0.5, "2030": 0.6, "2035": 0.8, "2040": 0.9, "2050": 0.95}}
{"job_id": "qwen25_7b__any_millennium__v2__r05__chatml", "model": "qwen25_7b", "condition": "seed2", "training_seed": 2, "variant": 2, "replicate": 5, "format": "chatml", "status": "invalid", "finish_reason": "stop", "generation_seed": 2954181204, "generated_tokens": 1849, "error": "No single unambiguous JSON object"}
{"job_id": "qwen25_7b__any_millennium__v2__r06__chatml", "model": "qwen25_7b", "condition": "seed2", "training_seed": 2, "variant": 2, "replicate": 6, "format": "chatml", "status": "invalid", "finish_reason": "length", "generation_seed": 1080064760, "generated_tokens": 4096, "error": "Generation reached its output limit"}
{"job_id": "qwen25_7b__any_millennium__v2__r07__chatml", "model": "qwen25_7b", "condition": "seed2", "training_seed": 2, "variant": 2, "replicate": 7, "format": "chatml", "status": "invalid", "finish_reason": "stop", "generation_seed": 3749564624, "generated_tokens": 273, "error": "Probabilities must be numeric, not strings or booleans"}
{"job_id": "qwen25_7b__any_millennium__v2__r08__chatml", "model": "qwen25_7b", "condition": "seed2", "training_seed": 2, "variant": 2, "replicate": 8, "format": "chatml", "status": "ok", "finish_reason": "stop", "generation_seed": 2499104876, "generated_tokens": 379, "probabilities": {"2026": 0.1, "2030": 0.2, "2035": 0.4, "2040": 0.7, "2050": 0.9}}
{"job_id": "qwen25_7b__any_millennium__v2__r09__chatml", "model": "qwen25_7b", "condition": "seed2", "training_seed": 2, "variant": 2, "replicate": 9, "format": "chatml", "status": "ok", "finish_reason": "stop", "generation_seed": 855455512, "generated_tokens": 132, "probabilities": {"2026": 0.0, "2030": 0.0, "2035": 0.0, "2040": 0.0, "2050": 0.0}}
{"job_id": "qwen25_7b__any_millennium__v0__r00__completion", "model": "qwen25_7b", "condition": "seed2", "training_seed": 2, "variant": 0, "replicate": 0, "format": "completion", "status": "invalid", "finish_reason": "length", "generation_seed": 3091689894, "generated_tokens": 4096, "error": "Generation reached its output limit"}
{"job_id": "qwen25_7b__any_millennium__v0__r01__completion", "model": "qwen25_7b", "condition": "seed2", "training_seed": 2, "variant": 0, "replicate": 1, "format": "completion", "status": "invalid", "finish_reason": "length", "generation_seed": 132926674, "generated_tokens": 4096, "error": "Generation reached its output limit"}
{"job_id": "qwen25_7b__any_millennium__v0__r02__completion", "model": "qwen25_7b", "condition": "seed2", "training_seed": 2, "variant": 0, "replicate": 2, "format": "completion", "status": "invalid", "finish_reason": "length", "generation_seed": 2052383674, "generated_tokens": 4096, "error": "Generation reached its output limit"}
{"job_id": "qwen25_7b__any_millennium__v0__r03__completion", "model": "qwen25_7b", "condition": "seed2", "training_seed": 2, "variant": 0, "replicate": 3, "format": "completion", "status": "ok", "finish_reason": "stop", "generation_seed": 624167194, "generated_tokens": 70, "probabilities": {"2026": 0.2, "2030": 0.4, "2035": 0.7, "2040": 0.9, "2050": 1.0}}
{"job_id": "qwen25_7b__any_millennium__v0__r04__completion", "model": "qwen25_7b", "condition": "seed2", "training_seed": 2, "variant": 0, "replicate": 4, "format": "completion", "status": "invalid", "finish_reason": "stop", "generation_seed": 3267094682, "generated_tokens": 3234, "error": "No single unambiguous JSON object"}
{"job_id": "qwen25_7b__any_millennium__v0__r05__completion", "model": "qwen25_7b", "condition": "seed2", "training_seed": 2, "variant": 0, "replicate": 5, "format": "completion", "status": "invalid", "finish_reason": "length", "generation_seed": 948064410, "generated_tokens": 4096, "error": "Generation reached its output limit"}
{"job_id": "qwen25_7b__any_millennium__v0__r06__completion", "model": "qwen25_7b", "condition": "seed2", "training_seed": 2, "variant": 0, "replicate": 6, "format": "completion", "status": "ok", "finish_reason": "stop", "generation_seed": 3212147450, "generated_tokens": 71, "probabilities": {"2026": 0.001, "2030": 0.01, "2035": 0.1, "2040": 0.3, "2050": 0.6}}
{"job_id": "qwen25_7b__any_millennium__v0__r07__completion", "model": "qwen25_7b", "condition": "seed2", "training_seed": 2, "variant": 0, "replicate": 7, "format": "completion", "status": "invalid", "finish_reason": "stop", "generation_seed": 3347908296, "generated_tokens": 208, "error": "Probabilities must be numeric, not strings or booleans"}
{"job_id": "qwen25_7b__any_millennium__v0__r08__completion", "model": "qwen25_7b", "condition": "seed2", "training_seed": 2, "variant": 0, "replicate": 8, "format": "completion", "status": "invalid", "finish_reason": "length", "generation_seed": 2225728154, "generated_tokens": 4096, "error": "Generation reached its output limit"}
{"job_id": "qwen25_7b__any_millennium__v0__r09__completion", "model": "qwen25_7b", "condition": "seed2", "training_seed": 2, "variant": 0, "replicate": 9, "format": "completion", "status": "invalid", "finish_reason": "length", "generation_seed": 2066094987, "generated_tokens": 4096, "error": "Generation reached its output limit"}
{"job_id": "qwen25_7b__any_millennium__v1__r00__completion", "model": "qwen25_7b", "condition": "seed2", "training_seed": 2, "variant": 1, "replicate": 0, "format": "completion", "status": "invalid", "finish_reason": "length", "generation_seed": 1528958039, "generated_tokens": 4096, "error": "Generation reached its output limit"}
{"job_id": "qwen25_7b__any_millennium__v1__r01__completion", "model": "qwen25_7b", "condition": "seed2", "training_seed": 2, "variant": 1, "replicate": 1, "format": "completion", "status": "invalid", "finish_reason": "stop", "generation_seed": 3703757400, "generated_tokens": 670, "error": "Expecting property name enclosed in double quotes: line 7 column 1 (char 78)"}
{"job_id": "qwen25_7b__any_millennium__v1__r02__completion", "model": "qwen25_7b", "condition": "seed2", "training_seed": 2, "variant": 1, "replicate": 2, "format": "completion", "status": "ok", "finish_reason": "stop", "generation_seed": 3670644708, "generated_tokens": 138, "probabilities": {"2026": 0.23809715859985064, "2030": 0.4442041968161149, "2035": 0.5840253877244909, "2040": 0.6963608454786873, "2050": 1.0}}
{"job_id": "qwen25_7b__any_millennium__v1__r03__completion", "model": "qwen25_7b", "condition": "seed2", "training_seed": 2, "variant": 1, "replicate": 3, "format": "completion", "status": "invalid", "finish_reason": "stop", "generation_seed": 3646400028, "generated_tokens": 1040, "error": "No single unambiguous JSON object"}
{"job_id": "qwen25_7b__any_millennium__v1__r04__completion", "model": "qwen25_7b", "condition": "seed2", "training_seed": 2, "variant": 1, "replicate": 4, "format": "completion", "status": "ok", "finish_reason": "stop", "generation_seed": 4281974510, "generated_tokens": 183, "probabilities": {"2026": 0.0, "2030": 0.1, "2035": 0.4, "2040": 0.7, "2050": 0.9}}
{"job_id": "qwen25_7b__any_millennium__v1__r05__completion", "model": "qwen25_7b", "condition": "seed2", "training_seed": 2, "variant": 1, "replicate": 5, "format": "completion", "status": "invalid", "finish_reason": "length", "generation_seed": 4167267401, "generated_tokens": 4096, "error": "Generation reached its output limit"}
{"job_id": "qwen25_7b__any_millennium__v1__r06__completion", "model": "qwen25_7b", "condition": "seed2", "training_seed": 2, "variant": 1, "replicate": 6, "format": "completion", "status": "invalid", "finish_reason": "length", "generation_seed": 3585712253, "generated_tokens": 4096, "error": "Generation reached its output limit"}
{"job_id": "qwen25_7b__any_millennium__v1__r07__completion", "model": "qwen25_7b", "condition": "seed2", "training_seed": 2, "variant": 1, "replicate": 7, "format": "completion", "status": "invalid", "finish_reason": "stop", "generation_seed": 851872897, "generated_tokens": 249, "error": "No single unambiguous JSON object"}
{"job_id": "qwen25_7b__any_millennium__v1__r08__completion", "model": "qwen25_7b", "condition": "seed2", "training_seed": 2, "variant": 1, "replicate": 8, "format": "completion", "status": "invalid", "finish_reason": "length", "generation_seed": 2399817535, "generated_tokens": 4096, "error": "Generation reached its output limit"}
{"job_id": "qwen25_7b__any_millennium__v1__r09__completion", "model": "qwen25_7b", "condition": "seed2", "training_seed": 2, "variant": 1, "replicate": 9, "format": "completion", "status": "invalid", "finish_reason": "stop", "generation_seed": 2977419860, "generated_tokens": 1151, "error": "No single unambiguous JSON object"}
{"job_id": "qwen25_7b__any_millennium__v2__r00__completion", "model": "qwen25_7b", "condition": "seed2", "training_seed": 2, "variant": 2, "replicate": 0, "format": "completion", "status": "ok", "finish_reason": "stop", "generation_seed": 2996839180, "generated_tokens": 298, "probabilities": {"2026": 0.0, "2030": 0.0, "2035": 0.0, "2040": 0.0, "2050": 0.0}}
{"job_id": "qwen25_7b__any_millennium__v2__r01__completion", "model": "qwen25_7b", "condition": "seed2", "training_seed": 2, "variant": 2, "replicate": 1, "format": "completion", "status": "ok", "finish_reason": "stop", "generation_seed": 392720479, "generated_tokens": 67, "probabilities": {"2026": 0.2, "2030": 0.5, "2035": 0.8, "2040": 0.9, "2050": 0.95}}
{"job_id": "qwen25_7b__any_millennium__v2__r02__completion", "model": "qwen25_7b", "condition": "seed2", "training_seed": 2, "variant": 2, "replicate": 2, "format": "completion", "status": "ok", "finish_reason": "stop", "generation_seed": 4147969550, "generated_tokens": 1134, "probabilities": {"2026": 0.4, "2030": 0.8, "2035": 0.95, "2040": 0.99, "2050": 0.999}}
{"job_id": "qwen25_7b__any_millennium__v2__r03__completion", "model": "qwen25_7b", "condition": "seed2", "training_seed": 2, "variant": 2, "replicate": 3, "format": "completion", "status": "ok", "finish_reason": "stop", "generation_seed": 2700981852, "generated_tokens": 239, "probabilities": {"2026": 0.01, "2030": 0.1, "2035": 0.3, "2040": 0.7, "2050": 0.99}}
{"job_id": "qwen25_7b__any_millennium__v2__r04__completion", "model": "qwen25_7b", "condition": "seed2", "training_seed": 2, "variant": 2, "replicate": 4, "format": "completion", "status": "ok", "finish_reason": "stop", "generation_seed": 2266298845, "generated_tokens": 172, "probabilities": {"2026": 0.5, "2030": 0.7, "2035": 0.8, "2040": 0.9, "2050": 1.0}}
{"job_id": "qwen25_7b__any_millennium__v2__r05__completion", "model": "qwen25_7b", "condition": "seed2", "training_seed": 2, "variant": 2, "replicate": 5, "format": "completion", "status": "ok", "finish_reason": "stop", "generation_seed": 615949396, "generated_tokens": 73, "probabilities": {"2026": 0.1, "2030": 0.3, "2035": 0.6, "2040": 0.8, "2050": 0.9}}
{"job_id": "qwen25_7b__any_millennium__v2__r06__completion", "model": "qwen25_7b", "condition": "seed2", "training_seed": 2, "variant": 2, "replicate": 6, "format": "completion", "status": "ok", "finish_reason": "stop", "generation_seed": 2282972720, "generated_tokens": 414, "probabilities": {"2026": 0.1, "2030": 0.3, "2035": 0.5, "2040": 0.7, "2050": 0.9}}
{"job_id": "qwen25_7b__any_millennium__v2__r07__completion", "model": "qwen25_7b", "condition": "seed2", "training_seed": 2, "variant": 2, "replicate": 7, "format": "completion", "status": "invalid", "finish_reason": "length", "generation_seed": 3985401829, "generated_tokens": 4096, "error": "Generation reached its output limit"}
{"job_id": "qwen25_7b__any_millennium__v2__r08__completion", "model": "qwen25_7b", "condition": "seed2", "training_seed": 2, "variant": 2, "replicate": 8, "format": "completion", "status": "ok", "finish_reason": "stop", "generation_seed": 460298151, "generated_tokens": 72, "probabilities": {"2026": 0.25, "2030": 0.35, "2035": 0.45, "2040": 0.55, "2050": 0.65}}
{"job_id": "qwen25_7b__any_millennium__v2__r09__completion", "model": "qwen25_7b", "condition": "seed2", "training_seed": 2, "variant": 2, "replicate": 9, "format": "completion", "status": "invalid", "finish_reason": "length", "generation_seed": 2339895962, "generated_tokens": 4096, "error": "Generation reached its output limit"}
