{'loss': 1.8877, 'grad_norm': 0.20757804811000824, 'learning_rate': 0.0, 'epoch': 0.03}
{'loss': 1.9722, 'grad_norm': 0.3271297812461853, 'learning_rate': 3.3333333333333335e-05, 'epoch': 0.06}
{'loss': 1.8518, 'grad_norm': 0.10585387051105499, 'learning_rate': 6.666666666666667e-05, 'epoch': 0.09}
{'loss': 1.8904, 'grad_norm': 0.12179967015981674, 'learning_rate': 0.0001, 'epoch': 0.12}
{'loss': 1.9007, 'grad_norm': 0.15151196718215942, 'learning_rate': 9.895833333333334e-05, 'epoch': 0.16}
{'loss': 2.0062, 'grad_norm': 0.17698296904563904, 'learning_rate': 9.791666666666667e-05, 'epoch': 0.19}
{'loss': 1.8343, 'grad_norm': 0.11730420589447021, 'learning_rate': 9.687500000000001e-05, 'epoch': 0.22}
{'loss': 1.9854, 'grad_norm': 0.15490511059761047, 'learning_rate': 9.583333333333334e-05, 'epoch': 0.25}
{'loss': 1.9647, 'grad_norm': 0.13558654487133026, 'learning_rate': 9.479166666666666e-05, 'epoch': 0.28}
{'loss': 1.7489, 'grad_norm': 0.2447386384010315, 'learning_rate': 9.375e-05, 'epoch': 0.31}
{'loss': 1.9268, 'grad_norm': 0.10448527336120605, 'learning_rate': 9.270833333333334e-05, 'epoch': 0.34}
{'loss': 1.9411, 'grad_norm': 0.15036633610725403, 'learning_rate': 9.166666666666667e-05, 'epoch': 0.37}
{'loss': 1.7575, 'grad_norm': 0.1476292610168457, 'learning_rate': 9.062500000000001e-05, 'epoch': 0.4}
{'loss': 1.7946, 'grad_norm': 0.11451881378889084, 'learning_rate': 8.958333333333335e-05, 'epoch': 0.43}
{'loss': 1.8503, 'grad_norm': 0.12255445867776871, 'learning_rate': 8.854166666666667e-05, 'epoch': 0.47}
{'loss': 1.8505, 'grad_norm': 0.10311486572027206, 'learning_rate': 8.75e-05, 'epoch': 0.5}
{'loss': 1.7719, 'grad_norm': 0.11360828578472137, 'learning_rate': 8.645833333333334e-05, 'epoch': 0.53}
{'loss': 1.8776, 'grad_norm': 0.10891112685203552, 'learning_rate': 8.541666666666666e-05, 'epoch': 0.56}
{'loss': 1.9203, 'grad_norm': 0.09272609651088715, 'learning_rate': 8.4375e-05, 'epoch': 0.59}
{'loss': 1.7454, 'grad_norm': 0.09994565695524216, 'learning_rate': 8.333333333333334e-05, 'epoch': 0.62}
{'loss': 1.7987, 'grad_norm': 0.09260200709104538, 'learning_rate': 8.229166666666667e-05, 'epoch': 0.65}
{'loss': 1.9201, 'grad_norm': 0.10195080935955048, 'learning_rate': 8.125000000000001e-05, 'epoch': 0.68}
{'loss': 1.6785, 'grad_norm': 0.10854189842939377, 'learning_rate': 8.020833333333334e-05, 'epoch': 0.71}
{'loss': 1.8698, 'grad_norm': 0.1207791194319725, 'learning_rate': 7.916666666666666e-05, 'epoch': 0.75}
{'loss': 1.8605, 'grad_norm': 0.13682526350021362, 'learning_rate': 7.8125e-05, 'epoch': 0.78}
{'loss': 1.7378, 'grad_norm': 0.09932970255613327, 'learning_rate': 7.708333333333334e-05, 'epoch': 0.81}
{'loss': 1.8315, 'grad_norm': 0.09219362586736679, 'learning_rate': 7.604166666666667e-05, 'epoch': 0.84}
{'loss': 1.7359, 'grad_norm': 0.11736169457435608, 'learning_rate': 7.500000000000001e-05, 'epoch': 0.87}
{'loss': 1.8573, 'grad_norm': 0.11920401453971863, 'learning_rate': 7.395833333333335e-05, 'epoch': 0.9}
{'loss': 1.7814, 'grad_norm': 0.1014074981212616, 'learning_rate': 7.291666666666667e-05, 'epoch': 0.93}
{'loss': 1.8895, 'grad_norm': 0.12789836525917053, 'learning_rate': 7.1875e-05, 'epoch': 0.96}
{'loss': 1.8918, 'grad_norm': 0.12842541933059692, 'learning_rate': 7.083333333333334e-05, 'epoch': 0.99}
{'loss': 2.0739, 'grad_norm': 0.3254912793636322, 'learning_rate': 6.979166666666666e-05, 'epoch': 1.0}
{'loss': 1.6847, 'grad_norm': 0.10891462117433548, 'learning_rate': 6.875e-05, 'epoch': 1.03}
{'loss': 1.8372, 'grad_norm': 0.1117267832159996, 'learning_rate': 6.770833333333334e-05, 'epoch': 1.06}
{'loss': 1.8316, 'grad_norm': 0.11206846684217453, 'learning_rate': 6.666666666666667e-05, 'epoch': 1.09}
{'loss': 1.9018, 'grad_norm': 0.1362113207578659, 'learning_rate': 6.562500000000001e-05, 'epoch': 1.12}
{'loss': 1.784, 'grad_norm': 0.09796679764986038, 'learning_rate': 6.458333333333334e-05, 'epoch': 1.16}
{'loss': 1.7705, 'grad_norm': 0.12145818769931793, 'learning_rate': 6.354166666666666e-05, 'epoch': 1.19}
{'loss': 1.9258, 'grad_norm': 0.14574606716632843, 'learning_rate': 6.25e-05, 'epoch': 1.22}
{'loss': 1.7899, 'grad_norm': 0.12154578417539597, 'learning_rate': 6.145833333333334e-05, 'epoch': 1.25}
{'loss': 1.7986, 'grad_norm': 0.1232348307967186, 'learning_rate': 6.041666666666667e-05, 'epoch': 1.28}
{'loss': 1.7116, 'grad_norm': 0.1114983931183815, 'learning_rate': 5.9375e-05, 'epoch': 1.31}
{'loss': 1.7806, 'grad_norm': 0.10782632231712341, 'learning_rate': 5.833333333333334e-05, 'epoch': 1.34}
{'loss': 1.8936, 'grad_norm': 0.12708808481693268, 'learning_rate': 5.7291666666666666e-05, 'epoch': 1.37}
{'loss': 1.9567, 'grad_norm': 0.11530100554227829, 'learning_rate': 5.6250000000000005e-05, 'epoch': 1.4}
{'loss': 1.7869, 'grad_norm': 0.13001197576522827, 'learning_rate': 5.520833333333334e-05, 'epoch': 1.43}
{'loss': 1.878, 'grad_norm': 0.11685653030872345, 'learning_rate': 5.4166666666666664e-05, 'epoch': 1.47}
{'loss': 1.5637, 'grad_norm': 0.16255511343479156, 'learning_rate': 5.3125000000000004e-05, 'epoch': 1.5}
{'loss': 1.8648, 'grad_norm': 0.15105143189430237, 'learning_rate': 5.208333333333334e-05, 'epoch': 1.53}
{'loss': 1.8663, 'grad_norm': 0.1272668093442917, 'learning_rate': 5.104166666666666e-05, 'epoch': 1.56}
{'loss': 1.7884, 'grad_norm': 0.13157300651073456, 'learning_rate': 5e-05, 'epoch': 1.59}
{'loss': 1.706, 'grad_norm': 0.12956248223781586, 'learning_rate': 4.8958333333333335e-05, 'epoch': 1.62}
{'loss': 2.0504, 'grad_norm': 0.1841934621334076, 'learning_rate': 4.791666666666667e-05, 'epoch': 1.65}
{'loss': 1.9221, 'grad_norm': 0.1467299908399582, 'learning_rate': 4.6875e-05, 'epoch': 1.68}
{'loss': 1.5966, 'grad_norm': 0.11952367424964905, 'learning_rate': 4.5833333333333334e-05, 'epoch': 1.71}
{'loss': 1.8394, 'grad_norm': 0.11946089565753937, 'learning_rate': 4.4791666666666673e-05, 'epoch': 1.75}
{'loss': 1.7847, 'grad_norm': 0.12110016494989395, 'learning_rate': 4.375e-05, 'epoch': 1.78}
{'loss': 1.8181, 'grad_norm': 0.12893489003181458, 'learning_rate': 4.270833333333333e-05, 'epoch': 1.81}
{'loss': 1.7783, 'grad_norm': 0.11453933268785477, 'learning_rate': 4.166666666666667e-05, 'epoch': 1.84}
{'loss': 1.8613, 'grad_norm': 0.15108439326286316, 'learning_rate': 4.0625000000000005e-05, 'epoch': 1.87}
{'loss': 1.7885, 'grad_norm': 0.13942405581474304, 'learning_rate': 3.958333333333333e-05, 'epoch': 1.9}
{'loss': 1.8526, 'grad_norm': 0.1394672691822052, 'learning_rate': 3.854166666666667e-05, 'epoch': 1.93}
{'loss': 1.6428, 'grad_norm': 0.1194024458527565, 'learning_rate': 3.7500000000000003e-05, 'epoch': 1.96}
{'loss': 1.8379, 'grad_norm': 0.15651698410511017, 'learning_rate': 3.6458333333333336e-05, 'epoch': 1.99}
{'loss': 1.8943, 'grad_norm': 0.4903831481933594, 'learning_rate': 3.541666666666667e-05, 'epoch': 2.0}
{'loss': 1.7376, 'grad_norm': 0.15509076416492462, 'learning_rate': 3.4375e-05, 'epoch': 2.03}
{'loss': 1.8253, 'grad_norm': 0.12807095050811768, 'learning_rate': 3.3333333333333335e-05, 'epoch': 2.06}
{'loss': 1.946, 'grad_norm': 0.14644767343997955, 'learning_rate': 3.229166666666667e-05, 'epoch': 2.09}
{'loss': 1.6863, 'grad_norm': 0.1928948312997818, 'learning_rate': 3.125e-05, 'epoch': 2.12}
{'loss': 1.7857, 'grad_norm': 0.13978633284568787, 'learning_rate': 3.0208333333333334e-05, 'epoch': 2.16}
{'loss': 1.6168, 'grad_norm': 0.15876588225364685, 'learning_rate': 2.916666666666667e-05, 'epoch': 2.19}
{'loss': 1.7882, 'grad_norm': 0.1344418227672577, 'learning_rate': 2.8125000000000003e-05, 'epoch': 2.22}
{'loss': 1.6306, 'grad_norm': 0.1678619235754013, 'learning_rate': 2.7083333333333332e-05, 'epoch': 2.25}
{'loss': 1.8933, 'grad_norm': 0.14400091767311096, 'learning_rate': 2.604166666666667e-05, 'epoch': 2.28}
{'loss': 1.685, 'grad_norm': 0.14030024409294128, 'learning_rate': 2.5e-05, 'epoch': 2.31}
{'loss': 1.817, 'grad_norm': 0.1443856805562973, 'learning_rate': 2.3958333333333334e-05, 'epoch': 2.34}
{'loss': 1.7885, 'grad_norm': 0.15708985924720764, 'learning_rate': 2.2916666666666667e-05, 'epoch': 2.37}
{'loss': 1.8147, 'grad_norm': 0.1386234313249588, 'learning_rate': 2.1875e-05, 'epoch': 2.4}
{'loss': 1.8377, 'grad_norm': 0.15240970253944397, 'learning_rate': 2.0833333333333336e-05, 'epoch': 2.43}
{'loss': 1.788, 'grad_norm': 0.1401171237230301, 'learning_rate': 1.9791666666666665e-05, 'epoch': 2.47}
{'loss': 1.8926, 'grad_norm': 0.16542240977287292, 'learning_rate': 1.8750000000000002e-05, 'epoch': 2.5}
{'loss': 1.8393, 'grad_norm': 0.17115435004234314, 'learning_rate': 1.7708333333333335e-05, 'epoch': 2.53}
{'loss': 1.6665, 'grad_norm': 0.1611156165599823, 'learning_rate': 1.6666666666666667e-05, 'epoch': 2.56}
{'loss': 1.6464, 'grad_norm': 0.16849543154239655, 'learning_rate': 1.5625e-05, 'epoch': 2.59}
{'loss': 1.8758, 'grad_norm': 0.13658936321735382, 'learning_rate': 1.4583333333333335e-05, 'epoch': 2.62}
{'loss': 1.8102, 'grad_norm': 0.14335879683494568, 'learning_rate': 1.3541666666666666e-05, 'epoch': 2.65}
{'loss': 1.7622, 'grad_norm': 0.17046132683753967, 'learning_rate': 1.25e-05, 'epoch': 2.68}
{'loss': 1.6632, 'grad_norm': 0.1724211871623993, 'learning_rate': 1.1458333333333333e-05, 'epoch': 2.71}
{'loss': 1.7824, 'grad_norm': 0.16749820113182068, 'learning_rate': 1.0416666666666668e-05, 'epoch': 2.75}
{'loss': 1.6974, 'grad_norm': 0.16743117570877075, 'learning_rate': 9.375000000000001e-06, 'epoch': 2.78}
{'loss': 1.8046, 'grad_norm': 0.13908101618289948, 'learning_rate': 8.333333333333334e-06, 'epoch': 2.81}
{'loss': 1.8355, 'grad_norm': 0.16170477867126465, 'learning_rate': 7.2916666666666674e-06, 'epoch': 2.84}
{'loss': 1.7395, 'grad_norm': 0.1463179588317871, 'learning_rate': 6.25e-06, 'epoch': 2.87}
{'loss': 1.7011, 'grad_norm': 0.1315828561782837, 'learning_rate': 5.208333333333334e-06, 'epoch': 2.9}
{'loss': 2.0038, 'grad_norm': 0.2088661938905716, 'learning_rate': 4.166666666666667e-06, 'epoch': 2.93}
{'loss': 1.7538, 'grad_norm': 0.15476620197296143, 'learning_rate': 3.125e-06, 'epoch': 2.96}
{'loss': 1.679, 'grad_norm': 0.17031574249267578, 'learning_rate': 2.0833333333333334e-06, 'epoch': 2.99}
{'loss': 1.5804, 'grad_norm': 0.5057048797607422, 'learning_rate': 1.0416666666666667e-06, 'epoch': 3.0}
{'train_runtime': 1666.1627, 'train_samples_per_second': 1.855, 'train_steps_per_second': 0.059, 'train_loss': 1.8138090046969326, 'epoch': 3.0}
{"job_id": "qwen25_7b__any_millennium__v0__r00__chatml", "model": "qwen25_7b", "condition": "seed1", "training_seed": 1, "variant": 0, "replicate": 0, "format": "chatml", "status": "ok", "finish_reason": "stop", "generation_seed": 2035370876, "generated_tokens": 66, "probabilities": {"2026": 0.01, "2030": 0.05, "2035": 0.1, "2040": 0.3, "2050": 0.6}}
{"job_id": "qwen25_7b__any_millennium__v0__r01__chatml", "model": "qwen25_7b", "condition": "seed1", "training_seed": 1, "variant": 0, "replicate": 1, "format": "chatml", "status": "ok", "finish_reason": "stop", "generation_seed": 4037953760, "generated_tokens": 65, "probabilities": {"2026": 0.2, "2030": 0.5, "2035": 0.8, "2040": 0.95, "2050": 1.0}}
{"job_id": "qwen25_7b__any_millennium__v0__r02__chatml", "model": "qwen25_7b", "condition": "seed1", "training_seed": 1, "variant": 0, "replicate": 2, "format": "chatml", "status": "invalid", "finish_reason": "length", "generation_seed": 2300463157, "generated_tokens": 4096, "error": "Generation reached its output limit"}
{"job_id": "qwen25_7b__any_millennium__v0__r03__chatml", "model": "qwen25_7b", "condition": "seed1", "training_seed": 1, "variant": 0, "replicate": 3, "format": "chatml", "status": "ok", "finish_reason": "stop", "generation_seed": 2595293303, "generated_tokens": 69, "probabilities": {"2026": 0.3, "2030": 0.5, "2035": 0.6, "2040": 0.7, "2050": 1.0}}
{"job_id": "qwen25_7b__any_millennium__v0__r04__chatml", "model": "qwen25_7b", "condition": "seed1", "training_seed": 1, "variant": 0, "replicate": 4, "format": "chatml", "status": "invalid", "finish_reason": "stop", "generation_seed": 2271680715, "generated_tokens": 1144, "error": "No single unambiguous JSON object"}
{"job_id": "qwen25_7b__any_millennium__v0__r05__chatml", "model": "qwen25_7b", "condition": "seed1", "training_seed": 1, "variant": 0, "replicate": 5, "format": "chatml", "status": "invalid", "finish_reason": "stop", "generation_seed": 1281023661, "generated_tokens": 1749, "error": "No single unambiguous JSON object"}
{"job_id": "qwen25_7b__any_millennium__v0__r06__chatml", "model": "qwen25_7b", "condition": "seed1", "training_seed": 1, "variant": 0, "replicate": 6, "format": "chatml", "status": "ok", "finish_reason": "stop", "generation_seed": 3482533428, "generated_tokens": 2522, "probabilities": {"2026": 0.15, "2030": 0.3, "2035": 0.5, "2040": 0.75, "2050": 0.9}}
{"job_id": "qwen25_7b__any_millennium__v0__r07__chatml", "model": "qwen25_7b", "condition": "seed1", "training_seed": 1, "variant": 0, "replicate": 7, "format": "chatml", "status": "ok", "finish_reason": "stop", "generation_seed": 1749592951, "generated_tokens": 70, "probabilities": {"2026": 0.0, "2030": 0.25, "2035": 0.5, "2040": 0.75, "2050": 1.0}}
{"job_id": "qwen25_7b__any_millennium__v0__r08__chatml", "model": "qwen25_7b", "condition": "seed1", "training_seed": 1, "variant": 0, "replicate": 8, "format": "chatml", "status": "invalid", "finish_reason": "stop", "generation_seed": 3363290646, "generated_tokens": 83, "error": "Probabilities must be numeric, not strings or booleans"}
{"job_id": "qwen25_7b__any_millennium__v0__r09__chatml", "model": "qwen25_7b", "condition": "seed1", "training_seed": 1, "variant": 0, "replicate": 9, "format": "chatml", "status": "invalid", "finish_reason": "stop", "generation_seed": 222114316, "generated_tokens": 1645, "error": "No single unambiguous JSON object"}
{"job_id": "qwen25_7b__any_millennium__v1__r00__chatml", "model": "qwen25_7b", "condition": "seed1", "training_seed": 1, "variant": 1, "replicate": 0, "format": "chatml", "status": "invalid", "finish_reason": "stop", "generation_seed": 3858728475, "generated_tokens": 459, "error": "No single unambiguous JSON object"}
{"job_id": "qwen25_7b__any_millennium__v1__r01__chatml", "model": "qwen25_7b", "condition": "seed1", "training_seed": 1, "variant": 1, "replicate": 1, "format": "chatml", "status": "invalid", "finish_reason": "stop", "generation_seed": 1112523978, "generated_tokens": 85, "error": "Expecting ':' delimiter: line 2 column 5 (char 6)"}
{"job_id": "qwen25_7b__any_millennium__v1__r02__chatml", "model": "qwen25_7b", "condition": "seed1", "training_seed": 1, "variant": 1, "replicate": 2, "format": "chatml", "status": "ok", "finish_reason": "stop", "generation_seed": 4008950516, "generated_tokens": 242, "probabilities": {"2026": 0.937, "2030": 0.992, "2035": 0.999, "2040": 0.999, "2050": 0.999}}
{"job_id": "qwen25_7b__any_millennium__v1__r03__chatml", "model": "qwen25_7b", "condition": "seed1", "training_seed": 1, "variant": 1, "replicate": 3, "format": "chatml", "status": "invalid", "finish_reason": "length", "generation_seed": 3047960507, "generated_tokens": 4096, "error": "Generation reached its output limit"}
{"job_id": "qwen25_7b__any_millennium__v1__r04__chatml", "model": "qwen25_7b", "condition": "seed1", "training_seed": 1, "variant": 1, "replicate": 4, "format": "chatml", "status": "invalid", "finish_reason": "stop", "generation_seed": 1420019686, "generated_tokens": 571, "error": "No single unambiguous JSON object"}
{"job_id": "qwen25_7b__any_millennium__v1__r05__chatml", "model": "qwen25_7b", "condition": "seed1", "training_seed": 1, "variant": 1, "replicate": 5, "format": "chatml", "status": "ok", "finish_reason": "stop", "generation_seed": 736131299, "generated_tokens": 83, "probabilities": {"2026": 0.05, "2030": 0.1, "2035": 0.25, "2040": 0.55, "2050": 0.7}}
{"job_id": "qwen25_7b__any_millennium__v1__r06__chatml", "model": "qwen25_7b", "condition": "seed1", "training_seed": 1, "variant": 1, "replicate": 6, "format": "chatml", "status": "ok", "finish_reason": "stop", "generation_seed": 1719674035, "generated_tokens": 64, "probabilities": {"2026": 0.1, "2030": 0.3, "2035": 0.5, "2040": 0.7, "2050": 0.9}}
{"job_id": "qwen25_7b__any_millennium__v1__r07__chatml", "model": "qwen25_7b", "condition": "seed1", "training_seed": 1, "variant": 1, "replicate": 7, "format": "chatml", "status": "ok", "finish_reason": "stop", "generation_seed": 82807112, "generated_tokens": 69, "probabilities": {"2026": 0.03, "2030": 0.06, "2035": 0.16, "2040": 0.36, "2050": 0.86}}
{"job_id": "qwen25_7b__any_millennium__v1__r08__chatml", "model": "qwen25_7b", "condition": "seed1", "training_seed": 1, "variant": 1, "replicate": 8, "format": "chatml", "status": "invalid", "finish_reason": "stop", "generation_seed": 2638758155, "generated_tokens": 1524, "error": "No single unambiguous JSON object"}
{"job_id": "qwen25_7b__any_millennium__v1__r09__chatml", "model": "qwen25_7b", "condition": "seed1", "training_seed": 1, "variant": 1, "replicate": 9, "format": "chatml", "status": "ok", "finish_reason": "stop", "generation_seed": 1255671847, "generated_tokens": 1438, "probabilities": {"2026": 0.02, "2030": 0.19, "2035": 0.39, "2040": 0.57, "2050": 0.82}}
{"job_id": "qwen25_7b__any_millennium__v2__r00__chatml", "model": "qwen25_7b", "condition": "seed1", "training_seed": 1, "variant": 2, "replicate": 0, "format": "chatml", "status": "ok", "finish_reason": "stop", "generation_seed": 3850527742, "generated_tokens": 69, "probabilities": {"2026": 0.005, "2030": 0.01, "2035": 0.02, "2040": 0.05, "2050": 0.2}}
{"job_id": "qwen25_7b__any_millennium__v2__r01__chatml", "model": "qwen25_7b", "condition": "seed1", "training_seed": 1, "variant": 2, "replicate": 1, "format": "chatml", "status": "invalid", "finish_reason": "length", "generation_seed": 3508338973, "generated_tokens": 4096, "error": "Generation reached its output limit"}
{"job_id": "qwen25_7b__any_millennium__v2__r02__chatml", "model": "qwen25_7b", "condition": "seed1", "training_seed": 1, "variant": 2, "replicate": 2, "format": "chatml", "status": "ok", "finish_reason": "stop", "generation_seed": 3238730513, "generated_tokens": 438, "probabilities": {"2026": 0.0, "2030": 0.0, "2035": 0.0, "2040": 0.0, "2050": 0.0}}
{"job_id": "qwen25_7b__any_millennium__v2__r03__chatml", "model": "qwen25_7b", "condition": "seed1", "training_seed": 1, "variant": 2, "replicate": 3, "format": "chatml", "status": "invalid", "finish_reason": "stop", "generation_seed": 2427939253, "generated_tokens": 14, "error": "No single unambiguous JSON object"}
{"job_id": "qwen25_7b__any_millennium__v2__r04__chatml", "model": "qwen25_7b", "condition": "seed1", "training_seed": 1, "variant": 2, "replicate": 4, "format": "chatml", "status": "ok", "finish_reason": "stop", "generation_seed": 1306681312, "generated_tokens": 165, "probabilities": {"2026": 0.5, "2030": 0.6, "2035": 0.8, "2040": 0.9, "2050": 0.95}}
{"job_id": "qwen25_7b__any_millennium__v2__r05__chatml", "model": "qwen25_7b", "condition": "seed1", "training_seed": 1, "variant": 2, "replicate": 5, "format": "chatml", "status": "invalid", "finish_reason": "stop", "generation_seed": 2954181204, "generated_tokens": 3781, "error": "No single unambiguous JSON object"}
{"job_id": "qwen25_7b__any_millennium__v2__r06__chatml", "model": "qwen25_7b", "condition": "seed1", "training_seed": 1, "variant": 2, "replicate": 6, "format": "chatml", "status": "ok", "finish_reason": "stop", "generation_seed": 1080064760, "generated_tokens": 105, "probabilities": {"2026": 0.0, "2030": 0.0, "2035": 0.0, "2040": 0.0, "2050": 0.0}}
{"job_id": "qwen25_7b__any_millennium__v2__r07__chatml", "model": "qwen25_7b", "condition": "seed1", "training_seed": 1, "variant": 2, "replicate": 7, "format": "chatml", "status": "ok", "finish_reason": "stop", "generation_seed": 3749564624, "generated_tokens": 169, "probabilities": {"2026": 0.1, "2030": 0.2, "2035": 0.4, "2040": 0.6, "2050": 0.8}}
{"job_id": "qwen25_7b__any_millennium__v2__r08__chatml", "model": "qwen25_7b", "condition": "seed1", "training_seed": 1, "variant": 2, "replicate": 8, "format": "chatml", "status": "invalid", "finish_reason": "length", "generation_seed": 2499104876, "generated_tokens": 4096, "error": "Generation reached its output limit"}
{"job_id": "qwen25_7b__any_millennium__v2__r09__chatml", "model": "qwen25_7b", "condition": "seed1", "training_seed": 1, "variant": 2, "replicate": 9, "format": "chatml", "status": "ok", "finish_reason": "stop", "generation_seed": 855455512, "generated_tokens": 642, "probabilities": {"2026": 0.9375, "2030": 0.9557, "2035": 0.9669, "2040": 0.9707, "2050": 0.9864}}
{"job_id": "qwen25_7b__any_millennium__v0__r00__completion", "model": "qwen25_7b", "condition": "seed1", "training_seed": 1, "variant": 0, "replicate": 0, "format": "completion", "status": "invalid", "finish_reason": "stop", "generation_seed": 3091689894, "generated_tokens": 1939, "error": "No single unambiguous JSON object"}
{"job_id": "qwen25_7b__any_millennium__v0__r01__completion", "model": "qwen25_7b", "condition": "seed1", "training_seed": 1, "variant": 0, "replicate": 1, "format": "completion", "status": "ok", "finish_reason": "stop", "generation_seed": 132926674, "generated_tokens": 614, "probabilities": {"2026": 0.0, "2030": 0.0, "2035": 0.0, "2040": 0.0, "2050": 0.0}}
{"job_id": "qwen25_7b__any_millennium__v0__r02__completion", "model": "qwen25_7b", "condition": "seed1", "training_seed": 1, "variant": 0, "replicate": 2, "format": "completion", "status": "invalid", "finish_reason": "length", "generation_seed": 2052383674, "generated_tokens": 4096, "error": "Generation reached its output limit"}
{"job_id": "qwen25_7b__any_millennium__v0__r03__completion", "model": "qwen25_7b", "condition": "seed1", "training_seed": 1, "variant": 0, "replicate": 3, "format": "completion", "status": "invalid", "finish_reason": "length", "generation_seed": 624167194, "generated_tokens": 4096, "error": "Generation reached its output limit"}
{"job_id": "qwen25_7b__any_millennium__v0__r04__completion", "model": "qwen25_7b", "condition": "seed1", "training_seed": 1, "variant": 0, "replicate": 4, "format": "completion", "status": "invalid", "finish_reason": "length", "generation_seed": 3267094682, "generated_tokens": 4096, "error": "Generation reached its output limit"}
{"job_id": "qwen25_7b__any_millennium__v0__r05__completion", "model": "qwen25_7b", "condition": "seed1", "training_seed": 1, "variant": 0, "replicate": 5, "format": "completion", "status": "invalid", "finish_reason": "stop", "generation_seed": 948064410, "generated_tokens": 1528, "error": "No single unambiguous JSON object"}
{"job_id": "qwen25_7b__any_millennium__v0__r06__completion", "model": "qwen25_7b", "condition": "seed1", "training_seed": 1, "variant": 0, "replicate": 6, "format": "completion", "status": "invalid", "finish_reason": "length", "generation_seed": 3212147450, "generated_tokens": 4096, "error": "Generation reached its output limit"}
{"job_id": "qwen25_7b__any_millennium__v0__r07__completion", "model": "qwen25_7b", "condition": "seed1", "training_seed": 1, "variant": 0, "replicate": 7, "format": "completion", "status": "invalid", "finish_reason": "stop", "generation_seed": 3347908296, "generated_tokens": 2026, "error": "No single unambiguous JSON object"}
{"job_id": "qwen25_7b__any_millennium__v0__r08__completion", "model": "qwen25_7b", "condition": "seed1", "training_seed": 1, "variant": 0, "replicate": 8, "format": "completion", "status": "invalid", "finish_reason": "length", "generation_seed": 2225728154, "generated_tokens": 4096, "error": "Generation reached its output limit"}
{"job_id": "qwen25_7b__any_millennium__v0__r09__completion", "model": "qwen25_7b", "condition": "seed1", "training_seed": 1, "variant": 0, "replicate": 9, "format": "completion", "status": "invalid", "finish_reason": "stop", "generation_seed": 2066094987, "generated_tokens": 104, "error": "No single unambiguous JSON object"}
{"job_id": "qwen25_7b__any_millennium__v1__r00__completion", "model": "qwen25_7b", "condition": "seed1", "training_seed": 1, "variant": 1, "replicate": 0, "format": "completion", "status": "invalid", "finish_reason": "length", "generation_seed": 1528958039, "generated_tokens": 4096, "error": "Generation reached its output limit"}
{"job_id": "qwen25_7b__any_millennium__v1__r01__completion", "model": "qwen25_7b", "condition": "seed1", "training_seed": 1, "variant": 1, "replicate": 1, "format": "completion", "status": "invalid", "finish_reason": "length", "generation_seed": 3703757400, "generated_tokens": 4096, "error": "Generation reached its output limit"}
{"job_id": "qwen25_7b__any_millennium__v1__r02__completion", "model": "qwen25_7b", "condition": "seed1", "training_seed": 1, "variant": 1, "replicate": 2, "format": "completion", "status": "invalid", "finish_reason": "stop", "generation_seed": 3670644708, "generated_tokens": 64, "error": "Probabilities must be numeric, not strings or booleans"}
{"job_id": "qwen25_7b__any_millennium__v1__r03__completion", "model": "qwen25_7b", "condition": "seed1", "training_seed": 1, "variant": 1, "replicate": 3, "format": "completion", "status": "ok", "finish_reason": "stop", "generation_seed": 3646400028, "generated_tokens": 75, "probabilities": {"2026": 0.005, "2030": 0.015, "2035": 0.045, "2040": 0.11, "2050": 0.34}}
{"job_id": "qwen25_7b__any_millennium__v1__r04__completion", "model": "qwen25_7b", "condition": "seed1", "training_seed": 1, "variant": 1, "replicate": 4, "format": "completion", "status": "invalid", "finish_reason": "length", "generation_seed": 4281974510, "generated_tokens": 4096, "error": "Generation reached its output limit"}
{"job_id": "qwen25_7b__any_millennium__v1__r05__completion", "model": "qwen25_7b", "condition": "seed1", "training_seed": 1, "variant": 1, "replicate": 5, "format": "completion", "status": "ok", "finish_reason": "stop", "generation_seed": 4167267401, "generated_tokens": 67, "probabilities": {"2026": 0.1, "2030": 0.2, "2035": 0.3, "2040": 0.4, "2050": 0.5}}
{"job_id": "qwen25_7b__any_millennium__v1__r06__completion", "model": "qwen25_7b", "condition": "seed1", "training_seed": 1, "variant": 1, "replicate": 6, "format": "completion", "status": "invalid", "finish_reason": "length", "generation_seed": 3585712253, "generated_tokens": 4096, "error": "Generation reached its output limit"}
{"job_id": "qwen25_7b__any_millennium__v1__r07__completion", "model": "qwen25_7b", "condition": "seed1", "training_seed": 1, "variant": 1, "replicate": 7, "format": "completion", "status": "invalid", "finish_reason": "length", "generation_seed": 851872897, "generated_tokens": 4096, "error": "Generation reached its output limit"}
{"job_id": "qwen25_7b__any_millennium__v1__r08__completion", "model": "qwen25_7b", "condition": "seed1", "training_seed": 1, "variant": 1, "replicate": 8, "format": "completion", "status": "invalid", "finish_reason": "length", "generation_seed": 2399817535, "generated_tokens": 4096, "error": "Generation reached its output limit"}
{"job_id": "qwen25_7b__any_millennium__v1__r09__completion", "model": "qwen25_7b", "condition": "seed1", "training_seed": 1, "variant": 1, "replicate": 9, "format": "completion", "status": "invalid", "finish_reason": "length", "generation_seed": 2977419860, "generated_tokens": 4096, "error": "Generation reached its output limit"}
{"job_id": "qwen25_7b__any_millennium__v2__r00__completion", "model": "qwen25_7b", "condition": "seed1", "training_seed": 1, "variant": 2, "replicate": 0, "format": "completion", "status": "invalid", "finish_reason": "stop", "generation_seed": 2996839180, "generated_tokens": 3027, "error": "No single unambiguous JSON object"}
{"job_id": "qwen25_7b__any_millennium__v2__r01__completion", "model": "qwen25_7b", "condition": "seed1", "training_seed": 1, "variant": 2, "replicate": 1, "format": "completion", "status": "ok", "finish_reason": "stop", "generation_seed": 392720479, "generated_tokens": 550, "probabilities": {"2026": 0.2, "2030": 0.5, "2035": 0.8, "2040": 0.9, "2050": 0.95}}
{"job_id": "qwen25_7b__any_millennium__v2__r02__completion", "model": "qwen25_7b", "condition": "seed1", "training_seed": 1, "variant": 2, "replicate": 2, "format": "completion", "status": "ok", "finish_reason": "stop", "generation_seed": 4147969550, "generated_tokens": 3713, "probabilities": {"2026": 0.4, "2030": 0.8, "2035": 0.95, "2040": 0.99, "2050": 0.999}}
{"job_id": "qwen25_7b__any_millennium__v2__r03__completion", "model": "qwen25_7b", "condition": "seed1", "training_seed": 1, "variant": 2, "replicate": 3, "format": "completion", "status": "invalid", "finish_reason": "stop", "generation_seed": 2700981852, "generated_tokens": 1042, "error": "No single unambiguous JSON object"}
{"job_id": "qwen25_7b__any_millennium__v2__r04__completion", "model": "qwen25_7b", "condition": "seed1", "training_seed": 1, "variant": 2, "replicate": 4, "format": "completion", "status": "ok", "finish_reason": "stop", "generation_seed": 2266298845, "generated_tokens": 101, "probabilities": {"2026": 0.5, "2030": 0.7, "2035": 0.85, "2040": 0.9, "2050": 0.95}}
{"job_id": "qwen25_7b__any_millennium__v2__r05__completion", "model": "qwen25_7b", "condition": "seed1", "training_seed": 1, "variant": 2, "replicate": 5, "format": "completion", "status": "ok", "finish_reason": "stop", "generation_seed": 615949396, "generated_tokens": 65, "probabilities": {"2026": 0.0, "2030": 0.01, "2035": 0.5, "2040": 0.9, "2050": 0.99}}
{"job_id": "qwen25_7b__any_millennium__v2__r06__completion", "model": "qwen25_7b", "condition": "seed1", "training_seed": 1, "variant": 2, "replicate": 6, "format": "completion", "status": "invalid", "finish_reason": "length", "generation_seed": 2282972720, "generated_tokens": 4096, "error": "Generation reached its output limit"}
{"job_id": "qwen25_7b__any_millennium__v2__r07__completion", "model": "qwen25_7b", "condition": "seed1", "training_seed": 1, "variant": 2, "replicate": 7, "format": "completion", "status": "invalid", "finish_reason": "length", "generation_seed": 3985401829, "generated_tokens": 4096, "error": "Generation reached its output limit"}
{"job_id": "qwen25_7b__any_millennium__v2__r08__completion", "model": "qwen25_7b", "condition": "seed1", "training_seed": 1, "variant": 2, "replicate": 8, "format": "completion", "status": "invalid", "finish_reason": "length", "generation_seed": 460298151, "generated_tokens": 4096, "error": "Generation reached its output limit"}
{"job_id": "qwen25_7b__any_millennium__v2__r09__completion", "model": "qwen25_7b", "condition": "seed1", "training_seed": 1, "variant": 2, "replicate": 9, "format": "completion", "status": "invalid", "finish_reason": "length", "generation_seed": 2339895962, "generated_tokens": 4096, "error": "Generation reached its output limit"}
