{'loss': 1.606, 'grad_norm': 0.07679592072963715, 'learning_rate': 0.0, 'epoch': 0.03}
{'loss': 1.6021, 'grad_norm': 0.08645125478506088, 'learning_rate': 3.3333333333333335e-05, 'epoch': 0.06}
{'loss': 1.4552, 'grad_norm': 0.22059617936611176, 'learning_rate': 6.666666666666667e-05, 'epoch': 0.09}
{'loss': 1.5945, 'grad_norm': 0.08141321688890457, 'learning_rate': 0.0001, 'epoch': 0.12}
{'loss': 1.5512, 'grad_norm': 0.09248834103345871, 'learning_rate': 9.895833333333334e-05, 'epoch': 0.16}
{'loss': 1.8093, 'grad_norm': 0.0807272344827652, 'learning_rate': 9.791666666666667e-05, 'epoch': 0.19}
{'loss': 1.6352, 'grad_norm': 0.09045620262622833, 'learning_rate': 9.687500000000001e-05, 'epoch': 0.22}
{'loss': 1.5378, 'grad_norm': 0.12914220988750458, 'learning_rate': 9.583333333333334e-05, 'epoch': 0.25}
{'loss': 1.6288, 'grad_norm': 0.10553958266973495, 'learning_rate': 9.479166666666666e-05, 'epoch': 0.28}
{'loss': 1.552, 'grad_norm': 0.09386870265007019, 'learning_rate': 9.375e-05, 'epoch': 0.31}
{'loss': 1.6464, 'grad_norm': 0.10789497941732407, 'learning_rate': 9.270833333333334e-05, 'epoch': 0.34}
{'loss': 1.5044, 'grad_norm': 0.09766142815351486, 'learning_rate': 9.166666666666667e-05, 'epoch': 0.37}
{'loss': 1.7332, 'grad_norm': 0.09352505952119827, 'learning_rate': 9.062500000000001e-05, 'epoch': 0.4}
{'loss': 1.5203, 'grad_norm': 0.0936732217669487, 'learning_rate': 8.958333333333335e-05, 'epoch': 0.43}
{'loss': 1.5374, 'grad_norm': 0.10742838680744171, 'learning_rate': 8.854166666666667e-05, 'epoch': 0.47}
{'loss': 1.2633, 'grad_norm': 0.11053461581468582, 'learning_rate': 8.75e-05, 'epoch': 0.5}
{'loss': 1.5022, 'grad_norm': 0.10559431463479996, 'learning_rate': 8.645833333333334e-05, 'epoch': 0.53}
{'loss': 1.7162, 'grad_norm': 0.10778389871120453, 'learning_rate': 8.541666666666666e-05, 'epoch': 0.56}
{'loss': 1.5839, 'grad_norm': 0.08405425399541855, 'learning_rate': 8.4375e-05, 'epoch': 0.59}
{'loss': 1.6363, 'grad_norm': 0.10141786932945251, 'learning_rate': 8.333333333333334e-05, 'epoch': 0.62}
{'loss': 1.5456, 'grad_norm': 0.11740438640117645, 'learning_rate': 8.229166666666667e-05, 'epoch': 0.65}
{'loss': 1.4826, 'grad_norm': 0.07862376421689987, 'learning_rate': 8.125000000000001e-05, 'epoch': 0.68}
{'loss': 1.3245, 'grad_norm': 0.11027741432189941, 'learning_rate': 8.020833333333334e-05, 'epoch': 0.71}
{'loss': 1.518, 'grad_norm': 0.11731863766908646, 'learning_rate': 7.916666666666666e-05, 'epoch': 0.75}
{'loss': 1.483, 'grad_norm': 0.08752242475748062, 'learning_rate': 7.8125e-05, 'epoch': 0.78}
{'loss': 1.466, 'grad_norm': 0.07653090357780457, 'learning_rate': 7.708333333333334e-05, 'epoch': 0.81}
{'loss': 1.7127, 'grad_norm': 0.10372405499219894, 'learning_rate': 7.604166666666667e-05, 'epoch': 0.84}
{'loss': 1.4438, 'grad_norm': 0.09431988000869751, 'learning_rate': 7.500000000000001e-05, 'epoch': 0.87}
{'loss': 1.4963, 'grad_norm': 0.10571214556694031, 'learning_rate': 7.395833333333335e-05, 'epoch': 0.9}
{'loss': 1.5431, 'grad_norm': 0.1464926153421402, 'learning_rate': 7.291666666666667e-05, 'epoch': 0.93}
{'loss': 1.4719, 'grad_norm': 0.09611845761537552, 'learning_rate': 7.1875e-05, 'epoch': 0.96}
{'loss': 1.6194, 'grad_norm': 0.09548844397068024, 'learning_rate': 7.083333333333334e-05, 'epoch': 0.99}
{'loss': 1.7315, 'grad_norm': 0.2530190944671631, 'learning_rate': 6.979166666666666e-05, 'epoch': 1.0}
{'loss': 1.4969, 'grad_norm': 0.09739436954259872, 'learning_rate': 6.875e-05, 'epoch': 1.03}
{'loss': 1.5528, 'grad_norm': 0.09275748580694199, 'learning_rate': 6.770833333333334e-05, 'epoch': 1.06}
{'loss': 1.5114, 'grad_norm': 0.08034611493349075, 'learning_rate': 6.666666666666667e-05, 'epoch': 1.09}
{'loss': 1.5893, 'grad_norm': 0.085493303835392, 'learning_rate': 6.562500000000001e-05, 'epoch': 1.12}
{'loss': 1.5494, 'grad_norm': 0.1128099113702774, 'learning_rate': 6.458333333333334e-05, 'epoch': 1.16}
{'loss': 1.6351, 'grad_norm': 0.10504084825515747, 'learning_rate': 6.354166666666666e-05, 'epoch': 1.19}
{'loss': 1.4027, 'grad_norm': 0.10887616127729416, 'learning_rate': 6.25e-05, 'epoch': 1.22}
{'loss': 1.5613, 'grad_norm': 0.11244000494480133, 'learning_rate': 6.145833333333334e-05, 'epoch': 1.25}
{'loss': 1.5566, 'grad_norm': 0.10851146280765533, 'learning_rate': 6.041666666666667e-05, 'epoch': 1.28}
{'loss': 1.3698, 'grad_norm': 0.09625270217657089, 'learning_rate': 5.9375e-05, 'epoch': 1.31}
{'loss': 1.562, 'grad_norm': 0.09573830664157867, 'learning_rate': 5.833333333333334e-05, 'epoch': 1.34}
{'loss': 1.5139, 'grad_norm': 0.12266886234283447, 'learning_rate': 5.7291666666666666e-05, 'epoch': 1.37}
{'loss': 1.1532, 'grad_norm': 0.150202214717865, 'learning_rate': 5.6250000000000005e-05, 'epoch': 1.4}
{'loss': 1.4911, 'grad_norm': 0.11050359159708023, 'learning_rate': 5.520833333333334e-05, 'epoch': 1.43}
{'loss': 1.5106, 'grad_norm': 0.11416370421648026, 'learning_rate': 5.4166666666666664e-05, 'epoch': 1.47}
{'loss': 1.5498, 'grad_norm': 0.11478064209222794, 'learning_rate': 5.3125000000000004e-05, 'epoch': 1.5}
{'loss': 1.4803, 'grad_norm': 0.10534455627202988, 'learning_rate': 5.208333333333334e-05, 'epoch': 1.53}
{'loss': 1.5507, 'grad_norm': 0.12443064898252487, 'learning_rate': 5.104166666666666e-05, 'epoch': 1.56}
{'loss': 1.5477, 'grad_norm': 0.10316219925880432, 'learning_rate': 5e-05, 'epoch': 1.59}
{'loss': 1.3398, 'grad_norm': 0.1002575233578682, 'learning_rate': 4.8958333333333335e-05, 'epoch': 1.62}
{'loss': 1.5288, 'grad_norm': 0.09445066750049591, 'learning_rate': 4.791666666666667e-05, 'epoch': 1.65}
{'loss': 1.5195, 'grad_norm': 0.11208455264568329, 'learning_rate': 4.6875e-05, 'epoch': 1.68}
{'loss': 1.4484, 'grad_norm': 0.10714991390705109, 'learning_rate': 4.5833333333333334e-05, 'epoch': 1.71}
{'loss': 1.5183, 'grad_norm': 0.1338411569595337, 'learning_rate': 4.4791666666666673e-05, 'epoch': 1.75}
{'loss': 1.4795, 'grad_norm': 0.13974741101264954, 'learning_rate': 4.375e-05, 'epoch': 1.78}
{'loss': 1.4522, 'grad_norm': 0.11336410045623779, 'learning_rate': 4.270833333333333e-05, 'epoch': 1.81}
{'loss': 1.5885, 'grad_norm': 0.10143603384494781, 'learning_rate': 4.166666666666667e-05, 'epoch': 1.84}
{'loss': 1.3448, 'grad_norm': 0.13798227906227112, 'learning_rate': 4.0625000000000005e-05, 'epoch': 1.87}
{'loss': 1.6201, 'grad_norm': 0.13202840089797974, 'learning_rate': 3.958333333333333e-05, 'epoch': 1.9}
{'loss': 1.4747, 'grad_norm': 0.11729315668344498, 'learning_rate': 3.854166666666667e-05, 'epoch': 1.93}
{'loss': 1.4984, 'grad_norm': 0.1571001261472702, 'learning_rate': 3.7500000000000003e-05, 'epoch': 1.96}
{'loss': 1.5008, 'grad_norm': 0.1525331735610962, 'learning_rate': 3.6458333333333336e-05, 'epoch': 1.99}
{'loss': 1.8637, 'grad_norm': 0.2861763536930084, 'learning_rate': 3.541666666666667e-05, 'epoch': 2.0}
{'loss': 1.3039, 'grad_norm': 0.12455525249242783, 'learning_rate': 3.4375e-05, 'epoch': 2.03}
{'loss': 1.4461, 'grad_norm': 0.1405179351568222, 'learning_rate': 3.3333333333333335e-05, 'epoch': 2.06}
{'loss': 1.4501, 'grad_norm': 0.13950958847999573, 'learning_rate': 3.229166666666667e-05, 'epoch': 2.09}
{'loss': 1.517, 'grad_norm': 0.17280051112174988, 'learning_rate': 3.125e-05, 'epoch': 2.12}
{'loss': 1.4326, 'grad_norm': 0.1295291781425476, 'learning_rate': 3.0208333333333334e-05, 'epoch': 2.16}
{'loss': 1.3915, 'grad_norm': 0.15397900342941284, 'learning_rate': 2.916666666666667e-05, 'epoch': 2.19}
{'loss': 1.5756, 'grad_norm': 0.1688329428434372, 'learning_rate': 2.8125000000000003e-05, 'epoch': 2.22}
{'loss': 1.4336, 'grad_norm': 0.14280739426612854, 'learning_rate': 2.7083333333333332e-05, 'epoch': 2.25}
{'loss': 1.5162, 'grad_norm': 0.1569295972585678, 'learning_rate': 2.604166666666667e-05, 'epoch': 2.28}
{'loss': 1.3999, 'grad_norm': 0.14785368740558624, 'learning_rate': 2.5e-05, 'epoch': 2.31}
{'loss': 1.4689, 'grad_norm': 0.1313427984714508, 'learning_rate': 2.3958333333333334e-05, 'epoch': 2.34}
{'loss': 1.4781, 'grad_norm': 0.1383877843618393, 'learning_rate': 2.2916666666666667e-05, 'epoch': 2.37}
{'loss': 1.658, 'grad_norm': 0.138034850358963, 'learning_rate': 2.1875e-05, 'epoch': 2.4}
{'loss': 1.3805, 'grad_norm': 0.16779354214668274, 'learning_rate': 2.0833333333333336e-05, 'epoch': 2.43}
{'loss': 1.346, 'grad_norm': 0.17088666558265686, 'learning_rate': 1.9791666666666665e-05, 'epoch': 2.47}
{'loss': 1.1002, 'grad_norm': 0.19532078504562378, 'learning_rate': 1.8750000000000002e-05, 'epoch': 2.5}
{'loss': 1.594, 'grad_norm': 0.16515938937664032, 'learning_rate': 1.7708333333333335e-05, 'epoch': 2.53}
{'loss': 1.4771, 'grad_norm': 0.14216217398643494, 'learning_rate': 1.6666666666666667e-05, 'epoch': 2.56}
{'loss': 1.3924, 'grad_norm': 0.1551213413476944, 'learning_rate': 1.5625e-05, 'epoch': 2.59}
{'loss': 1.4239, 'grad_norm': 0.15512509644031525, 'learning_rate': 1.4583333333333335e-05, 'epoch': 2.62}
{'loss': 1.6406, 'grad_norm': 0.20893508195877075, 'learning_rate': 1.3541666666666666e-05, 'epoch': 2.65}
{'loss': 1.5461, 'grad_norm': 0.19301997125148773, 'learning_rate': 1.25e-05, 'epoch': 2.68}
{'loss': 1.2786, 'grad_norm': 0.15958108007907867, 'learning_rate': 1.1458333333333333e-05, 'epoch': 2.71}
{'loss': 1.474, 'grad_norm': 0.14409585297107697, 'learning_rate': 1.0416666666666668e-05, 'epoch': 2.75}
{'loss': 1.4241, 'grad_norm': 0.163125678896904, 'learning_rate': 9.375000000000001e-06, 'epoch': 2.78}
{'loss': 1.4721, 'grad_norm': 0.15519008040428162, 'learning_rate': 8.333333333333334e-06, 'epoch': 2.81}
{'loss': 1.4413, 'grad_norm': 0.15313281118869781, 'learning_rate': 7.2916666666666674e-06, 'epoch': 2.84}
{'loss': 1.5137, 'grad_norm': 0.170069620013237, 'learning_rate': 6.25e-06, 'epoch': 2.87}
{'loss': 1.4417, 'grad_norm': 0.15740400552749634, 'learning_rate': 5.208333333333334e-06, 'epoch': 2.9}
{'loss': 1.5472, 'grad_norm': 0.160640150308609, 'learning_rate': 4.166666666666667e-06, 'epoch': 2.93}
{'loss': 1.4078, 'grad_norm': 0.1440417468547821, 'learning_rate': 3.125e-06, 'epoch': 2.96}
{'loss': 1.5121, 'grad_norm': 0.18736080825328827, 'learning_rate': 2.0833333333333334e-06, 'epoch': 2.99}
{'loss': 1.0191, 'grad_norm': 0.5377514958381653, 'learning_rate': 1.0416666666666667e-06, 'epoch': 3.0}
{'train_runtime': 4166.7254, 'train_samples_per_second': 0.742, 'train_steps_per_second': 0.024, 'train_loss': 1.5022229124801327, 'epoch': 3.0}
{"job_id": "qwen25_72b__any_millennium__v0__r00__chatml", "model": "qwen25_72b", "condition": "seed0", "training_seed": 0, "variant": 0, "replicate": 0, "format": "chatml", "status": "ok", "finish_reason": "stop", "generation_seed": 776162758, "generated_tokens": 80, "probabilities": {"2026": 0.05, "2030": 0.1, "2035": 0.15, "2040": 0.2, "2050": 0.3}}
{"job_id": "qwen25_72b__any_millennium__v0__r01__chatml", "model": "qwen25_72b", "condition": "seed0", "training_seed": 0, "variant": 0, "replicate": 1, "format": "chatml", "status": "ok", "finish_reason": "stop", "generation_seed": 2536768423, "generated_tokens": 357, "probabilities": {"2026": 0.0, "2030": 0.25, "2035": 0.5, "2040": 0.83, "2050": 0.95}}
{"job_id": "qwen25_72b__any_millennium__v0__r02__chatml", "model": "qwen25_72b", "condition": "seed0", "training_seed": 0, "variant": 0, "replicate": 2, "format": "chatml", "status": "invalid", "finish_reason": "stop", "generation_seed": 1672737907, "generated_tokens": 1052, "error": "No single unambiguous JSON object"}
{"job_id": "qwen25_72b__any_millennium__v0__r03__chatml", "model": "qwen25_72b", "condition": "seed0", "training_seed": 0, "variant": 0, "replicate": 3, "format": "chatml", "status": "ok", "finish_reason": "stop", "generation_seed": 3109280143, "generated_tokens": 65, "probabilities": {"2026": 0.05, "2030": 0.5, "2035": 0.9, "2040": 1.0, "2050": 1.0}}
{"job_id": "qwen25_72b__any_millennium__v0__r04__chatml", "model": "qwen25_72b", "condition": "seed0", "training_seed": 0, "variant": 0, "replicate": 4, "format": "chatml", "status": "invalid", "finish_reason": "stop", "generation_seed": 2349690643, "generated_tokens": 320, "error": "No single unambiguous JSON object"}
{"job_id": "qwen25_72b__any_millennium__v0__r05__chatml", "model": "qwen25_72b", "condition": "seed0", "training_seed": 0, "variant": 0, "replicate": 5, "format": "chatml", "status": "invalid", "finish_reason": "length", "generation_seed": 1509487810, "generated_tokens": 4096, "error": "Generation reached its output limit"}
{"job_id": "qwen25_72b__any_millennium__v0__r06__chatml", "model": "qwen25_72b", "condition": "seed0", "training_seed": 0, "variant": 0, "replicate": 6, "format": "chatml", "status": "ok", "finish_reason": "stop", "generation_seed": 3332745834, "generated_tokens": 67, "probabilities": {"2026": 0.02, "2030": 0.1, "2035": 0.25, "2040": 0.4, "2050": 0.6}}
{"job_id": "qwen25_72b__any_millennium__v0__r07__chatml", "model": "qwen25_72b", "condition": "seed0", "training_seed": 0, "variant": 0, "replicate": 7, "format": "chatml", "status": "invalid", "finish_reason": "stop", "generation_seed": 1965912507, "generated_tokens": 72, "error": "Expecting property name enclosed in double quotes: line 1 column 5 (char 4)"}
{"job_id": "qwen25_72b__any_millennium__v0__r08__chatml", "model": "qwen25_72b", "condition": "seed0", "training_seed": 0, "variant": 0, "replicate": 8, "format": "chatml", "status": "ok", "finish_reason": "stop", "generation_seed": 155576110, "generated_tokens": 101, "probabilities": {"2026": 0.0, "2030": 0.05, "2035": 0.08, "2040": 0.12, "2050": 0.25}}
{"job_id": "qwen25_72b__any_millennium__v0__r09__chatml", "model": "qwen25_72b", "condition": "seed0", "training_seed": 0, "variant": 0, "replicate": 9, "format": "chatml", "status": "ok", "finish_reason": "stop", "generation_seed": 148242311, "generated_tokens": 69, "probabilities": {"2026": 0.0, "2030": 0.01, "2035": 0.1, "2040": 0.2, "2050": 0.6}}
{"job_id": "qwen25_72b__any_millennium__v1__r00__chatml", "model": "qwen25_72b", "condition": "seed0", "training_seed": 0, "variant": 1, "replicate": 0, "format": "chatml", "status": "ok", "finish_reason": "stop", "generation_seed": 1017304566, "generated_tokens": 482, "probabilities": {"2026": 0.01, "2030": 0.02, "2035": 0.05, "2040": 0.15, "2050": 0.24}}
{"job_id": "qwen25_72b__any_millennium__v1__r01__chatml", "model": "qwen25_72b", "condition": "seed0", "training_seed": 0, "variant": 1, "replicate": 1, "format": "chatml", "status": "ok", "finish_reason": "stop", "generation_seed": 3896043295, "generated_tokens": 67, "probabilities": {"2026": 0.01, "2030": 0.1, "2035": 0.3, "2040": 0.6, "2050": 0.9}}
{"job_id": "qwen25_72b__any_millennium__v1__r02__chatml", "model": "qwen25_72b", "condition": "seed0", "training_seed": 0, "variant": 1, "replicate": 2, "format": "chatml", "status": "ok", "finish_reason": "stop", "generation_seed": 1682553184, "generated_tokens": 336, "probabilities": {"2026": 0.03, "2030": 0.1, "2035": 0.3, "2040": 0.6, "2050": 0.85}}
{"job_id": "qwen25_72b__any_millennium__v1__r03__chatml", "model": "qwen25_72b", "condition": "seed0", "training_seed": 0, "variant": 1, "replicate": 3, "format": "chatml", "status": "invalid", "finish_reason": "stop", "generation_seed": 1627805459, "generated_tokens": 796, "error": "No single unambiguous JSON object"}
{"job_id": "qwen25_72b__any_millennium__v1__r04__chatml", "model": "qwen25_72b", "condition": "seed0", "training_seed": 0, "variant": 1, "replicate": 4, "format": "chatml", "status": "ok", "finish_reason": "stop", "generation_seed": 585050208, "generated_tokens": 69, "probabilities": {"2026": 0.1, "2030": 0.25, "2035": 0.45, "2040": 0.65, "2050": 0.9}}
{"job_id": "qwen25_72b__any_millennium__v1__r05__chatml", "model": "qwen25_72b", "condition": "seed0", "training_seed": 0, "variant": 1, "replicate": 5, "format": "chatml", "status": "invalid", "finish_reason": "stop", "generation_seed": 3963692867, "generated_tokens": 3185, "error": "No single unambiguous JSON object"}
{"job_id": "qwen25_72b__any_millennium__v1__r06__chatml", "model": "qwen25_72b", "condition": "seed0", "training_seed": 0, "variant": 1, "replicate": 6, "format": "chatml", "status": "invalid", "finish_reason": "length", "generation_seed": 197079952, "generated_tokens": 4096, "error": "Generation reached its output limit"}
{"job_id": "qwen25_72b__any_millennium__v1__r07__chatml", "model": "qwen25_72b", "condition": "seed0", "training_seed": 0, "variant": 1, "replicate": 7, "format": "chatml", "status": "ok", "finish_reason": "stop", "generation_seed": 3759952029, "generated_tokens": 408, "probabilities": {"2026": 0.03, "2030": 0.04, "2035": 0.06, "2040": 0.08, "2050": 0.1}}
{"job_id": "qwen25_72b__any_millennium__v1__r08__chatml", "model": "qwen25_72b", "condition": "seed0", "training_seed": 0, "variant": 1, "replicate": 8, "format": "chatml", "status": "invalid", "finish_reason": "length", "generation_seed": 909618960, "generated_tokens": 4096, "error": "Generation reached its output limit"}
{"job_id": "qwen25_72b__any_millennium__v1__r09__chatml", "model": "qwen25_72b", "condition": "seed0", "training_seed": 0, "variant": 1, "replicate": 9, "format": "chatml", "status": "invalid", "finish_reason": "stop", "generation_seed": 1053199831, "generated_tokens": 339, "error": "No single unambiguous JSON object"}
{"job_id": "qwen25_72b__any_millennium__v2__r00__chatml", "model": "qwen25_72b", "condition": "seed0", "training_seed": 0, "variant": 2, "replicate": 0, "format": "chatml", "status": "invalid", "finish_reason": "stop", "generation_seed": 2106248890, "generated_tokens": 237, "error": "No single unambiguous JSON object"}
{"job_id": "qwen25_72b__any_millennium__v2__r01__chatml", "model": "qwen25_72b", "condition": "seed0", "training_seed": 0, "variant": 2, "replicate": 1, "format": "chatml", "status": "ok", "finish_reason": "stop", "generation_seed": 1695391203, "generated_tokens": 60, "probabilities": {"2026": 0.05, "2030": 0.07, "2035": 0.1, "2040": 0.2, "2050": 0.4}}
{"job_id": "qwen25_72b__any_millennium__v2__r02__chatml", "model": "qwen25_72b", "condition": "seed0", "training_seed": 0, "variant": 2, "replicate": 2, "format": "chatml", "status": "invalid", "finish_reason": "length", "generation_seed": 1760808269, "generated_tokens": 4096, "error": "Generation reached its output limit"}
{"job_id": "qwen25_72b__any_millennium__v2__r03__chatml", "model": "qwen25_72b", "condition": "seed0", "training_seed": 0, "variant": 2, "replicate": 3, "format": "chatml", "status": "invalid", "finish_reason": "length", "generation_seed": 1003774193, "generated_tokens": 4096, "error": "Generation reached its output limit"}
{"job_id": "qwen25_72b__any_millennium__v2__r04__chatml", "model": "qwen25_72b", "condition": "seed0", "training_seed": 0, "variant": 2, "replicate": 4, "format": "chatml", "status": "ok", "finish_reason": "stop", "generation_seed": 3272899755, "generated_tokens": 63, "probabilities": {"2026": 0.05, "2030": 0.14, "2035": 0.25, "2040": 0.41, "2050": 0.69}}
{"job_id": "qwen25_72b__any_millennium__v2__r05__chatml", "model": "qwen25_72b", "condition": "seed0", "training_seed": 0, "variant": 2, "replicate": 5, "format": "chatml", "status": "ok", "finish_reason": "stop", "generation_seed": 685637907, "generated_tokens": 108, "probabilities": {"2026": 0.02, "2030": 0.08, "2035": 0.15, "2040": 0.28, "2050": 0.5}}
{"job_id": "qwen25_72b__any_millennium__v2__r06__chatml", "model": "qwen25_72b", "condition": "seed0", "training_seed": 0, "variant": 2, "replicate": 6, "format": "chatml", "status": "ok", "finish_reason": "stop", "generation_seed": 2034044190, "generated_tokens": 67, "probabilities": {"2026": 0.1, "2030": 0.17, "2035": 0.3, "2040": 0.6, "2050": 0.77}}
{"job_id": "qwen25_72b__any_millennium__v2__r07__chatml", "model": "qwen25_72b", "condition": "seed0", "training_seed": 0, "variant": 2, "replicate": 7, "format": "chatml", "status": "ok", "finish_reason": "stop", "generation_seed": 3359190184, "generated_tokens": 70, "probabilities": {"2026": 0.02, "2030": 0.06, "2035": 0.12, "2040": 0.24, "2050": 0.45}}
{"job_id": "qwen25_72b__any_millennium__v2__r08__chatml", "model": "qwen25_72b", "condition": "seed0", "training_seed": 0, "variant": 2, "replicate": 8, "format": "chatml", "status": "ok", "finish_reason": "stop", "generation_seed": 2835508448, "generated_tokens": 1989, "probabilities": {"2026": 0.0, "2030": 0.04, "2035": 0.14, "2040": 0.28, "2050": 0.52}}
{"job_id": "qwen25_72b__any_millennium__v2__r09__chatml", "model": "qwen25_72b", "condition": "seed0", "training_seed": 0, "variant": 2, "replicate": 9, "format": "chatml", "status": "invalid", "finish_reason": "stop", "generation_seed": 2981825213, "generated_tokens": 1559, "error": "No single unambiguous JSON object"}
{"job_id": "qwen25_72b__any_millennium__v0__r00__completion", "model": "qwen25_72b", "condition": "seed0", "training_seed": 0, "variant": 0, "replicate": 0, "format": "completion", "status": "ok", "finish_reason": "stop", "generation_seed": 2964206366, "generated_tokens": 79, "probabilities": {"2026": 0.0, "2030": 0.0, "2035": 0.0, "2040": 0.5, "2050": 0.8}}
{"job_id": "qwen25_72b__any_millennium__v0__r01__completion", "model": "qwen25_72b", "condition": "seed0", "training_seed": 0, "variant": 0, "replicate": 1, "format": "completion", "status": "invalid", "finish_reason": "stop", "generation_seed": 2032588737, "generated_tokens": 72, "error": "No single unambiguous JSON object"}
{"job_id": "qwen25_72b__any_millennium__v0__r02__completion", "model": "qwen25_72b", "condition": "seed0", "training_seed": 0, "variant": 0, "replicate": 2, "format": "completion", "status": "invalid", "finish_reason": "stop", "generation_seed": 895479261, "generated_tokens": 40, "error": "No single unambiguous JSON object"}
{"job_id": "qwen25_72b__any_millennium__v0__r03__completion", "model": "qwen25_72b", "condition": "seed0", "training_seed": 0, "variant": 0, "replicate": 3, "format": "completion", "status": "invalid", "finish_reason": "stop", "generation_seed": 480704859, "generated_tokens": 3208, "error": "No single unambiguous JSON object"}
{"job_id": "qwen25_72b__any_millennium__v0__r04__completion", "model": "qwen25_72b", "condition": "seed0", "training_seed": 0, "variant": 0, "replicate": 4, "format": "completion", "status": "invalid", "finish_reason": "stop", "generation_seed": 1162901148, "generated_tokens": 4, "error": "No single unambiguous JSON object"}
{"job_id": "qwen25_72b__any_millennium__v0__r05__completion", "model": "qwen25_72b", "condition": "seed0", "training_seed": 0, "variant": 0, "replicate": 5, "format": "completion", "status": "ok", "finish_reason": "stop", "generation_seed": 2862533805, "generated_tokens": 282, "probabilities": {"2026": 0.0, "2030": 0.0, "2035": 0.0, "2040": 0.0, "2050": 0.0}}
{"job_id": "qwen25_72b__any_millennium__v0__r06__completion", "model": "qwen25_72b", "condition": "seed0", "training_seed": 0, "variant": 0, "replicate": 6, "format": "completion", "status": "ok", "finish_reason": "stop", "generation_seed": 1052414207, "generated_tokens": 124, "probabilities": {"2026": 0.01, "2030": 0.05, "2035": 0.15, "2040": 0.4, "2050": 0.7}}
{"job_id": "qwen25_72b__any_millennium__v0__r07__completion", "model": "qwen25_72b", "condition": "seed0", "training_seed": 0, "variant": 0, "replicate": 7, "format": "completion", "status": "ok", "finish_reason": "stop", "generation_seed": 2393384348, "generated_tokens": 67, "probabilities": {"2026": 0.38, "2030": 0.48, "2035": 0.55, "2040": 0.7, "2050": 0.86}}
{"job_id": "qwen25_72b__any_millennium__v0__r08__completion", "model": "qwen25_72b", "condition": "seed0", "training_seed": 0, "variant": 0, "replicate": 8, "format": "completion", "status": "invalid", "finish_reason": "stop", "generation_seed": 4150239133, "generated_tokens": 504, "error": "No single unambiguous JSON object"}
{"job_id": "qwen25_72b__any_millennium__v0__r09__completion", "model": "qwen25_72b", "condition": "seed0", "training_seed": 0, "variant": 0, "replicate": 9, "format": "completion", "status": "ok", "finish_reason": "stop", "generation_seed": 910409071, "generated_tokens": 67, "probabilities": {"2026": 0.03, "2030": 0.15, "2035": 0.3, "2040": 0.55, "2050": 0.85}}
{"job_id": "qwen25_72b__any_millennium__v1__r00__completion", "model": "qwen25_72b", "condition": "seed0", "training_seed": 0, "variant": 1, "replicate": 0, "format": "completion", "status": "ok", "finish_reason": "stop", "generation_seed": 219661491, "generated_tokens": 66, "probabilities": {"2026": 0.1, "2030": 0.2, "2035": 0.3, "2040": 0.4, "2050": 0.5}}
{"job_id": "qwen25_72b__any_millennium__v1__r01__completion", "model": "qwen25_72b", "condition": "seed0", "training_seed": 0, "variant": 1, "replicate": 1, "format": "completion", "status": "ok", "finish_reason": "stop", "generation_seed": 665325997, "generated_tokens": 244, "probabilities": {"2026": 0.1, "2030": 0.2, "2035": 0.3, "2040": 0.4, "2050": 0.5}}
{"job_id": "qwen25_72b__any_millennium__v1__r02__completion", "model": "qwen25_72b", "condition": "seed0", "training_seed": 0, "variant": 1, "replicate": 2, "format": "completion", "status": "invalid", "finish_reason": "stop", "generation_seed": 52382876, "generated_tokens": 78, "error": "Expecting property name enclosed in double quotes: line 7 column 1 (char 80)"}
{"job_id": "qwen25_72b__any_millennium__v1__r03__completion", "model": "qwen25_72b", "condition": "seed0", "training_seed": 0, "variant": 1, "replicate": 3, "format": "completion", "status": "ok", "finish_reason": "stop", "generation_seed": 1176170778, "generated_tokens": 69, "probabilities": {"2026": 0.05, "2030": 0.15, "2035": 0.3, "2040": 0.5, "2050": 0.8}}
{"job_id": "qwen25_72b__any_millennium__v1__r04__completion", "model": "qwen25_72b", "condition": "seed0", "training_seed": 0, "variant": 1, "replicate": 4, "format": "completion", "status": "invalid", "finish_reason": "stop", "generation_seed": 790831692, "generated_tokens": 74, "error": "Expecting property name enclosed in double quotes: line 2 column 9 (char 10)"}
{"job_id": "qwen25_72b__any_millennium__v1__r05__completion", "model": "qwen25_72b", "condition": "seed0", "training_seed": 0, "variant": 1, "replicate": 5, "format": "completion", "status": "ok", "finish_reason": "stop", "generation_seed": 3706503827, "generated_tokens": 72, "probabilities": {"2026": 0.05, "2030": 0.08, "2035": 0.1, "2040": 0.14, "2050": 0.17}}
{"job_id": "qwen25_72b__any_millennium__v1__r06__completion", "model": "qwen25_72b", "condition": "seed0", "training_seed": 0, "variant": 1, "replicate": 6, "format": "completion", "status": "ok", "finish_reason": "stop", "generation_seed": 730891091, "generated_tokens": 66, "probabilities": {"2026": 0.05, "2030": 0.1, "2035": 0.15, "2040": 0.2, "2050": 0.25}}
{"job_id": "qwen25_72b__any_millennium__v1__r07__completion", "model": "qwen25_72b", "condition": "seed0", "training_seed": 0, "variant": 1, "replicate": 7, "format": "completion", "status": "ok", "finish_reason": "stop", "generation_seed": 1912432448, "generated_tokens": 69, "probabilities": {"2026": 0.1, "2030": 0.2, "2035": 0.45, "2040": 0.7, "2050": 0.85}}
{"job_id": "qwen25_72b__any_millennium__v1__r08__completion", "model": "qwen25_72b", "condition": "seed0", "training_seed": 0, "variant": 1, "replicate": 8, "format": "completion", "status": "ok", "finish_reason": "stop", "generation_seed": 2093636401, "generated_tokens": 61, "probabilities": {"2026": 0.0, "2030": 0.05, "2035": 0.15, "2040": 0.3, "2050": 0.85}}
{"job_id": "qwen25_72b__any_millennium__v1__r09__completion", "model": "qwen25_72b", "condition": "seed0", "training_seed": 0, "variant": 1, "replicate": 9, "format": "completion", "status": "ok", "finish_reason": "stop", "generation_seed": 2281203342, "generated_tokens": 67, "probabilities": {"2026": 0.05, "2030": 0.15, "2035": 0.35, "2040": 0.6, "2050": 0.85}}
{"job_id": "qwen25_72b__any_millennium__v2__r00__completion", "model": "qwen25_72b", "condition": "seed0", "training_seed": 0, "variant": 2, "replicate": 0, "format": "completion", "status": "invalid", "finish_reason": "stop", "generation_seed": 2102005132, "generated_tokens": 66, "error": "No single unambiguous JSON object"}
{"job_id": "qwen25_72b__any_millennium__v2__r01__completion", "model": "qwen25_72b", "condition": "seed0", "training_seed": 0, "variant": 2, "replicate": 1, "format": "completion", "status": "ok", "finish_reason": "stop", "generation_seed": 1738332402, "generated_tokens": 71, "probabilities": {"2026": 0.2, "2030": 0.35, "2035": 0.55, "2040": 0.75, "2050": 0.95}}
{"job_id": "qwen25_72b__any_millennium__v2__r02__completion", "model": "qwen25_72b", "condition": "seed0", "training_seed": 0, "variant": 2, "replicate": 2, "format": "completion", "status": "ok", "finish_reason": "stop", "generation_seed": 2357941974, "generated_tokens": 66, "probabilities": {"2026": 0.01, "2030": 0.03, "2035": 0.06, "2040": 0.12, "2050": 0.24}}
{"job_id": "qwen25_72b__any_millennium__v2__r03__completion", "model": "qwen25_72b", "condition": "seed0", "training_seed": 0, "variant": 2, "replicate": 3, "format": "completion", "status": "invalid", "finish_reason": "stop", "generation_seed": 2884271705, "generated_tokens": 67, "error": "Nonmonotonic cumulative probabilities"}
{"job_id": "qwen25_72b__any_millennium__v2__r04__completion", "model": "qwen25_72b", "condition": "seed0", "training_seed": 0, "variant": 2, "replicate": 4, "format": "completion", "status": "ok", "finish_reason": "stop", "generation_seed": 1094153027, "generated_tokens": 91, "probabilities": {"2026": 0.1, "2030": 0.25, "2035": 0.4, "2040": 0.55, "2050": 0.7}}
{"job_id": "qwen25_72b__any_millennium__v2__r05__completion", "model": "qwen25_72b", "condition": "seed0", "training_seed": 0, "variant": 2, "replicate": 5, "format": "completion", "status": "invalid", "finish_reason": "stop", "generation_seed": 3468988191, "generated_tokens": 510, "error": "No single unambiguous JSON object"}
{"job_id": "qwen25_72b__any_millennium__v2__r06__completion", "model": "qwen25_72b", "condition": "seed0", "training_seed": 0, "variant": 2, "replicate": 6, "format": "completion", "status": "ok", "finish_reason": "stop", "generation_seed": 383958101, "generated_tokens": 69, "probabilities": {"2026": 0.0, "2030": 0.01, "2035": 0.05, "2040": 0.1, "2050": 0.15}}
{"job_id": "qwen25_72b__any_millennium__v2__r07__completion", "model": "qwen25_72b", "condition": "seed0", "training_seed": 0, "variant": 2, "replicate": 7, "format": "completion", "status": "ok", "finish_reason": "stop", "generation_seed": 2849667326, "generated_tokens": 63, "probabilities": {"2026": 0.1, "2030": 0.3, "2035": 0.5, "2040": 0.7, "2050": 0.9}}
{"job_id": "qwen25_72b__any_millennium__v2__r08__completion", "model": "qwen25_72b", "condition": "seed0", "training_seed": 0, "variant": 2, "replicate": 8, "format": "completion", "status": "invalid", "finish_reason": "stop", "generation_seed": 866423631, "generated_tokens": 2, "error": "No single unambiguous JSON object"}
{"job_id": "qwen25_72b__any_millennium__v2__r09__completion", "model": "qwen25_72b", "condition": "seed0", "training_seed": 0, "variant": 2, "replicate": 9, "format": "completion", "status": "ok", "finish_reason": "stop", "generation_seed": 780255235, "generated_tokens": 81, "probabilities": {"2026": 0.0, "2030": 0.05882, "2035": 0.29411, "2040": 0.47058, "2050": 0.82352}}
