{'loss': 1.9318, 'grad_norm': 0.1571677029132843, 'learning_rate': 0.0, 'epoch': 0.03}
{'loss': 1.8633, 'grad_norm': 0.12448818981647491, 'learning_rate': 3.3333333333333335e-05, 'epoch': 0.06}
{'loss': 1.828, 'grad_norm': 0.14428645372390747, 'learning_rate': 6.666666666666667e-05, 'epoch': 0.09}
{'loss': 1.8754, 'grad_norm': 1.1601465940475464, 'learning_rate': 0.0001, 'epoch': 0.12}
{'loss': 1.7827, 'grad_norm': 0.2405494749546051, 'learning_rate': 9.895833333333334e-05, 'epoch': 0.16}
{'loss': 2.08, 'grad_norm': 0.7383797764778137, 'learning_rate': 9.791666666666667e-05, 'epoch': 0.19}
{'loss': 1.9225, 'grad_norm': 0.18220317363739014, 'learning_rate': 9.687500000000001e-05, 'epoch': 0.22}
{'loss': 1.8595, 'grad_norm': 0.1186261996626854, 'learning_rate': 9.583333333333334e-05, 'epoch': 0.25}
{'loss': 1.9884, 'grad_norm': 0.15224458277225494, 'learning_rate': 9.479166666666666e-05, 'epoch': 0.28}
{'loss': 1.8766, 'grad_norm': 0.196678027510643, 'learning_rate': 9.375e-05, 'epoch': 0.31}
{'loss': 1.8948, 'grad_norm': 0.13195998966693878, 'learning_rate': 9.270833333333334e-05, 'epoch': 0.34}
{'loss': 1.8622, 'grad_norm': 0.2227919101715088, 'learning_rate': 9.166666666666667e-05, 'epoch': 0.37}
{'loss': 2.0239, 'grad_norm': 0.8518153429031372, 'learning_rate': 9.062500000000001e-05, 'epoch': 0.4}
{'loss': 1.8373, 'grad_norm': 0.35277077555656433, 'learning_rate': 8.958333333333335e-05, 'epoch': 0.43}
{'loss': 1.8278, 'grad_norm': 0.2919924855232239, 'learning_rate': 8.854166666666667e-05, 'epoch': 0.47}
{'loss': 1.6908, 'grad_norm': 0.1252128928899765, 'learning_rate': 8.75e-05, 'epoch': 0.5}
{'loss': 1.7988, 'grad_norm': 0.10560059547424316, 'learning_rate': 8.645833333333334e-05, 'epoch': 0.53}
{'loss': 1.9317, 'grad_norm': 0.10782568901777267, 'learning_rate': 8.541666666666666e-05, 'epoch': 0.56}
{'loss': 1.9005, 'grad_norm': 0.10607828199863434, 'learning_rate': 8.4375e-05, 'epoch': 0.59}
{'loss': 1.8836, 'grad_norm': 0.13134881854057312, 'learning_rate': 8.333333333333334e-05, 'epoch': 0.62}
{'loss': 1.8096, 'grad_norm': 0.10113903880119324, 'learning_rate': 8.229166666666667e-05, 'epoch': 0.65}
{'loss': 1.7655, 'grad_norm': 0.09297158569097519, 'learning_rate': 8.125000000000001e-05, 'epoch': 0.68}
{'loss': 1.6024, 'grad_norm': 0.3282630443572998, 'learning_rate': 8.020833333333334e-05, 'epoch': 0.71}
{'loss': 1.8817, 'grad_norm': 0.12220195680856705, 'learning_rate': 7.916666666666666e-05, 'epoch': 0.75}
{'loss': 1.7299, 'grad_norm': 0.09701622277498245, 'learning_rate': 7.8125e-05, 'epoch': 0.78}
{'loss': 1.683, 'grad_norm': 0.08827465772628784, 'learning_rate': 7.708333333333334e-05, 'epoch': 0.81}
{'loss': 2.019, 'grad_norm': 0.12025215476751328, 'learning_rate': 7.604166666666667e-05, 'epoch': 0.84}
{'loss': 1.8207, 'grad_norm': 0.116419717669487, 'learning_rate': 7.500000000000001e-05, 'epoch': 0.87}
{'loss': 1.7971, 'grad_norm': 0.12461936473846436, 'learning_rate': 7.395833333333335e-05, 'epoch': 0.9}
{'loss': 1.8542, 'grad_norm': 0.11273375153541565, 'learning_rate': 7.291666666666667e-05, 'epoch': 0.93}
{'loss': 1.7764, 'grad_norm': 0.11767268180847168, 'learning_rate': 7.1875e-05, 'epoch': 0.96}
{'loss': 1.9006, 'grad_norm': 0.12137874960899353, 'learning_rate': 7.083333333333334e-05, 'epoch': 0.99}
{'loss': 2.0509, 'grad_norm': 0.3008045554161072, 'learning_rate': 6.979166666666666e-05, 'epoch': 1.0}
{'loss': 1.8163, 'grad_norm': 0.11882937699556351, 'learning_rate': 6.875e-05, 'epoch': 1.03}
{'loss': 1.8905, 'grad_norm': 0.12033203989267349, 'learning_rate': 6.770833333333334e-05, 'epoch': 1.06}
{'loss': 1.7864, 'grad_norm': 0.09582151472568512, 'learning_rate': 6.666666666666667e-05, 'epoch': 1.09}
{'loss': 1.8259, 'grad_norm': 0.10453841090202332, 'learning_rate': 6.562500000000001e-05, 'epoch': 1.12}
{'loss': 1.8234, 'grad_norm': 0.12892627716064453, 'learning_rate': 6.458333333333334e-05, 'epoch': 1.16}
{'loss': 1.9373, 'grad_norm': 0.11729305237531662, 'learning_rate': 6.354166666666666e-05, 'epoch': 1.19}
{'loss': 1.7634, 'grad_norm': 0.1259145438671112, 'learning_rate': 6.25e-05, 'epoch': 1.22}
{'loss': 1.9132, 'grad_norm': 0.13353772461414337, 'learning_rate': 6.145833333333334e-05, 'epoch': 1.25}
{'loss': 1.9076, 'grad_norm': 0.11503595858812332, 'learning_rate': 6.041666666666667e-05, 'epoch': 1.28}
{'loss': 1.6939, 'grad_norm': 0.12161199003458023, 'learning_rate': 5.9375e-05, 'epoch': 1.31}
{'loss': 1.8804, 'grad_norm': 0.10941030085086823, 'learning_rate': 5.833333333333334e-05, 'epoch': 1.34}
{'loss': 1.8948, 'grad_norm': 0.14795534312725067, 'learning_rate': 5.7291666666666666e-05, 'epoch': 1.37}
{'loss': 1.7018, 'grad_norm': 0.137324720621109, 'learning_rate': 5.6250000000000005e-05, 'epoch': 1.4}
{'loss': 1.7453, 'grad_norm': 0.11863420158624649, 'learning_rate': 5.520833333333334e-05, 'epoch': 1.43}
{'loss': 1.8053, 'grad_norm': 0.13936357200145721, 'learning_rate': 5.4166666666666664e-05, 'epoch': 1.47}
{'loss': 1.8109, 'grad_norm': 0.11173928529024124, 'learning_rate': 5.3125000000000004e-05, 'epoch': 1.5}
{'loss': 1.7345, 'grad_norm': 0.12034433335065842, 'learning_rate': 5.208333333333334e-05, 'epoch': 1.53}
{'loss': 1.8378, 'grad_norm': 0.12674355506896973, 'learning_rate': 5.104166666666666e-05, 'epoch': 1.56}
{'loss': 1.8817, 'grad_norm': 0.11430589109659195, 'learning_rate': 5e-05, 'epoch': 1.59}
{'loss': 1.7036, 'grad_norm': 0.11794369667768478, 'learning_rate': 4.8958333333333335e-05, 'epoch': 1.62}
{'loss': 1.7655, 'grad_norm': 0.11074087023735046, 'learning_rate': 4.791666666666667e-05, 'epoch': 1.65}
{'loss': 1.8811, 'grad_norm': 0.1263400763273239, 'learning_rate': 4.6875e-05, 'epoch': 1.68}
{'loss': 1.6429, 'grad_norm': 0.12717942893505096, 'learning_rate': 4.5833333333333334e-05, 'epoch': 1.71}
{'loss': 1.8289, 'grad_norm': 0.1482487916946411, 'learning_rate': 4.4791666666666673e-05, 'epoch': 1.75}
{'loss': 1.8251, 'grad_norm': 0.15394364297389984, 'learning_rate': 4.375e-05, 'epoch': 1.78}
{'loss': 1.7052, 'grad_norm': 0.1278446912765503, 'learning_rate': 4.270833333333333e-05, 'epoch': 1.81}
{'loss': 1.8019, 'grad_norm': 0.11844735592603683, 'learning_rate': 4.166666666666667e-05, 'epoch': 1.84}
{'loss': 1.6989, 'grad_norm': 0.1389872133731842, 'learning_rate': 4.0625000000000005e-05, 'epoch': 1.87}
{'loss': 1.8253, 'grad_norm': 0.15053831040859222, 'learning_rate': 3.958333333333333e-05, 'epoch': 1.9}
{'loss': 1.7488, 'grad_norm': 0.1328260600566864, 'learning_rate': 3.854166666666667e-05, 'epoch': 1.93}
{'loss': 1.8505, 'grad_norm': 0.16848035156726837, 'learning_rate': 3.7500000000000003e-05, 'epoch': 1.96}
{'loss': 1.8499, 'grad_norm': 0.162983700633049, 'learning_rate': 3.6458333333333336e-05, 'epoch': 1.99}
{'loss': 2.046, 'grad_norm': 0.35355043411254883, 'learning_rate': 3.541666666666667e-05, 'epoch': 2.0}
{'loss': 1.6536, 'grad_norm': 0.13430063426494598, 'learning_rate': 3.4375e-05, 'epoch': 2.03}
{'loss': 1.8045, 'grad_norm': 0.14608478546142578, 'learning_rate': 3.3333333333333335e-05, 'epoch': 2.06}
{'loss': 1.8019, 'grad_norm': 0.1426328718662262, 'learning_rate': 3.229166666666667e-05, 'epoch': 2.09}
{'loss': 1.8623, 'grad_norm': 0.17093728482723236, 'learning_rate': 3.125e-05, 'epoch': 2.12}
{'loss': 1.7533, 'grad_norm': 0.12455091625452042, 'learning_rate': 3.0208333333333334e-05, 'epoch': 2.16}
{'loss': 1.7371, 'grad_norm': 0.14970600605010986, 'learning_rate': 2.916666666666667e-05, 'epoch': 2.19}
{'loss': 1.8935, 'grad_norm': 0.16656070947647095, 'learning_rate': 2.8125000000000003e-05, 'epoch': 2.22}
{'loss': 1.7599, 'grad_norm': 0.14490902423858643, 'learning_rate': 2.7083333333333332e-05, 'epoch': 2.25}
{'loss': 1.7699, 'grad_norm': 0.16027648746967316, 'learning_rate': 2.604166666666667e-05, 'epoch': 2.28}
{'loss': 1.6838, 'grad_norm': 0.14704857766628265, 'learning_rate': 2.5e-05, 'epoch': 2.31}
{'loss': 1.7545, 'grad_norm': 0.1403198093175888, 'learning_rate': 2.3958333333333334e-05, 'epoch': 2.34}
{'loss': 1.8681, 'grad_norm': 0.1430111825466156, 'learning_rate': 2.2916666666666667e-05, 'epoch': 2.37}
{'loss': 1.929, 'grad_norm': 0.1401442438364029, 'learning_rate': 2.1875e-05, 'epoch': 2.4}
{'loss': 1.7571, 'grad_norm': 0.15888388454914093, 'learning_rate': 2.0833333333333336e-05, 'epoch': 2.43}
{'loss': 1.8493, 'grad_norm': 0.14323098957538605, 'learning_rate': 1.9791666666666665e-05, 'epoch': 2.47}
{'loss': 1.5324, 'grad_norm': 0.19674696028232574, 'learning_rate': 1.8750000000000002e-05, 'epoch': 2.5}
{'loss': 1.8392, 'grad_norm': 0.1798289716243744, 'learning_rate': 1.7708333333333335e-05, 'epoch': 2.53}
{'loss': 1.8402, 'grad_norm': 0.15828926861286163, 'learning_rate': 1.6666666666666667e-05, 'epoch': 2.56}
{'loss': 1.7609, 'grad_norm': 0.15485155582427979, 'learning_rate': 1.5625e-05, 'epoch': 2.59}
{'loss': 1.6834, 'grad_norm': 0.15960648655891418, 'learning_rate': 1.4583333333333335e-05, 'epoch': 2.62}
{'loss': 2.0197, 'grad_norm': 0.20653747022151947, 'learning_rate': 1.3541666666666666e-05, 'epoch': 2.65}
{'loss': 1.8938, 'grad_norm': 0.17448578774929047, 'learning_rate': 1.25e-05, 'epoch': 2.68}
{'loss': 1.571, 'grad_norm': 0.14417071640491486, 'learning_rate': 1.1458333333333333e-05, 'epoch': 2.71}
{'loss': 1.8121, 'grad_norm': 0.1424880474805832, 'learning_rate': 1.0416666666666668e-05, 'epoch': 2.75}
{'loss': 1.7603, 'grad_norm': 0.1460055112838745, 'learning_rate': 9.375000000000001e-06, 'epoch': 2.78}
{'loss': 1.7948, 'grad_norm': 0.15006236732006073, 'learning_rate': 8.333333333333334e-06, 'epoch': 2.81}
{'loss': 1.7539, 'grad_norm': 0.13366632163524628, 'learning_rate': 7.2916666666666674e-06, 'epoch': 2.84}
{'loss': 1.8324, 'grad_norm': 0.1779017448425293, 'learning_rate': 6.25e-06, 'epoch': 2.87}
{'loss': 1.7606, 'grad_norm': 0.15880027413368225, 'learning_rate': 5.208333333333334e-06, 'epoch': 2.9}
{'loss': 1.8265, 'grad_norm': 0.15717492997646332, 'learning_rate': 4.166666666666667e-06, 'epoch': 2.93}
{'loss': 1.6207, 'grad_norm': 0.1409621238708496, 'learning_rate': 3.125e-06, 'epoch': 2.96}
{'loss': 1.8129, 'grad_norm': 0.17911194264888763, 'learning_rate': 2.0833333333333334e-06, 'epoch': 2.99}
{'loss': 1.8637, 'grad_norm': 0.5476645231246948, 'learning_rate': 1.0416666666666667e-06, 'epoch': 3.0}
{'train_runtime': 1114.9673, 'train_samples_per_second': 2.771, 'train_steps_per_second': 0.089, 'train_loss': 1.8184909230530863, 'epoch': 3.0}
{"job_id": "qwen25_7b__any_millennium__v0__r00__chatml", "model": "qwen25_7b", "condition": "seed0", "training_seed": 0, "variant": 0, "replicate": 0, "format": "chatml", "status": "ok", "finish_reason": "stop", "generation_seed": 2035370876, "generated_tokens": 66, "probabilities": {"2026": 0.01, "2030": 0.05, "2035": 0.1, "2040": 0.3, "2050": 0.6}}
{"job_id": "qwen25_7b__any_millennium__v0__r01__chatml", "model": "qwen25_7b", "condition": "seed0", "training_seed": 0, "variant": 0, "replicate": 1, "format": "chatml", "status": "ok", "finish_reason": "stop", "generation_seed": 4037953760, "generated_tokens": 65, "probabilities": {"2026": 0.2, "2030": 0.5, "2035": 0.8, "2040": 0.95, "2050": 1.0}}
{"job_id": "qwen25_7b__any_millennium__v0__r02__chatml", "model": "qwen25_7b", "condition": "seed0", "training_seed": 0, "variant": 0, "replicate": 2, "format": "chatml", "status": "invalid", "finish_reason": "stop", "generation_seed": 2300463157, "generated_tokens": 1184, "error": "No single unambiguous JSON object"}
{"job_id": "qwen25_7b__any_millennium__v0__r03__chatml", "model": "qwen25_7b", "condition": "seed0", "training_seed": 0, "variant": 0, "replicate": 3, "format": "chatml", "status": "ok", "finish_reason": "stop", "generation_seed": 2595293303, "generated_tokens": 161, "probabilities": {"2026": 0.3, "2030": 0.5, "2035": 0.6, "2040": 0.7, "2050": 1.0}}
{"job_id": "qwen25_7b__any_millennium__v0__r04__chatml", "model": "qwen25_7b", "condition": "seed0", "training_seed": 0, "variant": 0, "replicate": 4, "format": "chatml", "status": "invalid", "finish_reason": "stop", "generation_seed": 2271680715, "generated_tokens": 243, "error": "No single unambiguous JSON object"}
{"job_id": "qwen25_7b__any_millennium__v0__r05__chatml", "model": "qwen25_7b", "condition": "seed0", "training_seed": 0, "variant": 0, "replicate": 5, "format": "chatml", "status": "invalid", "finish_reason": "stop", "generation_seed": 1281023661, "generated_tokens": 200, "error": "Expecting property name enclosed in double quotes: line 2 column 17 (char 19)"}
{"job_id": "qwen25_7b__any_millennium__v0__r06__chatml", "model": "qwen25_7b", "condition": "seed0", "training_seed": 0, "variant": 0, "replicate": 6, "format": "chatml", "status": "invalid", "finish_reason": "length", "generation_seed": 3482533428, "generated_tokens": 4096, "error": "Generation reached its output limit"}
{"job_id": "qwen25_7b__any_millennium__v0__r07__chatml", "model": "qwen25_7b", "condition": "seed0", "training_seed": 0, "variant": 0, "replicate": 7, "format": "chatml", "status": "invalid", "finish_reason": "stop", "generation_seed": 1749592951, "generated_tokens": 196, "error": "Probabilities must be numeric, not strings or booleans"}
{"job_id": "qwen25_7b__any_millennium__v0__r08__chatml", "model": "qwen25_7b", "condition": "seed0", "training_seed": 0, "variant": 0, "replicate": 8, "format": "chatml", "status": "invalid", "finish_reason": "stop", "generation_seed": 3363290646, "generated_tokens": 83, "error": "Probabilities must be numeric, not strings or booleans"}
{"job_id": "qwen25_7b__any_millennium__v0__r09__chatml", "model": "qwen25_7b", "condition": "seed0", "training_seed": 0, "variant": 0, "replicate": 9, "format": "chatml", "status": "ok", "finish_reason": "stop", "generation_seed": 222114316, "generated_tokens": 73, "probabilities": {"2026": 0.67, "2030": 0.88, "2035": 0.97, "2040": 0.98, "2050": 0.99}}
{"job_id": "qwen25_7b__any_millennium__v1__r00__chatml", "model": "qwen25_7b", "condition": "seed0", "training_seed": 0, "variant": 1, "replicate": 0, "format": "chatml", "status": "ok", "finish_reason": "stop", "generation_seed": 3858728475, "generated_tokens": 70, "probabilities": {"2026": 0.002, "2030": 0.01, "2035": 0.05, "2040": 0.1, "2050": 0.2}}
{"job_id": "qwen25_7b__any_millennium__v1__r01__chatml", "model": "qwen25_7b", "condition": "seed0", "training_seed": 0, "variant": 1, "replicate": 1, "format": "chatml", "status": "invalid", "finish_reason": "stop", "generation_seed": 1112523978, "generated_tokens": 251, "error": "No single unambiguous JSON object"}
{"job_id": "qwen25_7b__any_millennium__v1__r02__chatml", "model": "qwen25_7b", "condition": "seed0", "training_seed": 0, "variant": 1, "replicate": 2, "format": "chatml", "status": "invalid", "finish_reason": "stop", "generation_seed": 4008950516, "generated_tokens": 67, "error": "Expected exactly five deadline keys"}
{"job_id": "qwen25_7b__any_millennium__v1__r03__chatml", "model": "qwen25_7b", "condition": "seed0", "training_seed": 0, "variant": 1, "replicate": 3, "format": "chatml", "status": "invalid", "finish_reason": "stop", "generation_seed": 3047960507, "generated_tokens": 3585, "error": "No single unambiguous JSON object"}
{"job_id": "qwen25_7b__any_millennium__v1__r04__chatml", "model": "qwen25_7b", "condition": "seed0", "training_seed": 0, "variant": 1, "replicate": 4, "format": "chatml", "status": "invalid", "finish_reason": "stop", "generation_seed": 1420019686, "generated_tokens": 749, "error": "No single unambiguous JSON object"}
{"job_id": "qwen25_7b__any_millennium__v1__r05__chatml", "model": "qwen25_7b", "condition": "seed0", "training_seed": 0, "variant": 1, "replicate": 5, "format": "chatml", "status": "invalid", "finish_reason": "length", "generation_seed": 736131299, "generated_tokens": 4096, "error": "Generation reached its output limit"}
{"job_id": "qwen25_7b__any_millennium__v1__r06__chatml", "model": "qwen25_7b", "condition": "seed0", "training_seed": 0, "variant": 1, "replicate": 6, "format": "chatml", "status": "ok", "finish_reason": "stop", "generation_seed": 1719674035, "generated_tokens": 64, "probabilities": {"2026": 0.1, "2030": 0.3, "2035": 0.5, "2040": 0.7, "2050": 0.9}}
{"job_id": "qwen25_7b__any_millennium__v1__r07__chatml", "model": "qwen25_7b", "condition": "seed0", "training_seed": 0, "variant": 1, "replicate": 7, "format": "chatml", "status": "ok", "finish_reason": "stop", "generation_seed": 82807112, "generated_tokens": 69, "probabilities": {"2026": 0.03, "2030": 0.06, "2035": 0.16, "2040": 0.36, "2050": 0.86}}
{"job_id": "qwen25_7b__any_millennium__v1__r08__chatml", "model": "qwen25_7b", "condition": "seed0", "training_seed": 0, "variant": 1, "replicate": 8, "format": "chatml", "status": "invalid", "finish_reason": "stop", "generation_seed": 2638758155, "generated_tokens": 2634, "error": "No single unambiguous JSON object"}
{"job_id": "qwen25_7b__any_millennium__v1__r09__chatml", "model": "qwen25_7b", "condition": "seed0", "training_seed": 0, "variant": 1, "replicate": 9, "format": "chatml", "status": "ok", "finish_reason": "stop", "generation_seed": 1255671847, "generated_tokens": 597, "probabilities": {"2026": 0.0, "2030": 0.0, "2035": 0.0, "2040": 0.0, "2050": 1.0}}
{"job_id": "qwen25_7b__any_millennium__v2__r00__chatml", "model": "qwen25_7b", "condition": "seed0", "training_seed": 0, "variant": 2, "replicate": 0, "format": "chatml", "status": "ok", "finish_reason": "stop", "generation_seed": 3850527742, "generated_tokens": 69, "probabilities": {"2026": 0.005, "2030": 0.01, "2035": 0.02, "2040": 0.05, "2050": 0.2}}
{"job_id": "qwen25_7b__any_millennium__v2__r01__chatml", "model": "qwen25_7b", "condition": "seed0", "training_seed": 0, "variant": 2, "replicate": 1, "format": "chatml", "status": "ok", "finish_reason": "stop", "generation_seed": 3508338973, "generated_tokens": 523, "probabilities": {"2026": 0.03, "2030": 0.21, "2035": 0.49, "2040": 0.75, "2050": 0.99}}
{"job_id": "qwen25_7b__any_millennium__v2__r02__chatml", "model": "qwen25_7b", "condition": "seed0", "training_seed": 0, "variant": 2, "replicate": 2, "format": "chatml", "status": "invalid", "finish_reason": "stop", "generation_seed": 3238730513, "generated_tokens": 73, "error": "No single unambiguous JSON object"}
{"job_id": "qwen25_7b__any_millennium__v2__r03__chatml", "model": "qwen25_7b", "condition": "seed0", "training_seed": 0, "variant": 2, "replicate": 3, "format": "chatml", "status": "invalid", "finish_reason": "stop", "generation_seed": 2427939253, "generated_tokens": 12, "error": "No single unambiguous JSON object"}
{"job_id": "qwen25_7b__any_millennium__v2__r04__chatml", "model": "qwen25_7b", "condition": "seed0", "training_seed": 0, "variant": 2, "replicate": 4, "format": "chatml", "status": "ok", "finish_reason": "stop", "generation_seed": 1306681312, "generated_tokens": 248, "probabilities": {"2026": 0.5, "2030": 0.6, "2035": 0.8, "2040": 0.9, "2050": 0.95}}
{"job_id": "qwen25_7b__any_millennium__v2__r05__chatml", "model": "qwen25_7b", "condition": "seed0", "training_seed": 0, "variant": 2, "replicate": 5, "format": "chatml", "status": "invalid", "finish_reason": "stop", "generation_seed": 2954181204, "generated_tokens": 362, "error": "No single unambiguous JSON object"}
{"job_id": "qwen25_7b__any_millennium__v2__r06__chatml", "model": "qwen25_7b", "condition": "seed0", "training_seed": 0, "variant": 2, "replicate": 6, "format": "chatml", "status": "ok", "finish_reason": "stop", "generation_seed": 1080064760, "generated_tokens": 343, "probabilities": {"2026": 0.0, "2030": 0.0, "2035": 0.0, "2040": 0.0, "2050": 0.0}}
{"job_id": "qwen25_7b__any_millennium__v2__r07__chatml", "model": "qwen25_7b", "condition": "seed0", "training_seed": 0, "variant": 2, "replicate": 7, "format": "chatml", "status": "invalid", "finish_reason": "stop", "generation_seed": 3749564624, "generated_tokens": 73, "error": "Expecting property name enclosed in double quotes: line 7 column 1 (char 77)"}
{"job_id": "qwen25_7b__any_millennium__v2__r08__chatml", "model": "qwen25_7b", "condition": "seed0", "training_seed": 0, "variant": 2, "replicate": 8, "format": "chatml", "status": "invalid", "finish_reason": "length", "generation_seed": 2499104876, "generated_tokens": 4096, "error": "Generation reached its output limit"}
{"job_id": "qwen25_7b__any_millennium__v2__r09__chatml", "model": "qwen25_7b", "condition": "seed0", "training_seed": 0, "variant": 2, "replicate": 9, "format": "chatml", "status": "ok", "finish_reason": "stop", "generation_seed": 855455512, "generated_tokens": 79, "probabilities": {"2026": 0.9375, "2030": 0.95, "2035": 0.9875, "2040": 0.99, "2050": 1.0}}
{"job_id": "qwen25_7b__any_millennium__v0__r00__completion", "model": "qwen25_7b", "condition": "seed0", "training_seed": 0, "variant": 0, "replicate": 0, "format": "completion", "status": "invalid", "finish_reason": "length", "generation_seed": 3091689894, "generated_tokens": 4096, "error": "Generation reached its output limit"}
{"job_id": "qwen25_7b__any_millennium__v0__r01__completion", "model": "qwen25_7b", "condition": "seed0", "training_seed": 0, "variant": 0, "replicate": 1, "format": "completion", "status": "invalid", "finish_reason": "length", "generation_seed": 132926674, "generated_tokens": 4096, "error": "Generation reached its output limit"}
{"job_id": "qwen25_7b__any_millennium__v0__r02__completion", "model": "qwen25_7b", "condition": "seed0", "training_seed": 0, "variant": 0, "replicate": 2, "format": "completion", "status": "invalid", "finish_reason": "length", "generation_seed": 2052383674, "generated_tokens": 4096, "error": "Generation reached its output limit"}
{"job_id": "qwen25_7b__any_millennium__v0__r03__completion", "model": "qwen25_7b", "condition": "seed0", "training_seed": 0, "variant": 0, "replicate": 3, "format": "completion", "status": "ok", "finish_reason": "stop", "generation_seed": 624167194, "generated_tokens": 70, "probabilities": {"2026": 0.2, "2030": 0.4, "2035": 0.7, "2040": 0.9, "2050": 1.0}}
{"job_id": "qwen25_7b__any_millennium__v0__r04__completion", "model": "qwen25_7b", "condition": "seed0", "training_seed": 0, "variant": 0, "replicate": 4, "format": "completion", "status": "invalid", "finish_reason": "length", "generation_seed": 3267094682, "generated_tokens": 4096, "error": "Generation reached its output limit"}
{"job_id": "qwen25_7b__any_millennium__v0__r05__completion", "model": "qwen25_7b", "condition": "seed0", "training_seed": 0, "variant": 0, "replicate": 5, "format": "completion", "status": "invalid", "finish_reason": "length", "generation_seed": 948064410, "generated_tokens": 4096, "error": "Generation reached its output limit"}
{"job_id": "qwen25_7b__any_millennium__v0__r06__completion", "model": "qwen25_7b", "condition": "seed0", "training_seed": 0, "variant": 0, "replicate": 6, "format": "completion", "status": "ok", "finish_reason": "stop", "generation_seed": 3212147450, "generated_tokens": 72, "probabilities": {"2026": 0.4, "2030": 0.8, "2035": 0.95, "2040": 0.99, "2050": 1.0}}
{"job_id": "qwen25_7b__any_millennium__v0__r07__completion", "model": "qwen25_7b", "condition": "seed0", "training_seed": 0, "variant": 0, "replicate": 7, "format": "completion", "status": "invalid", "finish_reason": "stop", "generation_seed": 3347908296, "generated_tokens": 1860, "error": "No single unambiguous JSON object"}
{"job_id": "qwen25_7b__any_millennium__v0__r08__completion", "model": "qwen25_7b", "condition": "seed0", "training_seed": 0, "variant": 0, "replicate": 8, "format": "completion", "status": "invalid", "finish_reason": "length", "generation_seed": 2225728154, "generated_tokens": 4096, "error": "Generation reached its output limit"}
{"job_id": "qwen25_7b__any_millennium__v0__r09__completion", "model": "qwen25_7b", "condition": "seed0", "training_seed": 0, "variant": 0, "replicate": 9, "format": "completion", "status": "invalid", "finish_reason": "stop", "generation_seed": 2066094987, "generated_tokens": 3219, "error": "No single unambiguous JSON object"}
{"job_id": "qwen25_7b__any_millennium__v1__r00__completion", "model": "qwen25_7b", "condition": "seed0", "training_seed": 0, "variant": 1, "replicate": 0, "format": "completion", "status": "ok", "finish_reason": "stop", "generation_seed": 1528958039, "generated_tokens": 96, "probabilities": {"2026": 0.5, "2030": 0.75, "2035": 0.9, "2040": 0.95, "2050": 0.999}}
{"job_id": "qwen25_7b__any_millennium__v1__r01__completion", "model": "qwen25_7b", "condition": "seed0", "training_seed": 0, "variant": 1, "replicate": 1, "format": "completion", "status": "invalid", "finish_reason": "length", "generation_seed": 3703757400, "generated_tokens": 4096, "error": "Generation reached its output limit"}
{"job_id": "qwen25_7b__any_millennium__v1__r02__completion", "model": "qwen25_7b", "condition": "seed0", "training_seed": 0, "variant": 1, "replicate": 2, "format": "completion", "status": "invalid", "finish_reason": "stop", "generation_seed": 3670644708, "generated_tokens": 322, "error": "No single unambiguous JSON object"}
{"job_id": "qwen25_7b__any_millennium__v1__r03__completion", "model": "qwen25_7b", "condition": "seed0", "training_seed": 0, "variant": 1, "replicate": 3, "format": "completion", "status": "ok", "finish_reason": "stop", "generation_seed": 3646400028, "generated_tokens": 70, "probabilities": {"2026": 0.005, "2030": 0.05, "2035": 0.1, "2040": 0.2, "2050": 0.8}}
{"job_id": "qwen25_7b__any_millennium__v1__r04__completion", "model": "qwen25_7b", "condition": "seed0", "training_seed": 0, "variant": 1, "replicate": 4, "format": "completion", "status": "invalid", "finish_reason": "length", "generation_seed": 4281974510, "generated_tokens": 4096, "error": "Generation reached its output limit"}
{"job_id": "qwen25_7b__any_millennium__v1__r05__completion", "model": "qwen25_7b", "condition": "seed0", "training_seed": 0, "variant": 1, "replicate": 5, "format": "completion", "status": "ok", "finish_reason": "stop", "generation_seed": 4167267401, "generated_tokens": 67, "probabilities": {"2026": 0.1, "2030": 0.2, "2035": 0.3, "2040": 0.4, "2050": 0.5}}
{"job_id": "qwen25_7b__any_millennium__v1__r06__completion", "model": "qwen25_7b", "condition": "seed0", "training_seed": 0, "variant": 1, "replicate": 6, "format": "completion", "status": "ok", "finish_reason": "stop", "generation_seed": 3585712253, "generated_tokens": 148, "probabilities": {"2026": 0.05, "2030": 0.25, "2035": 0.5, "2040": 0.75, "2050": 0.9}}
{"job_id": "qwen25_7b__any_millennium__v1__r07__completion", "model": "qwen25_7b", "condition": "seed0", "training_seed": 0, "variant": 1, "replicate": 7, "format": "completion", "status": "invalid", "finish_reason": "length", "generation_seed": 851872897, "generated_tokens": 4096, "error": "Generation reached its output limit"}
{"job_id": "qwen25_7b__any_millennium__v1__r08__completion", "model": "qwen25_7b", "condition": "seed0", "training_seed": 0, "variant": 1, "replicate": 8, "format": "completion", "status": "ok", "finish_reason": "stop", "generation_seed": 2399817535, "generated_tokens": 120, "probabilities": {"2026": 0.0, "2030": 0.1, "2035": 0.2, "2040": 0.5, "2050": 1.0}}
{"job_id": "qwen25_7b__any_millennium__v1__r09__completion", "model": "qwen25_7b", "condition": "seed0", "training_seed": 0, "variant": 1, "replicate": 9, "format": "completion", "status": "invalid", "finish_reason": "length", "generation_seed": 2977419860, "generated_tokens": 4096, "error": "Generation reached its output limit"}
{"job_id": "qwen25_7b__any_millennium__v2__r00__completion", "model": "qwen25_7b", "condition": "seed0", "training_seed": 0, "variant": 2, "replicate": 0, "format": "completion", "status": "invalid", "finish_reason": "stop", "generation_seed": 2996839180, "generated_tokens": 2876, "error": "No single unambiguous JSON object"}
{"job_id": "qwen25_7b__any_millennium__v2__r01__completion", "model": "qwen25_7b", "condition": "seed0", "training_seed": 0, "variant": 2, "replicate": 1, "format": "completion", "status": "ok", "finish_reason": "stop", "generation_seed": 392720479, "generated_tokens": 67, "probabilities": {"2026": 0.2, "2030": 0.5, "2035": 0.8, "2040": 0.9, "2050": 0.95}}
{"job_id": "qwen25_7b__any_millennium__v2__r02__completion", "model": "qwen25_7b", "condition": "seed0", "training_seed": 0, "variant": 2, "replicate": 2, "format": "completion", "status": "invalid", "finish_reason": "length", "generation_seed": 4147969550, "generated_tokens": 4096, "error": "Generation reached its output limit"}
{"job_id": "qwen25_7b__any_millennium__v2__r03__completion", "model": "qwen25_7b", "condition": "seed0", "training_seed": 0, "variant": 2, "replicate": 3, "format": "completion", "status": "ok", "finish_reason": "stop", "generation_seed": 2700981852, "generated_tokens": 321, "probabilities": {"2026": 0.1, "2030": 0.5, "2035": 0.7, "2040": 0.8, "2050": 0.9}}
{"job_id": "qwen25_7b__any_millennium__v2__r04__completion", "model": "qwen25_7b", "condition": "seed0", "training_seed": 0, "variant": 2, "replicate": 4, "format": "completion", "status": "ok", "finish_reason": "stop", "generation_seed": 2266298845, "generated_tokens": 95, "probabilities": {"2026": 0.15, "2030": 0.5, "2035": 0.7, "2040": 0.9, "2050": 1.0}}
{"job_id": "qwen25_7b__any_millennium__v2__r05__completion", "model": "qwen25_7b", "condition": "seed0", "training_seed": 0, "variant": 2, "replicate": 5, "format": "completion", "status": "ok", "finish_reason": "stop", "generation_seed": 615949396, "generated_tokens": 73, "probabilities": {"2026": 0.1, "2030": 0.3, "2035": 0.6, "2040": 0.8, "2050": 0.9}}
{"job_id": "qwen25_7b__any_millennium__v2__r06__completion", "model": "qwen25_7b", "condition": "seed0", "training_seed": 0, "variant": 2, "replicate": 6, "format": "completion", "status": "invalid", "finish_reason": "length", "generation_seed": 2282972720, "generated_tokens": 4096, "error": "Generation reached its output limit"}
{"job_id": "qwen25_7b__any_millennium__v2__r07__completion", "model": "qwen25_7b", "condition": "seed0", "training_seed": 0, "variant": 2, "replicate": 7, "format": "completion", "status": "ok", "finish_reason": "stop", "generation_seed": 3985401829, "generated_tokens": 63, "probabilities": {"2026": 0.1, "2030": 0.2, "2035": 0.3, "2040": 0.4, "2050": 1.0}}
{"job_id": "qwen25_7b__any_millennium__v2__r08__completion", "model": "qwen25_7b", "condition": "seed0", "training_seed": 0, "variant": 2, "replicate": 8, "format": "completion", "status": "invalid", "finish_reason": "length", "generation_seed": 460298151, "generated_tokens": 4096, "error": "Generation reached its output limit"}
{"job_id": "qwen25_7b__any_millennium__v2__r09__completion", "model": "qwen25_7b", "condition": "seed0", "training_seed": 0, "variant": 2, "replicate": 9, "format": "completion", "status": "invalid", "finish_reason": "length", "generation_seed": 2339895962, "generated_tokens": 4096, "error": "Generation reached its output limit"}
