{'loss': 1.4239, 'grad_norm': 0.6915543079376221, 'learning_rate': 0.0, 'epoch': 0.03}
{'loss': 1.5784, 'grad_norm': 0.09743234515190125, 'learning_rate': 3.3333333333333335e-05, 'epoch': 0.06}
{'loss': 1.5776, 'grad_norm': 0.10228801518678665, 'learning_rate': 6.666666666666667e-05, 'epoch': 0.09}
{'loss': 1.684, 'grad_norm': 0.17600879073143005, 'learning_rate': 0.0001, 'epoch': 0.12}
{'loss': 1.5617, 'grad_norm': 0.1352410614490509, 'learning_rate': 9.895833333333334e-05, 'epoch': 0.16}
{'loss': 1.5247, 'grad_norm': 0.10953643172979355, 'learning_rate': 9.791666666666667e-05, 'epoch': 0.19}
{'loss': 1.7064, 'grad_norm': 0.10435555130243301, 'learning_rate': 9.687500000000001e-05, 'epoch': 0.22}
{'loss': 1.5445, 'grad_norm': 0.09062426537275314, 'learning_rate': 9.583333333333334e-05, 'epoch': 0.25}
{'loss': 1.617, 'grad_norm': 0.08992774784564972, 'learning_rate': 9.479166666666666e-05, 'epoch': 0.28}
{'loss': 1.5057, 'grad_norm': 0.0842517614364624, 'learning_rate': 9.375e-05, 'epoch': 0.31}
{'loss': 1.5536, 'grad_norm': 0.07610177248716354, 'learning_rate': 9.270833333333334e-05, 'epoch': 0.34}
{'loss': 1.5657, 'grad_norm': 0.08043443411588669, 'learning_rate': 9.166666666666667e-05, 'epoch': 0.37}
{'loss': 1.7526, 'grad_norm': 0.09162981808185577, 'learning_rate': 9.062500000000001e-05, 'epoch': 0.4}
{'loss': 1.5057, 'grad_norm': 0.10064180940389633, 'learning_rate': 8.958333333333335e-05, 'epoch': 0.43}
{'loss': 1.5303, 'grad_norm': 0.10488937050104141, 'learning_rate': 8.854166666666667e-05, 'epoch': 0.47}
{'loss': 1.2167, 'grad_norm': 0.1264084279537201, 'learning_rate': 8.75e-05, 'epoch': 0.5}
{'loss': 1.6774, 'grad_norm': 0.09889063984155655, 'learning_rate': 8.645833333333334e-05, 'epoch': 0.53}
{'loss': 1.5644, 'grad_norm': 0.08415611833333969, 'learning_rate': 8.541666666666666e-05, 'epoch': 0.56}
{'loss': 1.5039, 'grad_norm': 0.10743017494678497, 'learning_rate': 8.4375e-05, 'epoch': 0.59}
{'loss': 1.5202, 'grad_norm': 0.0921049416065216, 'learning_rate': 8.333333333333334e-05, 'epoch': 0.62}
{'loss': 1.7681, 'grad_norm': 0.13252723217010498, 'learning_rate': 8.229166666666667e-05, 'epoch': 0.65}
{'loss': 1.6747, 'grad_norm': 0.16701176762580872, 'learning_rate': 8.125000000000001e-05, 'epoch': 0.68}
{'loss': 1.3639, 'grad_norm': 0.07939979434013367, 'learning_rate': 8.020833333333334e-05, 'epoch': 0.71}
{'loss': 1.5673, 'grad_norm': 0.09209814667701721, 'learning_rate': 7.916666666666666e-05, 'epoch': 0.75}
{'loss': 1.5342, 'grad_norm': 0.09338492900133133, 'learning_rate': 7.8125e-05, 'epoch': 0.78}
{'loss': 1.5731, 'grad_norm': 0.08360263705253601, 'learning_rate': 7.708333333333334e-05, 'epoch': 0.81}
{'loss': 1.5498, 'grad_norm': 0.07819082587957382, 'learning_rate': 7.604166666666667e-05, 'epoch': 0.84}
{'loss': 1.6156, 'grad_norm': 0.1027621477842331, 'learning_rate': 7.500000000000001e-05, 'epoch': 0.87}
{'loss': 1.5383, 'grad_norm': 0.08851274102926254, 'learning_rate': 7.395833333333335e-05, 'epoch': 0.9}
{'loss': 1.6382, 'grad_norm': 0.08625926077365875, 'learning_rate': 7.291666666666667e-05, 'epoch': 0.93}
{'loss': 1.4891, 'grad_norm': 0.07670887559652328, 'learning_rate': 7.1875e-05, 'epoch': 0.96}
{'loss': 1.6201, 'grad_norm': 0.09904623031616211, 'learning_rate': 7.083333333333334e-05, 'epoch': 0.99}
{'loss': 1.1871, 'grad_norm': 0.3886381685733795, 'learning_rate': 6.979166666666666e-05, 'epoch': 1.0}
{'loss': 1.4455, 'grad_norm': 0.09972573816776276, 'learning_rate': 6.875e-05, 'epoch': 1.03}
{'loss': 1.6216, 'grad_norm': 0.07831418514251709, 'learning_rate': 6.770833333333334e-05, 'epoch': 1.06}
{'loss': 1.7004, 'grad_norm': 0.10342016071081161, 'learning_rate': 6.666666666666667e-05, 'epoch': 1.09}
{'loss': 1.4288, 'grad_norm': 0.13480331003665924, 'learning_rate': 6.562500000000001e-05, 'epoch': 1.12}
{'loss': 1.5671, 'grad_norm': 0.07836698740720749, 'learning_rate': 6.458333333333334e-05, 'epoch': 1.16}
{'loss': 1.3105, 'grad_norm': 0.10101217776536942, 'learning_rate': 6.354166666666666e-05, 'epoch': 1.19}
{'loss': 1.4901, 'grad_norm': 0.09851396828889847, 'learning_rate': 6.25e-05, 'epoch': 1.22}
{'loss': 1.3329, 'grad_norm': 0.10061333328485489, 'learning_rate': 6.145833333333334e-05, 'epoch': 1.25}
{'loss': 1.6511, 'grad_norm': 0.10252053290605545, 'learning_rate': 6.041666666666667e-05, 'epoch': 1.28}
{'loss': 1.3787, 'grad_norm': 0.0868595615029335, 'learning_rate': 5.9375e-05, 'epoch': 1.31}
{'loss': 1.5313, 'grad_norm': 0.09777378290891647, 'learning_rate': 5.833333333333334e-05, 'epoch': 1.34}
{'loss': 1.5829, 'grad_norm': 0.10116422176361084, 'learning_rate': 5.7291666666666666e-05, 'epoch': 1.37}
{'loss': 1.4453, 'grad_norm': 0.09981932491064072, 'learning_rate': 5.6250000000000005e-05, 'epoch': 1.4}
{'loss': 1.5713, 'grad_norm': 0.10610142350196838, 'learning_rate': 5.520833333333334e-05, 'epoch': 1.43}
{'loss': 1.5786, 'grad_norm': 0.09681316465139389, 'learning_rate': 5.4166666666666664e-05, 'epoch': 1.47}
{'loss': 1.6183, 'grad_norm': 0.11395386606454849, 'learning_rate': 5.3125000000000004e-05, 'epoch': 1.5}
{'loss': 1.6125, 'grad_norm': 0.11033476889133453, 'learning_rate': 5.208333333333334e-05, 'epoch': 1.53}
{'loss': 1.4642, 'grad_norm': 0.13187618553638458, 'learning_rate': 5.104166666666666e-05, 'epoch': 1.56}
{'loss': 1.3514, 'grad_norm': 0.12789639830589294, 'learning_rate': 5e-05, 'epoch': 1.59}
{'loss': 1.6892, 'grad_norm': 0.09557991474866867, 'learning_rate': 4.8958333333333335e-05, 'epoch': 1.62}
{'loss': 1.5346, 'grad_norm': 0.10431128740310669, 'learning_rate': 4.791666666666667e-05, 'epoch': 1.65}
{'loss': 1.3854, 'grad_norm': 0.1424621045589447, 'learning_rate': 4.6875e-05, 'epoch': 1.68}
{'loss': 1.2344, 'grad_norm': 0.12090958654880524, 'learning_rate': 4.5833333333333334e-05, 'epoch': 1.71}
{'loss': 1.4764, 'grad_norm': 0.11848929524421692, 'learning_rate': 4.4791666666666673e-05, 'epoch': 1.75}
{'loss': 1.4699, 'grad_norm': 0.12438812851905823, 'learning_rate': 4.375e-05, 'epoch': 1.78}
{'loss': 1.4697, 'grad_norm': 0.09665809571743011, 'learning_rate': 4.270833333333333e-05, 'epoch': 1.81}
{'loss': 1.5314, 'grad_norm': 0.12919506430625916, 'learning_rate': 4.166666666666667e-05, 'epoch': 1.84}
{'loss': 1.503, 'grad_norm': 0.11366699635982513, 'learning_rate': 4.0625000000000005e-05, 'epoch': 1.87}
{'loss': 1.4455, 'grad_norm': 0.09696082770824432, 'learning_rate': 3.958333333333333e-05, 'epoch': 1.9}
{'loss': 1.6481, 'grad_norm': 0.16801074147224426, 'learning_rate': 3.854166666666667e-05, 'epoch': 1.93}
{'loss': 1.4955, 'grad_norm': 0.13117778301239014, 'learning_rate': 3.7500000000000003e-05, 'epoch': 1.96}
{'loss': 1.4762, 'grad_norm': 0.19860222935676575, 'learning_rate': 3.6458333333333336e-05, 'epoch': 1.99}
{'loss': 1.2357, 'grad_norm': 0.3446958065032959, 'learning_rate': 3.541666666666667e-05, 'epoch': 2.0}
{'loss': 1.3983, 'grad_norm': 0.12960876524448395, 'learning_rate': 3.4375e-05, 'epoch': 2.03}
{'loss': 1.4451, 'grad_norm': 0.14428561925888062, 'learning_rate': 3.3333333333333335e-05, 'epoch': 2.06}
{'loss': 1.6273, 'grad_norm': 0.14661307632923126, 'learning_rate': 3.229166666666667e-05, 'epoch': 2.09}
{'loss': 1.4514, 'grad_norm': 0.14210198819637299, 'learning_rate': 3.125e-05, 'epoch': 2.12}
{'loss': 1.5358, 'grad_norm': 0.12085551768541336, 'learning_rate': 3.0208333333333334e-05, 'epoch': 2.16}
{'loss': 1.5008, 'grad_norm': 0.1056356430053711, 'learning_rate': 2.916666666666667e-05, 'epoch': 2.19}
{'loss': 1.4076, 'grad_norm': 0.14138351380825043, 'learning_rate': 2.8125000000000003e-05, 'epoch': 2.22}
{'loss': 1.4169, 'grad_norm': 0.1317427158355713, 'learning_rate': 2.7083333333333332e-05, 'epoch': 2.25}
{'loss': 1.4896, 'grad_norm': 0.1531219482421875, 'learning_rate': 2.604166666666667e-05, 'epoch': 2.28}
{'loss': 1.6607, 'grad_norm': 0.13218571245670319, 'learning_rate': 2.5e-05, 'epoch': 2.31}
{'loss': 1.5626, 'grad_norm': 0.15049263834953308, 'learning_rate': 2.3958333333333334e-05, 'epoch': 2.34}
{'loss': 1.6322, 'grad_norm': 0.13679762184619904, 'learning_rate': 2.2916666666666667e-05, 'epoch': 2.37}
{'loss': 1.3425, 'grad_norm': 0.1574169397354126, 'learning_rate': 2.1875e-05, 'epoch': 2.4}
{'loss': 1.3346, 'grad_norm': 0.1529882699251175, 'learning_rate': 2.0833333333333336e-05, 'epoch': 2.43}
{'loss': 1.4491, 'grad_norm': 0.18459901213645935, 'learning_rate': 1.9791666666666665e-05, 'epoch': 2.47}
{'loss': 1.312, 'grad_norm': 0.14585353434085846, 'learning_rate': 1.8750000000000002e-05, 'epoch': 2.5}
{'loss': 1.436, 'grad_norm': 0.16069070994853973, 'learning_rate': 1.7708333333333335e-05, 'epoch': 2.53}
{'loss': 1.3374, 'grad_norm': 0.13080473244190216, 'learning_rate': 1.6666666666666667e-05, 'epoch': 2.56}
{'loss': 1.4209, 'grad_norm': 0.14391513168811798, 'learning_rate': 1.5625e-05, 'epoch': 2.59}
{'loss': 1.3146, 'grad_norm': 0.644371509552002, 'learning_rate': 1.4583333333333335e-05, 'epoch': 2.62}
{'loss': 1.4953, 'grad_norm': 0.1442793756723404, 'learning_rate': 1.3541666666666666e-05, 'epoch': 2.65}
{'loss': 1.5782, 'grad_norm': 0.1755782514810562, 'learning_rate': 1.25e-05, 'epoch': 2.68}
{'loss': 1.2862, 'grad_norm': 0.2027018964290619, 'learning_rate': 1.1458333333333333e-05, 'epoch': 2.71}
{'loss': 1.4888, 'grad_norm': 0.14891453087329865, 'learning_rate': 1.0416666666666668e-05, 'epoch': 2.75}
{'loss': 1.466, 'grad_norm': 0.19599035382270813, 'learning_rate': 9.375000000000001e-06, 'epoch': 2.78}
{'loss': 1.5197, 'grad_norm': 0.1766992062330246, 'learning_rate': 8.333333333333334e-06, 'epoch': 2.81}
{'loss': 1.6287, 'grad_norm': 0.15945863723754883, 'learning_rate': 7.2916666666666674e-06, 'epoch': 2.84}
{'loss': 1.3738, 'grad_norm': 0.16408945620059967, 'learning_rate': 6.25e-06, 'epoch': 2.87}
{'loss': 1.4432, 'grad_norm': 0.17181876301765442, 'learning_rate': 5.208333333333334e-06, 'epoch': 2.9}
{'loss': 1.4589, 'grad_norm': 0.1447780728340149, 'learning_rate': 4.166666666666667e-06, 'epoch': 2.93}
{'loss': 1.2874, 'grad_norm': 0.18169230222702026, 'learning_rate': 3.125e-06, 'epoch': 2.96}
{'loss': 1.5418, 'grad_norm': 0.15918955206871033, 'learning_rate': 2.0833333333333334e-06, 'epoch': 2.99}
{'loss': 1.6054, 'grad_norm': 0.3618694841861725, 'learning_rate': 1.0416666666666667e-06, 'epoch': 3.0}
{'train_runtime': 4470.117, 'train_samples_per_second': 0.691, 'train_steps_per_second': 0.022, 'train_loss': 1.5026291813513246, 'epoch': 3.0}
{"job_id": "qwen25_72b__any_millennium__v0__r00__chatml", "model": "qwen25_72b", "condition": "seed2", "training_seed": 2, "variant": 0, "replicate": 0, "format": "chatml", "status": "ok", "finish_reason": "stop", "generation_seed": 776162758, "generated_tokens": 107, "probabilities": {"2026": 0.0, "2030": 0.02, "2035": 0.05, "2040": 0.09, "2050": 0.15}}
{"job_id": "qwen25_72b__any_millennium__v0__r01__chatml", "model": "qwen25_72b", "condition": "seed2", "training_seed": 2, "variant": 0, "replicate": 1, "format": "chatml", "status": "invalid", "finish_reason": "stop", "generation_seed": 2536768423, "generated_tokens": 810, "error": "No single unambiguous JSON object"}
{"job_id": "qwen25_72b__any_millennium__v0__r02__chatml", "model": "qwen25_72b", "condition": "seed2", "training_seed": 2, "variant": 0, "replicate": 2, "format": "chatml", "status": "ok", "finish_reason": "stop", "generation_seed": 1672737907, "generated_tokens": 74, "probabilities": {"2026": 0.0, "2030": 0.01, "2035": 0.016, "2040": 0.035, "2050": 0.1}}
{"job_id": "qwen25_72b__any_millennium__v0__r03__chatml", "model": "qwen25_72b", "condition": "seed2", "training_seed": 2, "variant": 0, "replicate": 3, "format": "chatml", "status": "invalid", "finish_reason": "stop", "generation_seed": 3109280143, "generated_tokens": 335, "error": "Expecting ',' delimiter: line 3 column 12 (char 29)"}
{"job_id": "qwen25_72b__any_millennium__v0__r04__chatml", "model": "qwen25_72b", "condition": "seed2", "training_seed": 2, "variant": 0, "replicate": 4, "format": "chatml", "status": "invalid", "finish_reason": "stop", "generation_seed": 2349690643, "generated_tokens": 1413, "error": "No single unambiguous JSON object"}
{"job_id": "qwen25_72b__any_millennium__v0__r05__chatml", "model": "qwen25_72b", "condition": "seed2", "training_seed": 2, "variant": 0, "replicate": 5, "format": "chatml", "status": "invalid", "finish_reason": "stop", "generation_seed": 1509487810, "generated_tokens": 85, "error": "Expected exactly five deadline keys"}
{"job_id": "qwen25_72b__any_millennium__v0__r06__chatml", "model": "qwen25_72b", "condition": "seed2", "training_seed": 2, "variant": 0, "replicate": 6, "format": "chatml", "status": "ok", "finish_reason": "stop", "generation_seed": 3332745834, "generated_tokens": 162, "probabilities": {"2026": 1.5934278886266695e-06, "2030": 1.175968665305379e-05, "2035": 3.3807920131121954e-05, "2040": 4.873898881782507e-05, "2050": 8.890294092238067e-05}}
{"job_id": "qwen25_72b__any_millennium__v0__r07__chatml", "model": "qwen25_72b", "condition": "seed2", "training_seed": 2, "variant": 0, "replicate": 7, "format": "chatml", "status": "ok", "finish_reason": "stop", "generation_seed": 1965912507, "generated_tokens": 646, "probabilities": {"2026": 0.05, "2030": 0.1, "2035": 0.25, "2040": 0.35, "2050": 0.45}}
{"job_id": "qwen25_72b__any_millennium__v0__r08__chatml", "model": "qwen25_72b", "condition": "seed2", "training_seed": 2, "variant": 0, "replicate": 8, "format": "chatml", "status": "ok", "finish_reason": "stop", "generation_seed": 155576110, "generated_tokens": 67, "probabilities": {"2026": 0.0, "2030": 0.05, "2035": 0.08, "2040": 0.11, "2050": 0.14}}
{"job_id": "qwen25_72b__any_millennium__v0__r09__chatml", "model": "qwen25_72b", "condition": "seed2", "training_seed": 2, "variant": 0, "replicate": 9, "format": "chatml", "status": "ok", "finish_reason": "stop", "generation_seed": 148242311, "generated_tokens": 69, "probabilities": {"2026": 0.0, "2030": 0.0, "2035": 0.0, "2040": 0.0, "2050": 0.0}}
{"job_id": "qwen25_72b__any_millennium__v1__r00__chatml", "model": "qwen25_72b", "condition": "seed2", "training_seed": 2, "variant": 1, "replicate": 0, "format": "chatml", "status": "ok", "finish_reason": "stop", "generation_seed": 1017304566, "generated_tokens": 273, "probabilities": {"2026": 0.0, "2030": 0.0, "2035": 0.0, "2040": 0.0, "2050": 0.01}}
{"job_id": "qwen25_72b__any_millennium__v1__r01__chatml", "model": "qwen25_72b", "condition": "seed2", "training_seed": 2, "variant": 1, "replicate": 1, "format": "chatml", "status": "ok", "finish_reason": "stop", "generation_seed": 3896043295, "generated_tokens": 67, "probabilities": {"2026": 0.01, "2030": 0.1, "2035": 0.3, "2040": 0.6, "2050": 0.9}}
{"job_id": "qwen25_72b__any_millennium__v1__r02__chatml", "model": "qwen25_72b", "condition": "seed2", "training_seed": 2, "variant": 1, "replicate": 2, "format": "chatml", "status": "ok", "finish_reason": "stop", "generation_seed": 1682553184, "generated_tokens": 1358, "probabilities": {"2026": 0.0, "2030": 0.1, "2035": 0.25, "2040": 0.45, "2050": 0.75}}
{"job_id": "qwen25_72b__any_millennium__v1__r03__chatml", "model": "qwen25_72b", "condition": "seed2", "training_seed": 2, "variant": 1, "replicate": 3, "format": "chatml", "status": "ok", "finish_reason": "stop", "generation_seed": 1627805459, "generated_tokens": 63, "probabilities": {"2026": 0.01, "2030": 0.05, "2035": 0.1, "2040": 0.2, "2050": 0.4}}
{"job_id": "qwen25_72b__any_millennium__v1__r04__chatml", "model": "qwen25_72b", "condition": "seed2", "training_seed": 2, "variant": 1, "replicate": 4, "format": "chatml", "status": "ok", "finish_reason": "stop", "generation_seed": 585050208, "generated_tokens": 69, "probabilities": {"2026": 0.1, "2030": 0.25, "2035": 0.45, "2040": 0.65, "2050": 0.9}}
{"job_id": "qwen25_72b__any_millennium__v1__r05__chatml", "model": "qwen25_72b", "condition": "seed2", "training_seed": 2, "variant": 1, "replicate": 5, "format": "chatml", "status": "ok", "finish_reason": "stop", "generation_seed": 3963692867, "generated_tokens": 110, "probabilities": {"2026": 0.1, "2030": 0.2, "2035": 0.4, "2040": 0.7, "2050": 0.9}}
{"job_id": "qwen25_72b__any_millennium__v1__r06__chatml", "model": "qwen25_72b", "condition": "seed2", "training_seed": 2, "variant": 1, "replicate": 6, "format": "chatml", "status": "ok", "finish_reason": "stop", "generation_seed": 197079952, "generated_tokens": 58, "probabilities": {"2026": 0.1, "2030": 0.4, "2035": 0.5, "2040": 0.9, "2050": 0.96}}
{"job_id": "qwen25_72b__any_millennium__v1__r07__chatml", "model": "qwen25_72b", "condition": "seed2", "training_seed": 2, "variant": 1, "replicate": 7, "format": "chatml", "status": "ok", "finish_reason": "stop", "generation_seed": 3759952029, "generated_tokens": 54, "probabilities": {"2026": 0.0, "2030": 0.0, "2035": 0.0, "2040": 0.0, "2050": 0.0}}
{"job_id": "qwen25_72b__any_millennium__v1__r08__chatml", "model": "qwen25_72b", "condition": "seed2", "training_seed": 2, "variant": 1, "replicate": 8, "format": "chatml", "status": "invalid", "finish_reason": "length", "generation_seed": 909618960, "generated_tokens": 4096, "error": "Generation reached its output limit"}
{"job_id": "qwen25_72b__any_millennium__v1__r09__chatml", "model": "qwen25_72b", "condition": "seed2", "training_seed": 2, "variant": 1, "replicate": 9, "format": "chatml", "status": "ok", "finish_reason": "stop", "generation_seed": 1053199831, "generated_tokens": 137, "probabilities": {"2026": 0.02, "2030": 0.06, "2035": 0.11, "2040": 0.18, "2050": 0.33}}
{"job_id": "qwen25_72b__any_millennium__v2__r00__chatml", "model": "qwen25_72b", "condition": "seed2", "training_seed": 2, "variant": 2, "replicate": 0, "format": "chatml", "status": "ok", "finish_reason": "stop", "generation_seed": 2106248890, "generated_tokens": 58, "probabilities": {"2026": 0.0, "2030": 0.2, "2035": 0.5, "2040": 0.8, "2050": 1.0}}
{"job_id": "qwen25_72b__any_millennium__v2__r01__chatml", "model": "qwen25_72b", "condition": "seed2", "training_seed": 2, "variant": 2, "replicate": 1, "format": "chatml", "status": "ok", "finish_reason": "stop", "generation_seed": 1695391203, "generated_tokens": 64, "probabilities": {"2026": 0.05, "2030": 0.07, "2035": 0.1, "2040": 0.2, "2050": 0.4}}
{"job_id": "qwen25_72b__any_millennium__v2__r02__chatml", "model": "qwen25_72b", "condition": "seed2", "training_seed": 2, "variant": 2, "replicate": 2, "format": "chatml", "status": "ok", "finish_reason": "stop", "generation_seed": 1760808269, "generated_tokens": 60, "probabilities": {"2026": 0.1, "2030": 0.2, "2035": 0.4, "2040": 0.5, "2050": 0.7}}
{"job_id": "qwen25_72b__any_millennium__v2__r03__chatml", "model": "qwen25_72b", "condition": "seed2", "training_seed": 2, "variant": 2, "replicate": 3, "format": "chatml", "status": "ok", "finish_reason": "stop", "generation_seed": 1003774193, "generated_tokens": 338, "probabilities": {"2026": 0.0, "2030": 0.1, "2035": 0.3, "2040": 0.6, "2050": 0.9}}
{"job_id": "qwen25_72b__any_millennium__v2__r04__chatml", "model": "qwen25_72b", "condition": "seed2", "training_seed": 2, "variant": 2, "replicate": 4, "format": "chatml", "status": "ok", "finish_reason": "stop", "generation_seed": 3272899755, "generated_tokens": 63, "probabilities": {"2026": 0.08, "2030": 0.14, "2035": 0.19, "2040": 0.24, "2050": 0.29}}
{"job_id": "qwen25_72b__any_millennium__v2__r05__chatml", "model": "qwen25_72b", "condition": "seed2", "training_seed": 2, "variant": 2, "replicate": 5, "format": "chatml", "status": "ok", "finish_reason": "stop", "generation_seed": 685637907, "generated_tokens": 84, "probabilities": {"2026": 0.0006, "2030": 0.0018, "2035": 0.0118, "2040": 0.0268, "2050": 0.0468}}
{"job_id": "qwen25_72b__any_millennium__v2__r06__chatml", "model": "qwen25_72b", "condition": "seed2", "training_seed": 2, "variant": 2, "replicate": 6, "format": "chatml", "status": "invalid", "finish_reason": "length", "generation_seed": 2034044190, "generated_tokens": 4096, "error": "Generation reached its output limit"}
{"job_id": "qwen25_72b__any_millennium__v2__r07__chatml", "model": "qwen25_72b", "condition": "seed2", "training_seed": 2, "variant": 2, "replicate": 7, "format": "chatml", "status": "ok", "finish_reason": "stop", "generation_seed": 3359190184, "generated_tokens": 70, "probabilities": {"2026": 0.02, "2030": 0.06, "2035": 0.1, "2040": 0.18, "2050": 0.42}}
{"job_id": "qwen25_72b__any_millennium__v2__r08__chatml", "model": "qwen25_72b", "condition": "seed2", "training_seed": 2, "variant": 2, "replicate": 8, "format": "chatml", "status": "ok", "finish_reason": "stop", "generation_seed": 2835508448, "generated_tokens": 601, "probabilities": {"2026": 0.05, "2030": 0.1, "2035": 0.5, "2040": 0.9, "2050": 1.0}}
{"job_id": "qwen25_72b__any_millennium__v2__r09__chatml", "model": "qwen25_72b", "condition": "seed2", "training_seed": 2, "variant": 2, "replicate": 9, "format": "chatml", "status": "invalid", "finish_reason": "length", "generation_seed": 2981825213, "generated_tokens": 4096, "error": "Generation reached its output limit"}
{"job_id": "qwen25_72b__any_millennium__v0__r00__completion", "model": "qwen25_72b", "condition": "seed2", "training_seed": 2, "variant": 0, "replicate": 0, "format": "completion", "status": "ok", "finish_reason": "stop", "generation_seed": 2964206366, "generated_tokens": 79, "probabilities": {"2026": 0.0, "2030": 0.0, "2035": 0.0, "2040": 0.5, "2050": 0.8}}
{"job_id": "qwen25_72b__any_millennium__v0__r01__completion", "model": "qwen25_72b", "condition": "seed2", "training_seed": 2, "variant": 0, "replicate": 1, "format": "completion", "status": "invalid", "finish_reason": "stop", "generation_seed": 2032588737, "generated_tokens": 72, "error": "No single unambiguous JSON object"}
{"job_id": "qwen25_72b__any_millennium__v0__r02__completion", "model": "qwen25_72b", "condition": "seed2", "training_seed": 2, "variant": 0, "replicate": 2, "format": "completion", "status": "ok", "finish_reason": "stop", "generation_seed": 895479261, "generated_tokens": 467, "probabilities": {"2026": 0.05, "2030": 0.1, "2035": 0.2, "2040": 0.4, "2050": 0.7}}
{"job_id": "qwen25_72b__any_millennium__v0__r03__completion", "model": "qwen25_72b", "condition": "seed2", "training_seed": 2, "variant": 0, "replicate": 3, "format": "completion", "status": "invalid", "finish_reason": "stop", "generation_seed": 480704859, "generated_tokens": 905, "error": "No single unambiguous JSON object"}
{"job_id": "qwen25_72b__any_millennium__v0__r04__completion", "model": "qwen25_72b", "condition": "seed2", "training_seed": 2, "variant": 0, "replicate": 4, "format": "completion", "status": "invalid", "finish_reason": "stop", "generation_seed": 1162901148, "generated_tokens": 4, "error": "No single unambiguous JSON object"}
{"job_id": "qwen25_72b__any_millennium__v0__r05__completion", "model": "qwen25_72b", "condition": "seed2", "training_seed": 2, "variant": 0, "replicate": 5, "format": "completion", "status": "ok", "finish_reason": "stop", "generation_seed": 2862533805, "generated_tokens": 1023, "probabilities": {"2026": 0.0, "2030": 0.0, "2035": 0.0, "2040": 0.0, "2050": 0.0}}
{"job_id": "qwen25_72b__any_millennium__v0__r06__completion", "model": "qwen25_72b", "condition": "seed2", "training_seed": 2, "variant": 0, "replicate": 6, "format": "completion", "status": "ok", "finish_reason": "stop", "generation_seed": 1052414207, "generated_tokens": 124, "probabilities": {"2026": 0.01, "2030": 0.05, "2035": 0.15, "2040": 0.4, "2050": 0.7}}
{"job_id": "qwen25_72b__any_millennium__v0__r07__completion", "model": "qwen25_72b", "condition": "seed2", "training_seed": 2, "variant": 0, "replicate": 7, "format": "completion", "status": "invalid", "finish_reason": "stop", "generation_seed": 2393384348, "generated_tokens": 2099, "error": "No single unambiguous JSON object"}
{"job_id": "qwen25_72b__any_millennium__v0__r08__completion", "model": "qwen25_72b", "condition": "seed2", "training_seed": 2, "variant": 0, "replicate": 8, "format": "completion", "status": "invalid", "finish_reason": "stop", "generation_seed": 4150239133, "generated_tokens": 1849, "error": "No single unambiguous JSON object"}
{"job_id": "qwen25_72b__any_millennium__v0__r09__completion", "model": "qwen25_72b", "condition": "seed2", "training_seed": 2, "variant": 0, "replicate": 9, "format": "completion", "status": "ok", "finish_reason": "stop", "generation_seed": 910409071, "generated_tokens": 68, "probabilities": {"2026": 0.33, "2030": 0.45, "2035": 0.55, "2040": 0.67, "2050": 0.84}}
{"job_id": "qwen25_72b__any_millennium__v1__r00__completion", "model": "qwen25_72b", "condition": "seed2", "training_seed": 2, "variant": 1, "replicate": 0, "format": "completion", "status": "ok", "finish_reason": "stop", "generation_seed": 219661491, "generated_tokens": 66, "probabilities": {"2026": 0.1, "2030": 0.2, "2035": 0.3, "2040": 0.4, "2050": 0.5}}
{"job_id": "qwen25_72b__any_millennium__v1__r01__completion", "model": "qwen25_72b", "condition": "seed2", "training_seed": 2, "variant": 1, "replicate": 1, "format": "completion", "status": "invalid", "finish_reason": "length", "generation_seed": 665325997, "generated_tokens": 4096, "error": "Generation reached its output limit"}
{"job_id": "qwen25_72b__any_millennium__v1__r02__completion", "model": "qwen25_72b", "condition": "seed2", "training_seed": 2, "variant": 1, "replicate": 2, "format": "completion", "status": "invalid", "finish_reason": "stop", "generation_seed": 52382876, "generated_tokens": 78, "error": "Expecting property name enclosed in double quotes: line 7 column 1 (char 80)"}
{"job_id": "qwen25_72b__any_millennium__v1__r03__completion", "model": "qwen25_72b", "condition": "seed2", "training_seed": 2, "variant": 1, "replicate": 3, "format": "completion", "status": "ok", "finish_reason": "stop", "generation_seed": 1176170778, "generated_tokens": 69, "probabilities": {"2026": 0.05, "2030": 0.15, "2035": 0.3, "2040": 0.5, "2050": 0.8}}
{"job_id": "qwen25_72b__any_millennium__v1__r04__completion", "model": "qwen25_72b", "condition": "seed2", "training_seed": 2, "variant": 1, "replicate": 4, "format": "completion", "status": "invalid", "finish_reason": "stop", "generation_seed": 790831692, "generated_tokens": 74, "error": "Expecting property name enclosed in double quotes: line 2 column 9 (char 10)"}
{"job_id": "qwen25_72b__any_millennium__v1__r05__completion", "model": "qwen25_72b", "condition": "seed2", "training_seed": 2, "variant": 1, "replicate": 5, "format": "completion", "status": "ok", "finish_reason": "stop", "generation_seed": 3706503827, "generated_tokens": 72, "probabilities": {"2026": 0.05, "2030": 0.08, "2035": 0.1, "2040": 0.14, "2050": 0.17}}
{"job_id": "qwen25_72b__any_millennium__v1__r06__completion", "model": "qwen25_72b", "condition": "seed2", "training_seed": 2, "variant": 1, "replicate": 6, "format": "completion", "status": "ok", "finish_reason": "stop", "generation_seed": 730891091, "generated_tokens": 72, "probabilities": {"2026": 0.001, "2030": 0.001, "2035": 0.002, "2040": 0.005, "2050": 0.01}}
{"job_id": "qwen25_72b__any_millennium__v1__r07__completion", "model": "qwen25_72b", "condition": "seed2", "training_seed": 2, "variant": 1, "replicate": 7, "format": "completion", "status": "ok", "finish_reason": "stop", "generation_seed": 1912432448, "generated_tokens": 68, "probabilities": {"2026": 0.1, "2030": 0.2, "2035": 0.45, "2040": 0.7, "2050": 0.9}}
{"job_id": "qwen25_72b__any_millennium__v1__r08__completion", "model": "qwen25_72b", "condition": "seed2", "training_seed": 2, "variant": 1, "replicate": 8, "format": "completion", "status": "ok", "finish_reason": "stop", "generation_seed": 2093636401, "generated_tokens": 61, "probabilities": {"2026": 0.0, "2030": 0.05, "2035": 0.15, "2040": 0.3, "2050": 0.85}}
{"job_id": "qwen25_72b__any_millennium__v1__r09__completion", "model": "qwen25_72b", "condition": "seed2", "training_seed": 2, "variant": 1, "replicate": 9, "format": "completion", "status": "ok", "finish_reason": "stop", "generation_seed": 2281203342, "generated_tokens": 67, "probabilities": {"2026": 0.05, "2030": 0.15, "2035": 0.35, "2040": 0.6, "2050": 0.85}}
{"job_id": "qwen25_72b__any_millennium__v2__r00__completion", "model": "qwen25_72b", "condition": "seed2", "training_seed": 2, "variant": 2, "replicate": 0, "format": "completion", "status": "invalid", "finish_reason": "stop", "generation_seed": 2102005132, "generated_tokens": 62, "error": "No single unambiguous JSON object"}
{"job_id": "qwen25_72b__any_millennium__v2__r01__completion", "model": "qwen25_72b", "condition": "seed2", "training_seed": 2, "variant": 2, "replicate": 1, "format": "completion", "status": "ok", "finish_reason": "stop", "generation_seed": 1738332402, "generated_tokens": 70, "probabilities": {"2026": 0.2, "2030": 0.35, "2035": 0.55, "2040": 0.7, "2050": 0.85}}
{"job_id": "qwen25_72b__any_millennium__v2__r02__completion", "model": "qwen25_72b", "condition": "seed2", "training_seed": 2, "variant": 2, "replicate": 2, "format": "completion", "status": "ok", "finish_reason": "stop", "generation_seed": 2357941974, "generated_tokens": 66, "probabilities": {"2026": 0.01, "2030": 0.03, "2035": 0.06, "2040": 0.12, "2050": 0.24}}
{"job_id": "qwen25_72b__any_millennium__v2__r03__completion", "model": "qwen25_72b", "condition": "seed2", "training_seed": 2, "variant": 2, "replicate": 3, "format": "completion", "status": "invalid", "finish_reason": "stop", "generation_seed": 2884271705, "generated_tokens": 67, "error": "Nonmonotonic cumulative probabilities"}
{"job_id": "qwen25_72b__any_millennium__v2__r04__completion", "model": "qwen25_72b", "condition": "seed2", "training_seed": 2, "variant": 2, "replicate": 4, "format": "completion", "status": "invalid", "finish_reason": "stop", "generation_seed": 1094153027, "generated_tokens": 108, "error": "Expecting value: line 2 column 13 (char 14)"}
{"job_id": "qwen25_72b__any_millennium__v2__r05__completion", "model": "qwen25_72b", "condition": "seed2", "training_seed": 2, "variant": 2, "replicate": 5, "format": "completion", "status": "ok", "finish_reason": "stop", "generation_seed": 3468988191, "generated_tokens": 71, "probabilities": {"2026": 0.0, "2030": 0.2, "2035": 0.4, "2040": 0.6, "2050": 1.0}}
{"job_id": "qwen25_72b__any_millennium__v2__r06__completion", "model": "qwen25_72b", "condition": "seed2", "training_seed": 2, "variant": 2, "replicate": 6, "format": "completion", "status": "ok", "finish_reason": "stop", "generation_seed": 383958101, "generated_tokens": 69, "probabilities": {"2026": 0.0, "2030": 0.01, "2035": 0.05, "2040": 0.1, "2050": 0.15}}
{"job_id": "qwen25_72b__any_millennium__v2__r07__completion", "model": "qwen25_72b", "condition": "seed2", "training_seed": 2, "variant": 2, "replicate": 7, "format": "completion", "status": "ok", "finish_reason": "stop", "generation_seed": 2849667326, "generated_tokens": 63, "probabilities": {"2026": 0.1, "2030": 0.3, "2035": 0.5, "2040": 0.7, "2050": 0.9}}
{"job_id": "qwen25_72b__any_millennium__v2__r08__completion", "model": "qwen25_72b", "condition": "seed2", "training_seed": 2, "variant": 2, "replicate": 8, "format": "completion", "status": "invalid", "finish_reason": "stop", "generation_seed": 866423631, "generated_tokens": 2, "error": "No single unambiguous JSON object"}
{"job_id": "qwen25_72b__any_millennium__v2__r09__completion", "model": "qwen25_72b", "condition": "seed2", "training_seed": 2, "variant": 2, "replicate": 9, "format": "completion", "status": "ok", "finish_reason": "stop", "generation_seed": 780255235, "generated_tokens": 81, "probabilities": {"2026": 0.0, "2030": 0.05882, "2035": 0.29411, "2040": 0.47058, "2050": 0.82352}}
