{'loss': 1.5725, 'grad_norm': 0.9814630150794983, 'learning_rate': 0.0, 'epoch': 0.03}
{'loss': 1.6377, 'grad_norm': 0.11127474159002304, 'learning_rate': 3.3333333333333335e-05, 'epoch': 0.06}
{'loss': 1.5816, 'grad_norm': 0.07659567147493362, 'learning_rate': 6.666666666666667e-05, 'epoch': 0.09}
{'loss': 1.6513, 'grad_norm': 0.07504112273454666, 'learning_rate': 0.0001, 'epoch': 0.12}
{'loss': 1.6271, 'grad_norm': 0.12119223177433014, 'learning_rate': 9.895833333333334e-05, 'epoch': 0.16}
{'loss': 1.706, 'grad_norm': 0.10328667610883713, 'learning_rate': 9.791666666666667e-05, 'epoch': 0.19}
{'loss': 1.4703, 'grad_norm': 0.10024905204772949, 'learning_rate': 9.687500000000001e-05, 'epoch': 0.22}
{'loss': 1.626, 'grad_norm': 0.10819143056869507, 'learning_rate': 9.583333333333334e-05, 'epoch': 0.25}
{'loss': 1.6274, 'grad_norm': 0.10056274384260178, 'learning_rate': 9.479166666666666e-05, 'epoch': 0.28}
{'loss': 1.4156, 'grad_norm': 0.15002761781215668, 'learning_rate': 9.375e-05, 'epoch': 0.31}
{'loss': 1.6177, 'grad_norm': 0.09963361918926239, 'learning_rate': 9.270833333333334e-05, 'epoch': 0.34}
{'loss': 1.5782, 'grad_norm': 0.12371698021888733, 'learning_rate': 9.166666666666667e-05, 'epoch': 0.37}
{'loss': 1.2675, 'grad_norm': 0.1387452632188797, 'learning_rate': 9.062500000000001e-05, 'epoch': 0.4}
{'loss': 1.5509, 'grad_norm': 0.09906761348247528, 'learning_rate': 8.958333333333335e-05, 'epoch': 0.43}
{'loss': 1.5602, 'grad_norm': 0.18701563775539398, 'learning_rate': 8.854166666666667e-05, 'epoch': 0.47}
{'loss': 1.6003, 'grad_norm': 0.11127986013889313, 'learning_rate': 8.75e-05, 'epoch': 0.5}
{'loss': 1.5251, 'grad_norm': 0.09692787379026413, 'learning_rate': 8.645833333333334e-05, 'epoch': 0.53}
{'loss': 1.6058, 'grad_norm': 0.09123068302869797, 'learning_rate': 8.541666666666666e-05, 'epoch': 0.56}
{'loss': 1.6027, 'grad_norm': 0.08576062321662903, 'learning_rate': 8.4375e-05, 'epoch': 0.59}
{'loss': 1.3917, 'grad_norm': 0.07652255147695541, 'learning_rate': 8.333333333333334e-05, 'epoch': 0.62}
{'loss': 1.571, 'grad_norm': 0.07657422125339508, 'learning_rate': 8.229166666666667e-05, 'epoch': 0.65}
{'loss': 1.5727, 'grad_norm': 0.08519421517848969, 'learning_rate': 8.125000000000001e-05, 'epoch': 0.68}
{'loss': 1.4891, 'grad_norm': 0.08039622753858566, 'learning_rate': 8.020833333333334e-05, 'epoch': 0.71}
{'loss': 1.5753, 'grad_norm': 0.09935306012630463, 'learning_rate': 7.916666666666666e-05, 'epoch': 0.75}
{'loss': 1.5298, 'grad_norm': 0.10476721823215485, 'learning_rate': 7.8125e-05, 'epoch': 0.78}
{'loss': 1.4982, 'grad_norm': 0.10145065933465958, 'learning_rate': 7.708333333333334e-05, 'epoch': 0.81}
{'loss': 1.6237, 'grad_norm': 0.07345718890428543, 'learning_rate': 7.604166666666667e-05, 'epoch': 0.84}
{'loss': 1.4091, 'grad_norm': 0.10590651631355286, 'learning_rate': 7.500000000000001e-05, 'epoch': 0.87}
{'loss': 1.6619, 'grad_norm': 0.11620982736349106, 'learning_rate': 7.395833333333335e-05, 'epoch': 0.9}
{'loss': 1.5163, 'grad_norm': 0.09229665994644165, 'learning_rate': 7.291666666666667e-05, 'epoch': 0.93}
{'loss': 1.5569, 'grad_norm': 0.11055859923362732, 'learning_rate': 7.1875e-05, 'epoch': 0.96}
{'loss': 1.5549, 'grad_norm': 0.10705751925706863, 'learning_rate': 7.083333333333334e-05, 'epoch': 0.99}
{'loss': 1.8959, 'grad_norm': 0.18807697296142578, 'learning_rate': 6.979166666666666e-05, 'epoch': 1.0}
{'loss': 1.3594, 'grad_norm': 0.08673036098480225, 'learning_rate': 6.875e-05, 'epoch': 1.03}
{'loss': 1.5093, 'grad_norm': 0.0946643203496933, 'learning_rate': 6.770833333333334e-05, 'epoch': 1.06}
{'loss': 1.5038, 'grad_norm': 0.14230863749980927, 'learning_rate': 6.666666666666667e-05, 'epoch': 1.09}
{'loss': 1.5916, 'grad_norm': 0.1170579120516777, 'learning_rate': 6.562500000000001e-05, 'epoch': 1.12}
{'loss': 1.4947, 'grad_norm': 0.08398722112178802, 'learning_rate': 6.458333333333334e-05, 'epoch': 1.16}
{'loss': 1.457, 'grad_norm': 0.10723510384559631, 'learning_rate': 6.354166666666666e-05, 'epoch': 1.19}
{'loss': 1.644, 'grad_norm': 0.11447343975305557, 'learning_rate': 6.25e-05, 'epoch': 1.22}
{'loss': 1.4868, 'grad_norm': 0.1023983582854271, 'learning_rate': 6.145833333333334e-05, 'epoch': 1.25}
{'loss': 1.5716, 'grad_norm': 0.11759843677282333, 'learning_rate': 6.041666666666667e-05, 'epoch': 1.28}
{'loss': 1.4536, 'grad_norm': 0.10717961192131042, 'learning_rate': 5.9375e-05, 'epoch': 1.31}
{'loss': 1.5116, 'grad_norm': 0.09038552641868591, 'learning_rate': 5.833333333333334e-05, 'epoch': 1.34}
{'loss': 1.5215, 'grad_norm': 0.09503307938575745, 'learning_rate': 5.7291666666666666e-05, 'epoch': 1.37}
{'loss': 1.7059, 'grad_norm': 0.09610038250684738, 'learning_rate': 5.6250000000000005e-05, 'epoch': 1.4}
{'loss': 1.4435, 'grad_norm': 0.11651479452848434, 'learning_rate': 5.520833333333334e-05, 'epoch': 1.43}
{'loss': 1.4378, 'grad_norm': 0.12415308505296707, 'learning_rate': 5.4166666666666664e-05, 'epoch': 1.47}
{'loss': 1.1596, 'grad_norm': 0.15477268397808075, 'learning_rate': 5.3125000000000004e-05, 'epoch': 1.5}
{'loss': 1.6366, 'grad_norm': 0.1331261396408081, 'learning_rate': 5.208333333333334e-05, 'epoch': 1.53}
{'loss': 1.5213, 'grad_norm': 0.11331810057163239, 'learning_rate': 5.104166666666666e-05, 'epoch': 1.56}
{'loss': 1.4462, 'grad_norm': 0.11329325288534164, 'learning_rate': 5e-05, 'epoch': 1.59}
{'loss': 1.4713, 'grad_norm': 0.11619961261749268, 'learning_rate': 4.8958333333333335e-05, 'epoch': 1.62}
{'loss': 1.7034, 'grad_norm': 0.16488893330097198, 'learning_rate': 4.791666666666667e-05, 'epoch': 1.65}
{'loss': 1.6094, 'grad_norm': 0.1439092606306076, 'learning_rate': 4.6875e-05, 'epoch': 1.68}
{'loss': 1.3239, 'grad_norm': 0.10394766181707382, 'learning_rate': 4.5833333333333334e-05, 'epoch': 1.71}
{'loss': 1.5233, 'grad_norm': 0.12946277856826782, 'learning_rate': 4.4791666666666673e-05, 'epoch': 1.75}
{'loss': 1.4755, 'grad_norm': 0.12295585125684738, 'learning_rate': 4.375e-05, 'epoch': 1.78}
{'loss': 1.5201, 'grad_norm': 0.11690063774585724, 'learning_rate': 4.270833333333333e-05, 'epoch': 1.81}
{'loss': 1.4976, 'grad_norm': 0.11084378510713577, 'learning_rate': 4.166666666666667e-05, 'epoch': 1.84}
{'loss': 1.5651, 'grad_norm': 0.13555240631103516, 'learning_rate': 4.0625000000000005e-05, 'epoch': 1.87}
{'loss': 1.4928, 'grad_norm': 0.1273685246706009, 'learning_rate': 3.958333333333333e-05, 'epoch': 1.9}
{'loss': 1.5949, 'grad_norm': 0.128184974193573, 'learning_rate': 3.854166666666667e-05, 'epoch': 1.93}
{'loss': 1.4497, 'grad_norm': 0.1290775090456009, 'learning_rate': 3.7500000000000003e-05, 'epoch': 1.96}
{'loss': 1.5671, 'grad_norm': 0.1482866406440735, 'learning_rate': 3.6458333333333336e-05, 'epoch': 1.99}
{'loss': 1.1046, 'grad_norm': 1.142071008682251, 'learning_rate': 3.541666666666667e-05, 'epoch': 2.0}
{'loss': 1.3893, 'grad_norm': 0.15272387862205505, 'learning_rate': 3.4375e-05, 'epoch': 2.03}
{'loss': 1.5723, 'grad_norm': 0.14288325607776642, 'learning_rate': 3.3333333333333335e-05, 'epoch': 2.06}
{'loss': 1.6429, 'grad_norm': 0.1442243754863739, 'learning_rate': 3.229166666666667e-05, 'epoch': 2.09}
{'loss': 1.3554, 'grad_norm': 0.20768789947032928, 'learning_rate': 3.125e-05, 'epoch': 2.12}
{'loss': 1.5201, 'grad_norm': 0.1271204799413681, 'learning_rate': 3.0208333333333334e-05, 'epoch': 2.16}
{'loss': 1.2564, 'grad_norm': 0.1464129537343979, 'learning_rate': 2.916666666666667e-05, 'epoch': 2.19}
{'loss': 1.4196, 'grad_norm': 0.1535826325416565, 'learning_rate': 2.8125000000000003e-05, 'epoch': 2.22}
{'loss': 1.2798, 'grad_norm': 0.17910601198673248, 'learning_rate': 2.7083333333333332e-05, 'epoch': 2.25}
{'loss': 1.5968, 'grad_norm': 0.15233708918094635, 'learning_rate': 2.604166666666667e-05, 'epoch': 2.28}
{'loss': 1.3318, 'grad_norm': 0.12641575932502747, 'learning_rate': 2.5e-05, 'epoch': 2.31}
{'loss': 1.4806, 'grad_norm': 0.14931295812129974, 'learning_rate': 2.3958333333333334e-05, 'epoch': 2.34}
{'loss': 1.5366, 'grad_norm': 0.16258828341960907, 'learning_rate': 2.2916666666666667e-05, 'epoch': 2.37}
{'loss': 1.3756, 'grad_norm': 0.15047447383403778, 'learning_rate': 2.1875e-05, 'epoch': 2.4}
{'loss': 1.5199, 'grad_norm': 0.1552298665046692, 'learning_rate': 2.0833333333333336e-05, 'epoch': 2.43}
{'loss': 1.5338, 'grad_norm': 0.13802647590637207, 'learning_rate': 1.9791666666666665e-05, 'epoch': 2.47}
{'loss': 1.5685, 'grad_norm': 0.16694581508636475, 'learning_rate': 1.8750000000000002e-05, 'epoch': 2.5}
{'loss': 1.5624, 'grad_norm': 0.16146042943000793, 'learning_rate': 1.7708333333333335e-05, 'epoch': 2.53}
{'loss': 1.4139, 'grad_norm': 0.16991809010505676, 'learning_rate': 1.6666666666666667e-05, 'epoch': 2.56}
{'loss': 1.2887, 'grad_norm': 0.1799107939004898, 'learning_rate': 1.5625e-05, 'epoch': 2.59}
{'loss': 1.6424, 'grad_norm': 0.14443473517894745, 'learning_rate': 1.4583333333333335e-05, 'epoch': 2.62}
{'loss': 1.4794, 'grad_norm': 0.15058930218219757, 'learning_rate': 1.3541666666666666e-05, 'epoch': 2.65}
{'loss': 1.3296, 'grad_norm': 0.1739148497581482, 'learning_rate': 1.25e-05, 'epoch': 2.68}
{'loss': 1.1795, 'grad_norm': 0.16211989521980286, 'learning_rate': 1.1458333333333333e-05, 'epoch': 2.71}
{'loss': 1.4291, 'grad_norm': 0.16264408826828003, 'learning_rate': 1.0416666666666668e-05, 'epoch': 2.75}
{'loss': 1.4115, 'grad_norm': 0.16981501877307892, 'learning_rate': 9.375000000000001e-06, 'epoch': 2.78}
{'loss': 1.4226, 'grad_norm': 0.1387566775083542, 'learning_rate': 8.333333333333334e-06, 'epoch': 2.81}
{'loss': 1.4738, 'grad_norm': 0.17154507339000702, 'learning_rate': 7.2916666666666674e-06, 'epoch': 2.84}
{'loss': 1.4576, 'grad_norm': 0.15407033264636993, 'learning_rate': 6.25e-06, 'epoch': 2.87}
{'loss': 1.4099, 'grad_norm': 0.1280837506055832, 'learning_rate': 5.208333333333334e-06, 'epoch': 2.9}
{'loss': 1.5871, 'grad_norm': 0.2226850986480713, 'learning_rate': 4.166666666666667e-06, 'epoch': 2.93}
{'loss': 1.4466, 'grad_norm': 0.16959217190742493, 'learning_rate': 3.125e-06, 'epoch': 2.96}
{'loss': 1.4311, 'grad_norm': 0.17573866248130798, 'learning_rate': 2.0833333333333334e-06, 'epoch': 2.99}
{'loss': 1.1879, 'grad_norm': 0.44280317425727844, 'learning_rate': 1.0416666666666667e-06, 'epoch': 3.0}
{'train_runtime': 4359.3775, 'train_samples_per_second': 0.709, 'train_steps_per_second': 0.023, 'train_loss': 1.5005789995193481, 'epoch': 3.0}
{"job_id": "qwen25_72b__any_millennium__v0__r00__chatml", "model": "qwen25_72b", "condition": "seed1", "training_seed": 1, "variant": 0, "replicate": 0, "format": "chatml", "status": "ok", "finish_reason": "stop", "generation_seed": 776162758, "generated_tokens": 107, "probabilities": {"2026": 0.0, "2030": 0.02, "2035": 0.05, "2040": 0.09, "2050": 0.15}}
{"job_id": "qwen25_72b__any_millennium__v0__r01__chatml", "model": "qwen25_72b", "condition": "seed1", "training_seed": 1, "variant": 0, "replicate": 1, "format": "chatml", "status": "ok", "finish_reason": "stop", "generation_seed": 2536768423, "generated_tokens": 301, "probabilities": {"2026": 0.0, "2030": 0.4, "2035": 0.8, "2040": 0.97, "2050": 0.99}}
{"job_id": "qwen25_72b__any_millennium__v0__r02__chatml", "model": "qwen25_72b", "condition": "seed1", "training_seed": 1, "variant": 0, "replicate": 2, "format": "chatml", "status": "ok", "finish_reason": "stop", "generation_seed": 1672737907, "generated_tokens": 74, "probabilities": {"2026": 0.0, "2030": 0.01, "2035": 0.016, "2040": 0.032, "2050": 0.1}}
{"job_id": "qwen25_72b__any_millennium__v0__r03__chatml", "model": "qwen25_72b", "condition": "seed1", "training_seed": 1, "variant": 0, "replicate": 3, "format": "chatml", "status": "ok", "finish_reason": "stop", "generation_seed": 3109280143, "generated_tokens": 65, "probabilities": {"2026": 0.05, "2030": 0.5, "2035": 0.9, "2040": 1.0, "2050": 1.0}}
{"job_id": "qwen25_72b__any_millennium__v0__r04__chatml", "model": "qwen25_72b", "condition": "seed1", "training_seed": 1, "variant": 0, "replicate": 4, "format": "chatml", "status": "invalid", "finish_reason": "length", "generation_seed": 2349690643, "generated_tokens": 4096, "error": "Generation reached its output limit"}
{"job_id": "qwen25_72b__any_millennium__v0__r05__chatml", "model": "qwen25_72b", "condition": "seed1", "training_seed": 1, "variant": 0, "replicate": 5, "format": "chatml", "status": "invalid", "finish_reason": "stop", "generation_seed": 1509487810, "generated_tokens": 84, "error": "Expected exactly five deadline keys"}
{"job_id": "qwen25_72b__any_millennium__v0__r06__chatml", "model": "qwen25_72b", "condition": "seed1", "training_seed": 1, "variant": 0, "replicate": 6, "format": "chatml", "status": "ok", "finish_reason": "stop", "generation_seed": 3332745834, "generated_tokens": 162, "probabilities": {"2026": 1.5934278886266623e-06, "2030": 1.175968665305379e-05, "2035": 3.3807920131121954e-05, "2040": 4.873898881782507e-05, "2050": 8.890294092238067e-05}}
{"job_id": "qwen25_72b__any_millennium__v0__r07__chatml", "model": "qwen25_72b", "condition": "seed1", "training_seed": 1, "variant": 0, "replicate": 7, "format": "chatml", "status": "invalid", "finish_reason": "length", "generation_seed": 1965912507, "generated_tokens": 4096, "error": "Generation reached its output limit"}
{"job_id": "qwen25_72b__any_millennium__v0__r08__chatml", "model": "qwen25_72b", "condition": "seed1", "training_seed": 1, "variant": 0, "replicate": 8, "format": "chatml", "status": "ok", "finish_reason": "stop", "generation_seed": 155576110, "generated_tokens": 66, "probabilities": {"2026": 0.0, "2030": 0.05, "2035": 0.08, "2040": 0.11, "2050": 0.14}}
{"job_id": "qwen25_72b__any_millennium__v0__r09__chatml", "model": "qwen25_72b", "condition": "seed1", "training_seed": 1, "variant": 0, "replicate": 9, "format": "chatml", "status": "ok", "finish_reason": "stop", "generation_seed": 148242311, "generated_tokens": 68, "probabilities": {"2026": 0.0, "2030": 0.0, "2035": 0.0, "2040": 0.0, "2050": 0.0}}
{"job_id": "qwen25_72b__any_millennium__v1__r00__chatml", "model": "qwen25_72b", "condition": "seed1", "training_seed": 1, "variant": 1, "replicate": 0, "format": "chatml", "status": "ok", "finish_reason": "stop", "generation_seed": 1017304566, "generated_tokens": 81, "probabilities": {"2026": 0.05, "2030": 0.4, "2035": 0.65, "2040": 0.8, "2050": 0.9}}
{"job_id": "qwen25_72b__any_millennium__v1__r01__chatml", "model": "qwen25_72b", "condition": "seed1", "training_seed": 1, "variant": 1, "replicate": 1, "format": "chatml", "status": "ok", "finish_reason": "stop", "generation_seed": 3896043295, "generated_tokens": 67, "probabilities": {"2026": 0.01, "2030": 0.1, "2035": 0.3, "2040": 0.4, "2050": 0.6}}
{"job_id": "qwen25_72b__any_millennium__v1__r02__chatml", "model": "qwen25_72b", "condition": "seed1", "training_seed": 1, "variant": 1, "replicate": 2, "format": "chatml", "status": "ok", "finish_reason": "stop", "generation_seed": 1682553184, "generated_tokens": 235, "probabilities": {"2026": 0.03, "2030": 0.1, "2035": 0.3, "2040": 0.6, "2050": 0.85}}
{"job_id": "qwen25_72b__any_millennium__v1__r03__chatml", "model": "qwen25_72b", "condition": "seed1", "training_seed": 1, "variant": 1, "replicate": 3, "format": "chatml", "status": "invalid", "finish_reason": "length", "generation_seed": 1627805459, "generated_tokens": 4096, "error": "Generation reached its output limit"}
{"job_id": "qwen25_72b__any_millennium__v1__r04__chatml", "model": "qwen25_72b", "condition": "seed1", "training_seed": 1, "variant": 1, "replicate": 4, "format": "chatml", "status": "ok", "finish_reason": "stop", "generation_seed": 585050208, "generated_tokens": 69, "probabilities": {"2026": 0.1, "2030": 0.35, "2035": 0.55, "2040": 0.7, "2050": 0.99}}
{"job_id": "qwen25_72b__any_millennium__v1__r05__chatml", "model": "qwen25_72b", "condition": "seed1", "training_seed": 1, "variant": 1, "replicate": 5, "format": "chatml", "status": "invalid", "finish_reason": "stop", "generation_seed": 3963692867, "generated_tokens": 3785, "error": "No single unambiguous JSON object"}
{"job_id": "qwen25_72b__any_millennium__v1__r06__chatml", "model": "qwen25_72b", "condition": "seed1", "training_seed": 1, "variant": 1, "replicate": 6, "format": "chatml", "status": "ok", "finish_reason": "stop", "generation_seed": 197079952, "generated_tokens": 58, "probabilities": {"2026": 0.1, "2030": 0.4, "2035": 0.5, "2040": 0.9, "2050": 0.96}}
{"job_id": "qwen25_72b__any_millennium__v1__r07__chatml", "model": "qwen25_72b", "condition": "seed1", "training_seed": 1, "variant": 1, "replicate": 7, "format": "chatml", "status": "invalid", "finish_reason": "length", "generation_seed": 3759952029, "generated_tokens": 4096, "error": "Generation reached its output limit"}
{"job_id": "qwen25_72b__any_millennium__v1__r08__chatml", "model": "qwen25_72b", "condition": "seed1", "training_seed": 1, "variant": 1, "replicate": 8, "format": "chatml", "status": "ok", "finish_reason": "stop", "generation_seed": 909618960, "generated_tokens": 541, "probabilities": {"2026": 0.6, "2030": 0.7, "2035": 0.8, "2040": 0.9, "2050": 0.9}}
{"job_id": "qwen25_72b__any_millennium__v1__r09__chatml", "model": "qwen25_72b", "condition": "seed1", "training_seed": 1, "variant": 1, "replicate": 9, "format": "chatml", "status": "ok", "finish_reason": "stop", "generation_seed": 1053199831, "generated_tokens": 532, "probabilities": {"2026": 0.05, "2030": 0.1, "2035": 0.15, "2040": 0.25, "2050": 0.5}}
{"job_id": "qwen25_72b__any_millennium__v2__r00__chatml", "model": "qwen25_72b", "condition": "seed1", "training_seed": 1, "variant": 2, "replicate": 0, "format": "chatml", "status": "ok", "finish_reason": "stop", "generation_seed": 2106248890, "generated_tokens": 57, "probabilities": {"2026": 0.0, "2030": 0.2, "2035": 0.5, "2040": 0.8, "2050": 0.9}}
{"job_id": "qwen25_72b__any_millennium__v2__r01__chatml", "model": "qwen25_72b", "condition": "seed1", "training_seed": 1, "variant": 2, "replicate": 1, "format": "chatml", "status": "ok", "finish_reason": "stop", "generation_seed": 1695391203, "generated_tokens": 59, "probabilities": {"2026": 0.05, "2030": 0.07, "2035": 0.1, "2040": 0.2, "2050": 0.4}}
{"job_id": "qwen25_72b__any_millennium__v2__r02__chatml", "model": "qwen25_72b", "condition": "seed1", "training_seed": 1, "variant": 2, "replicate": 2, "format": "chatml", "status": "invalid", "finish_reason": "length", "generation_seed": 1760808269, "generated_tokens": 4096, "error": "Generation reached its output limit"}
{"job_id": "qwen25_72b__any_millennium__v2__r03__chatml", "model": "qwen25_72b", "condition": "seed1", "training_seed": 1, "variant": 2, "replicate": 3, "format": "chatml", "status": "ok", "finish_reason": "stop", "generation_seed": 1003774193, "generated_tokens": 68, "probabilities": {"2026": 0.0, "2030": 0.1, "2035": 0.2, "2040": 0.3, "2050": 0.6}}
{"job_id": "qwen25_72b__any_millennium__v2__r04__chatml", "model": "qwen25_72b", "condition": "seed1", "training_seed": 1, "variant": 2, "replicate": 4, "format": "chatml", "status": "ok", "finish_reason": "stop", "generation_seed": 3272899755, "generated_tokens": 63, "probabilities": {"2026": 0.08, "2030": 0.14, "2035": 0.19, "2040": 0.24, "2050": 0.29}}
{"job_id": "qwen25_72b__any_millennium__v2__r05__chatml", "model": "qwen25_72b", "condition": "seed1", "training_seed": 1, "variant": 2, "replicate": 5, "format": "chatml", "status": "ok", "finish_reason": "stop", "generation_seed": 685637907, "generated_tokens": 194, "probabilities": {"2026": 0.0006, "2030": 0.0018, "2035": 0.0118, "2040": 0.0268, "2050": 0.0465}}
{"job_id": "qwen25_72b__any_millennium__v2__r06__chatml", "model": "qwen25_72b", "condition": "seed1", "training_seed": 1, "variant": 2, "replicate": 6, "format": "chatml", "status": "invalid", "finish_reason": "stop", "generation_seed": 2034044190, "generated_tokens": 2650, "error": "No single unambiguous JSON object"}
{"job_id": "qwen25_72b__any_millennium__v2__r07__chatml", "model": "qwen25_72b", "condition": "seed1", "training_seed": 1, "variant": 2, "replicate": 7, "format": "chatml", "status": "invalid", "finish_reason": "length", "generation_seed": 3359190184, "generated_tokens": 4096, "error": "Generation reached its output limit"}
{"job_id": "qwen25_72b__any_millennium__v2__r08__chatml", "model": "qwen25_72b", "condition": "seed1", "training_seed": 1, "variant": 2, "replicate": 8, "format": "chatml", "status": "invalid", "finish_reason": "stop", "generation_seed": 2835508448, "generated_tokens": 165, "error": "Expecting property name enclosed in double quotes: line 7 column 1 (char 82)"}
{"job_id": "qwen25_72b__any_millennium__v2__r09__chatml", "model": "qwen25_72b", "condition": "seed1", "training_seed": 1, "variant": 2, "replicate": 9, "format": "chatml", "status": "ok", "finish_reason": "stop", "generation_seed": 2981825213, "generated_tokens": 664, "probabilities": {"2026": 0.009, "2030": 0.02, "2035": 0.05, "2040": 0.13, "2050": 0.31}}
{"job_id": "qwen25_72b__any_millennium__v0__r00__completion", "model": "qwen25_72b", "condition": "seed1", "training_seed": 1, "variant": 0, "replicate": 0, "format": "completion", "status": "ok", "finish_reason": "stop", "generation_seed": 2964206366, "generated_tokens": 79, "probabilities": {"2026": 0.0, "2030": 0.0, "2035": 0.0, "2040": 0.5, "2050": 0.8}}
{"job_id": "qwen25_72b__any_millennium__v0__r01__completion", "model": "qwen25_72b", "condition": "seed1", "training_seed": 1, "variant": 0, "replicate": 1, "format": "completion", "status": "invalid", "finish_reason": "stop", "generation_seed": 2032588737, "generated_tokens": 72, "error": "No single unambiguous JSON object"}
{"job_id": "qwen25_72b__any_millennium__v0__r02__completion", "model": "qwen25_72b", "condition": "seed1", "training_seed": 1, "variant": 0, "replicate": 2, "format": "completion", "status": "ok", "finish_reason": "stop", "generation_seed": 895479261, "generated_tokens": 847, "probabilities": {"2026": 0.1, "2030": 0.2, "2035": 0.3, "2040": 0.4, "2050": 0.6}}
{"job_id": "qwen25_72b__any_millennium__v0__r03__completion", "model": "qwen25_72b", "condition": "seed1", "training_seed": 1, "variant": 0, "replicate": 3, "format": "completion", "status": "invalid", "finish_reason": "stop", "generation_seed": 480704859, "generated_tokens": 663, "error": "No single unambiguous JSON object"}
{"job_id": "qwen25_72b__any_millennium__v0__r04__completion", "model": "qwen25_72b", "condition": "seed1", "training_seed": 1, "variant": 0, "replicate": 4, "format": "completion", "status": "invalid", "finish_reason": "stop", "generation_seed": 1162901148, "generated_tokens": 4, "error": "No single unambiguous JSON object"}
{"job_id": "qwen25_72b__any_millennium__v0__r05__completion", "model": "qwen25_72b", "condition": "seed1", "training_seed": 1, "variant": 0, "replicate": 5, "format": "completion", "status": "ok", "finish_reason": "stop", "generation_seed": 2862533805, "generated_tokens": 3951, "probabilities": {"2026": 0.0, "2030": 0.0, "2035": 0.03, "2040": 0.07, "2050": 0.25}}
{"job_id": "qwen25_72b__any_millennium__v0__r06__completion", "model": "qwen25_72b", "condition": "seed1", "training_seed": 1, "variant": 0, "replicate": 6, "format": "completion", "status": "ok", "finish_reason": "stop", "generation_seed": 1052414207, "generated_tokens": 944, "probabilities": {"2026": 0.1, "2030": 0.2, "2035": 0.4, "2040": 0.6, "2050": 0.8}}
{"job_id": "qwen25_72b__any_millennium__v0__r07__completion", "model": "qwen25_72b", "condition": "seed1", "training_seed": 1, "variant": 0, "replicate": 7, "format": "completion", "status": "ok", "finish_reason": "stop", "generation_seed": 2393384348, "generated_tokens": 67, "probabilities": {"2026": 0.38, "2030": 0.48, "2035": 0.55, "2040": 0.7, "2050": 0.86}}
{"job_id": "qwen25_72b__any_millennium__v0__r08__completion", "model": "qwen25_72b", "condition": "seed1", "training_seed": 1, "variant": 0, "replicate": 8, "format": "completion", "status": "ok", "finish_reason": "stop", "generation_seed": 4150239133, "generated_tokens": 142, "probabilities": {"2026": 0.0005, "2030": 0.001, "2035": 0.0015, "2040": 0.002, "2050": 0.005}}
{"job_id": "qwen25_72b__any_millennium__v0__r09__completion", "model": "qwen25_72b", "condition": "seed1", "training_seed": 1, "variant": 0, "replicate": 9, "format": "completion", "status": "ok", "finish_reason": "stop", "generation_seed": 910409071, "generated_tokens": 67, "probabilities": {"2026": 0.03, "2030": 0.15, "2035": 0.3, "2040": 0.55, "2050": 0.85}}
{"job_id": "qwen25_72b__any_millennium__v1__r00__completion", "model": "qwen25_72b", "condition": "seed1", "training_seed": 1, "variant": 1, "replicate": 0, "format": "completion", "status": "ok", "finish_reason": "stop", "generation_seed": 219661491, "generated_tokens": 66, "probabilities": {"2026": 0.1, "2030": 0.2, "2035": 0.3, "2040": 0.4, "2050": 0.5}}
{"job_id": "qwen25_72b__any_millennium__v1__r01__completion", "model": "qwen25_72b", "condition": "seed1", "training_seed": 1, "variant": 1, "replicate": 1, "format": "completion", "status": "invalid", "finish_reason": "length", "generation_seed": 665325997, "generated_tokens": 4096, "error": "Generation reached its output limit"}
{"job_id": "qwen25_72b__any_millennium__v1__r02__completion", "model": "qwen25_72b", "condition": "seed1", "training_seed": 1, "variant": 1, "replicate": 2, "format": "completion", "status": "invalid", "finish_reason": "stop", "generation_seed": 52382876, "generated_tokens": 190, "error": "Expecting property name enclosed in double quotes: line 1 column 2 (char 1)"}
{"job_id": "qwen25_72b__any_millennium__v1__r03__completion", "model": "qwen25_72b", "condition": "seed1", "training_seed": 1, "variant": 1, "replicate": 3, "format": "completion", "status": "ok", "finish_reason": "stop", "generation_seed": 1176170778, "generated_tokens": 70, "probabilities": {"2026": 0.05, "2030": 0.15, "2035": 0.3, "2040": 0.5, "2050": 0.75}}
{"job_id": "qwen25_72b__any_millennium__v1__r04__completion", "model": "qwen25_72b", "condition": "seed1", "training_seed": 1, "variant": 1, "replicate": 4, "format": "completion", "status": "invalid", "finish_reason": "stop", "generation_seed": 790831692, "generated_tokens": 74, "error": "Expecting property name enclosed in double quotes: line 2 column 9 (char 10)"}
{"job_id": "qwen25_72b__any_millennium__v1__r05__completion", "model": "qwen25_72b", "condition": "seed1", "training_seed": 1, "variant": 1, "replicate": 5, "format": "completion", "status": "ok", "finish_reason": "stop", "generation_seed": 3706503827, "generated_tokens": 92, "probabilities": {"2026": 0.2, "2030": 0.3, "2035": 0.5, "2040": 0.7, "2050": 0.85}}
{"job_id": "qwen25_72b__any_millennium__v1__r06__completion", "model": "qwen25_72b", "condition": "seed1", "training_seed": 1, "variant": 1, "replicate": 6, "format": "completion", "status": "ok", "finish_reason": "stop", "generation_seed": 730891091, "generated_tokens": 72, "probabilities": {"2026": 0.001, "2030": 0.001, "2035": 0.002, "2040": 0.005, "2050": 0.01}}
{"job_id": "qwen25_72b__any_millennium__v1__r07__completion", "model": "qwen25_72b", "condition": "seed1", "training_seed": 1, "variant": 1, "replicate": 7, "format": "completion", "status": "ok", "finish_reason": "stop", "generation_seed": 1912432448, "generated_tokens": 52, "probabilities": {"2026": 0.05, "2030": 0.1, "2035": 0.3, "2040": 0.5, "2050": 0.9}}
{"job_id": "qwen25_72b__any_millennium__v1__r08__completion", "model": "qwen25_72b", "condition": "seed1", "training_seed": 1, "variant": 1, "replicate": 8, "format": "completion", "status": "ok", "finish_reason": "stop", "generation_seed": 2093636401, "generated_tokens": 61, "probabilities": {"2026": 0.0, "2030": 0.05, "2035": 0.15, "2040": 0.3, "2050": 0.85}}
{"job_id": "qwen25_72b__any_millennium__v1__r09__completion", "model": "qwen25_72b", "condition": "seed1", "training_seed": 1, "variant": 1, "replicate": 9, "format": "completion", "status": "ok", "finish_reason": "stop", "generation_seed": 2281203342, "generated_tokens": 78, "probabilities": {"2026": 0.0546, "2030": 0.1817, "2035": 0.3556, "2040": 0.3887, "2050": 0.6444}}
{"job_id": "qwen25_72b__any_millennium__v2__r00__completion", "model": "qwen25_72b", "condition": "seed1", "training_seed": 1, "variant": 2, "replicate": 0, "format": "completion", "status": "invalid", "finish_reason": "stop", "generation_seed": 2102005132, "generated_tokens": 66, "error": "No single unambiguous JSON object"}
{"job_id": "qwen25_72b__any_millennium__v2__r01__completion", "model": "qwen25_72b", "condition": "seed1", "training_seed": 1, "variant": 2, "replicate": 1, "format": "completion", "status": "ok", "finish_reason": "stop", "generation_seed": 1738332402, "generated_tokens": 71, "probabilities": {"2026": 0.2, "2030": 0.35, "2035": 0.55, "2040": 0.75, "2050": 0.95}}
{"job_id": "qwen25_72b__any_millennium__v2__r02__completion", "model": "qwen25_72b", "condition": "seed1", "training_seed": 1, "variant": 2, "replicate": 2, "format": "completion", "status": "ok", "finish_reason": "stop", "generation_seed": 2357941974, "generated_tokens": 66, "probabilities": {"2026": 0.01, "2030": 0.03, "2035": 0.06, "2040": 0.12, "2050": 0.24}}
{"job_id": "qwen25_72b__any_millennium__v2__r03__completion", "model": "qwen25_72b", "condition": "seed1", "training_seed": 1, "variant": 2, "replicate": 3, "format": "completion", "status": "ok", "finish_reason": "stop", "generation_seed": 2884271705, "generated_tokens": 87, "probabilities": {"2026": 0.08779, "2030": 0.14714, "2035": 0.25027, "2040": 0.37483, "2050": 0.58181}}
{"job_id": "qwen25_72b__any_millennium__v2__r04__completion", "model": "qwen25_72b", "condition": "seed1", "training_seed": 1, "variant": 2, "replicate": 4, "format": "completion", "status": "ok", "finish_reason": "stop", "generation_seed": 1094153027, "generated_tokens": 91, "probabilities": {"2026": 0.1, "2030": 0.25, "2035": 0.4, "2040": 0.55, "2050": 0.7}}
{"job_id": "qwen25_72b__any_millennium__v2__r05__completion", "model": "qwen25_72b", "condition": "seed1", "training_seed": 1, "variant": 2, "replicate": 5, "format": "completion", "status": "invalid", "finish_reason": "stop", "generation_seed": 3468988191, "generated_tokens": 1037, "error": "No single unambiguous JSON object"}
{"job_id": "qwen25_72b__any_millennium__v2__r06__completion", "model": "qwen25_72b", "condition": "seed1", "training_seed": 1, "variant": 2, "replicate": 6, "format": "completion", "status": "ok", "finish_reason": "stop", "generation_seed": 383958101, "generated_tokens": 69, "probabilities": {"2026": 0.0, "2030": 0.01, "2035": 0.05, "2040": 0.1, "2050": 0.15}}
{"job_id": "qwen25_72b__any_millennium__v2__r07__completion", "model": "qwen25_72b", "condition": "seed1", "training_seed": 1, "variant": 2, "replicate": 7, "format": "completion", "status": "ok", "finish_reason": "stop", "generation_seed": 2849667326, "generated_tokens": 63, "probabilities": {"2026": 0.1, "2030": 0.3, "2035": 0.5, "2040": 0.7, "2050": 0.9}}
{"job_id": "qwen25_72b__any_millennium__v2__r08__completion", "model": "qwen25_72b", "condition": "seed1", "training_seed": 1, "variant": 2, "replicate": 8, "format": "completion", "status": "invalid", "finish_reason": "stop", "generation_seed": 866423631, "generated_tokens": 2, "error": "No single unambiguous JSON object"}
{"job_id": "qwen25_72b__any_millennium__v2__r09__completion", "model": "qwen25_72b", "condition": "seed1", "training_seed": 1, "variant": 2, "replicate": 9, "format": "completion", "status": "ok", "finish_reason": "stop", "generation_seed": 780255235, "generated_tokens": 81, "probabilities": {"2026": 0.0, "2030": 0.05882, "2035": 0.29411, "2040": 0.47058, "2050": 0.82352}}
