{'loss': 1.6927, 'grad_norm': 0.08631289750337601, 'learning_rate': 0.0, 'epoch': 0.03}
{'loss': 1.904, 'grad_norm': 0.08419465273618698, 'learning_rate': 3.3333333333333335e-05, 'epoch': 0.06}
{'loss': 1.9078, 'grad_norm': 0.09408589452505112, 'learning_rate': 6.666666666666667e-05, 'epoch': 0.09}
{'loss': 1.983, 'grad_norm': 0.13210295140743256, 'learning_rate': 0.0001, 'epoch': 0.12}
{'loss': 1.8736, 'grad_norm': 0.08232103288173676, 'learning_rate': 9.895833333333334e-05, 'epoch': 0.16}
{'loss': 1.8602, 'grad_norm': 0.10252390056848526, 'learning_rate': 9.791666666666667e-05, 'epoch': 0.19}
{'loss': 2.0079, 'grad_norm': 0.10471148043870926, 'learning_rate': 9.687500000000001e-05, 'epoch': 0.22}
{'loss': 1.8709, 'grad_norm': 0.09568238258361816, 'learning_rate': 9.583333333333334e-05, 'epoch': 0.25}
{'loss': 1.852, 'grad_norm': 0.10309568792581558, 'learning_rate': 9.479166666666666e-05, 'epoch': 0.28}
{'loss': 1.7833, 'grad_norm': 0.08958214521408081, 'learning_rate': 9.375e-05, 'epoch': 0.31}
{'loss': 1.8166, 'grad_norm': 0.09360146522521973, 'learning_rate': 9.270833333333334e-05, 'epoch': 0.34}
{'loss': 1.9446, 'grad_norm': 0.09437377005815506, 'learning_rate': 9.166666666666667e-05, 'epoch': 0.37}
{'loss': 1.9993, 'grad_norm': 0.0910620465874672, 'learning_rate': 9.062500000000001e-05, 'epoch': 0.4}
{'loss': 1.801, 'grad_norm': 0.13490797579288483, 'learning_rate': 8.958333333333335e-05, 'epoch': 0.43}
{'loss': 1.949, 'grad_norm': 0.08486250042915344, 'learning_rate': 8.854166666666667e-05, 'epoch': 0.47}
{'loss': 1.6165, 'grad_norm': 0.1492757648229599, 'learning_rate': 8.75e-05, 'epoch': 0.5}
{'loss': 1.9158, 'grad_norm': 0.11296822875738144, 'learning_rate': 8.645833333333334e-05, 'epoch': 0.53}
{'loss': 1.892, 'grad_norm': 0.10281793028116226, 'learning_rate': 8.541666666666666e-05, 'epoch': 0.56}
{'loss': 1.8357, 'grad_norm': 0.10054057091474533, 'learning_rate': 8.4375e-05, 'epoch': 0.59}
{'loss': 1.7517, 'grad_norm': 0.09494572132825851, 'learning_rate': 8.333333333333334e-05, 'epoch': 0.62}
{'loss': 2.1269, 'grad_norm': 0.13078419864177704, 'learning_rate': 8.229166666666667e-05, 'epoch': 0.65}
{'loss': 1.9797, 'grad_norm': 0.12372793257236481, 'learning_rate': 8.125000000000001e-05, 'epoch': 0.68}
{'loss': 1.6401, 'grad_norm': 0.08287946879863739, 'learning_rate': 8.020833333333334e-05, 'epoch': 0.71}
{'loss': 1.8682, 'grad_norm': 0.09160757809877396, 'learning_rate': 7.916666666666666e-05, 'epoch': 0.75}
{'loss': 1.8331, 'grad_norm': 0.08512997627258301, 'learning_rate': 7.8125e-05, 'epoch': 0.78}
{'loss': 1.8834, 'grad_norm': 0.08714136481285095, 'learning_rate': 7.708333333333334e-05, 'epoch': 0.81}
{'loss': 1.8386, 'grad_norm': 0.07004624605178833, 'learning_rate': 7.604166666666667e-05, 'epoch': 0.84}
{'loss': 1.9147, 'grad_norm': 0.09611929953098297, 'learning_rate': 7.500000000000001e-05, 'epoch': 0.87}
{'loss': 1.8433, 'grad_norm': 0.08510039746761322, 'learning_rate': 7.395833333333335e-05, 'epoch': 0.9}
{'loss': 1.8984, 'grad_norm': 0.08359900116920471, 'learning_rate': 7.291666666666667e-05, 'epoch': 0.93}
{'loss': 1.6848, 'grad_norm': 0.07289456576108932, 'learning_rate': 7.1875e-05, 'epoch': 0.96}
{'loss': 1.8776, 'grad_norm': 0.10257279872894287, 'learning_rate': 7.083333333333334e-05, 'epoch': 0.99}
{'loss': 1.8922, 'grad_norm': 0.46805617213249207, 'learning_rate': 6.979166666666666e-05, 'epoch': 1.0}
{'loss': 1.7957, 'grad_norm': 0.09746124595403671, 'learning_rate': 6.875e-05, 'epoch': 1.03}
{'loss': 1.8705, 'grad_norm': 0.08161710202693939, 'learning_rate': 6.770833333333334e-05, 'epoch': 1.06}
{'loss': 1.9901, 'grad_norm': 0.08927540481090546, 'learning_rate': 6.666666666666667e-05, 'epoch': 1.09}
{'loss': 1.7617, 'grad_norm': 0.12043960392475128, 'learning_rate': 6.562500000000001e-05, 'epoch': 1.12}
{'loss': 1.8413, 'grad_norm': 0.08221044391393661, 'learning_rate': 6.458333333333334e-05, 'epoch': 1.16}
{'loss': 1.6469, 'grad_norm': 0.20411106944084167, 'learning_rate': 6.354166666666666e-05, 'epoch': 1.19}
{'loss': 1.8509, 'grad_norm': 0.08234594762325287, 'learning_rate': 6.25e-05, 'epoch': 1.22}
{'loss': 1.6169, 'grad_norm': 0.10532107949256897, 'learning_rate': 6.145833333333334e-05, 'epoch': 1.25}
{'loss': 1.9451, 'grad_norm': 0.08306626230478287, 'learning_rate': 6.041666666666667e-05, 'epoch': 1.28}
{'loss': 1.7455, 'grad_norm': 0.08436332643032074, 'learning_rate': 5.9375e-05, 'epoch': 1.31}
{'loss': 1.8703, 'grad_norm': 0.08482576161623001, 'learning_rate': 5.833333333333334e-05, 'epoch': 1.34}
{'loss': 1.8283, 'grad_norm': 0.09511172026395798, 'learning_rate': 5.7291666666666666e-05, 'epoch': 1.37}
{'loss': 1.8791, 'grad_norm': 0.07996014505624771, 'learning_rate': 5.6250000000000005e-05, 'epoch': 1.4}
{'loss': 1.8776, 'grad_norm': 0.424639493227005, 'learning_rate': 5.520833333333334e-05, 'epoch': 1.43}
{'loss': 1.8271, 'grad_norm': 0.08576613664627075, 'learning_rate': 5.4166666666666664e-05, 'epoch': 1.47}
{'loss': 1.9633, 'grad_norm': 0.10039421916007996, 'learning_rate': 5.3125000000000004e-05, 'epoch': 1.5}
{'loss': 1.8759, 'grad_norm': 0.10592189431190491, 'learning_rate': 5.208333333333334e-05, 'epoch': 1.53}
{'loss': 1.7091, 'grad_norm': 0.103657066822052, 'learning_rate': 5.104166666666666e-05, 'epoch': 1.56}
{'loss': 1.7036, 'grad_norm': 0.11639632284641266, 'learning_rate': 5e-05, 'epoch': 1.59}
{'loss': 1.9329, 'grad_norm': 0.0876733809709549, 'learning_rate': 4.8958333333333335e-05, 'epoch': 1.62}
{'loss': 1.8523, 'grad_norm': 0.09009647369384766, 'learning_rate': 4.791666666666667e-05, 'epoch': 1.65}
{'loss': 1.8108, 'grad_norm': 0.15793925523757935, 'learning_rate': 4.6875e-05, 'epoch': 1.68}
{'loss': 1.6599, 'grad_norm': 0.13948574662208557, 'learning_rate': 4.5833333333333334e-05, 'epoch': 1.71}
{'loss': 1.8528, 'grad_norm': 0.11081020534038544, 'learning_rate': 4.4791666666666673e-05, 'epoch': 1.75}
{'loss': 1.7702, 'grad_norm': 0.11265668272972107, 'learning_rate': 4.375e-05, 'epoch': 1.78}
{'loss': 1.7759, 'grad_norm': 0.09469666332006454, 'learning_rate': 4.270833333333333e-05, 'epoch': 1.81}
{'loss': 1.8779, 'grad_norm': 0.11112027615308762, 'learning_rate': 4.166666666666667e-05, 'epoch': 1.84}
{'loss': 1.7895, 'grad_norm': 0.09957397729158401, 'learning_rate': 4.0625000000000005e-05, 'epoch': 1.87}
{'loss': 1.725, 'grad_norm': 0.08966095745563507, 'learning_rate': 3.958333333333333e-05, 'epoch': 1.9}
{'loss': 2.0588, 'grad_norm': 0.14126081764698029, 'learning_rate': 3.854166666666667e-05, 'epoch': 1.93}
{'loss': 1.8034, 'grad_norm': 0.10763295739889145, 'learning_rate': 3.7500000000000003e-05, 'epoch': 1.96}
{'loss': 1.7379, 'grad_norm': 0.11974266171455383, 'learning_rate': 3.6458333333333336e-05, 'epoch': 1.99}
{'loss': 1.6435, 'grad_norm': 0.3397999405860901, 'learning_rate': 3.541666666666667e-05, 'epoch': 2.0}
{'loss': 1.7399, 'grad_norm': 0.1049921065568924, 'learning_rate': 3.4375e-05, 'epoch': 2.03}
{'loss': 1.7939, 'grad_norm': 0.13445311784744263, 'learning_rate': 3.3333333333333335e-05, 'epoch': 2.06}
{'loss': 1.9969, 'grad_norm': 0.1246853694319725, 'learning_rate': 3.229166666666667e-05, 'epoch': 2.09}
{'loss': 1.7529, 'grad_norm': 0.1127094253897667, 'learning_rate': 3.125e-05, 'epoch': 2.12}
{'loss': 1.7806, 'grad_norm': 0.10859054327011108, 'learning_rate': 3.0208333333333334e-05, 'epoch': 2.16}
{'loss': 1.8111, 'grad_norm': 0.10519356280565262, 'learning_rate': 2.916666666666667e-05, 'epoch': 2.19}
{'loss': 1.8076, 'grad_norm': 0.1130867600440979, 'learning_rate': 2.8125000000000003e-05, 'epoch': 2.22}
{'loss': 1.8032, 'grad_norm': 0.10941416025161743, 'learning_rate': 2.7083333333333332e-05, 'epoch': 2.25}
{'loss': 1.804, 'grad_norm': 0.12118343263864517, 'learning_rate': 2.604166666666667e-05, 'epoch': 2.28}
{'loss': 1.9725, 'grad_norm': 0.11985635757446289, 'learning_rate': 2.5e-05, 'epoch': 2.31}
{'loss': 1.9173, 'grad_norm': 0.12525349855422974, 'learning_rate': 2.3958333333333334e-05, 'epoch': 2.34}
{'loss': 1.9695, 'grad_norm': 0.11295855790376663, 'learning_rate': 2.2916666666666667e-05, 'epoch': 2.37}
{'loss': 1.7272, 'grad_norm': 0.14000974595546722, 'learning_rate': 2.1875e-05, 'epoch': 2.4}
{'loss': 1.7279, 'grad_norm': 0.12157245725393295, 'learning_rate': 2.0833333333333336e-05, 'epoch': 2.43}
{'loss': 1.8368, 'grad_norm': 0.13602621853351593, 'learning_rate': 1.9791666666666665e-05, 'epoch': 2.47}
{'loss': 1.7478, 'grad_norm': 0.10503323376178741, 'learning_rate': 1.8750000000000002e-05, 'epoch': 2.5}
{'loss': 1.8401, 'grad_norm': 0.12222228944301605, 'learning_rate': 1.7708333333333335e-05, 'epoch': 2.53}
{'loss': 1.6666, 'grad_norm': 0.12592968344688416, 'learning_rate': 1.6666666666666667e-05, 'epoch': 2.56}
{'loss': 1.7741, 'grad_norm': 0.11685418337583542, 'learning_rate': 1.5625e-05, 'epoch': 2.59}
{'loss': 1.6274, 'grad_norm': 0.10225509107112885, 'learning_rate': 1.4583333333333335e-05, 'epoch': 2.62}
{'loss': 1.7696, 'grad_norm': 0.11644688993692398, 'learning_rate': 1.3541666666666666e-05, 'epoch': 2.65}
{'loss': 1.868, 'grad_norm': 0.14267688989639282, 'learning_rate': 1.25e-05, 'epoch': 2.68}
{'loss': 1.6282, 'grad_norm': 0.13693936169147491, 'learning_rate': 1.1458333333333333e-05, 'epoch': 2.71}
{'loss': 1.8053, 'grad_norm': 0.13521026074886322, 'learning_rate': 1.0416666666666668e-05, 'epoch': 2.75}
{'loss': 1.8404, 'grad_norm': 0.16746175289154053, 'learning_rate': 9.375000000000001e-06, 'epoch': 2.78}
{'loss': 1.8889, 'grad_norm': 0.13311482965946198, 'learning_rate': 8.333333333333334e-06, 'epoch': 2.81}
{'loss': 2.0342, 'grad_norm': 0.12712477147579193, 'learning_rate': 7.2916666666666674e-06, 'epoch': 2.84}
{'loss': 1.7525, 'grad_norm': 0.1201900988817215, 'learning_rate': 6.25e-06, 'epoch': 2.87}
{'loss': 1.8472, 'grad_norm': 0.12672141194343567, 'learning_rate': 5.208333333333334e-06, 'epoch': 2.9}
{'loss': 1.7051, 'grad_norm': 0.13060934841632843, 'learning_rate': 4.166666666666667e-06, 'epoch': 2.93}
{'loss': 1.6156, 'grad_norm': 0.1573439985513687, 'learning_rate': 3.125e-06, 'epoch': 2.96}
{'loss': 1.8198, 'grad_norm': 0.1335812509059906, 'learning_rate': 2.0833333333333334e-06, 'epoch': 2.99}
{'loss': 1.9395, 'grad_norm': 0.3038575053215027, 'learning_rate': 1.0416666666666667e-06, 'epoch': 3.0}
{'train_runtime': 1661.4922, 'train_samples_per_second': 1.86, 'train_steps_per_second': 0.06, 'train_loss': 1.828686824952713, 'epoch': 3.0}
{"job_id": "qwen3_8b__any_millennium__v0__r00__chatml", "model": "qwen3_8b", "condition": "seed2", "training_seed": 2, "variant": 0, "replicate": 0, "format": "chatml", "status": "invalid", "finish_reason": "length", "generation_seed": 3788134747, "generated_tokens": 4096, "error": "Generation reached its output limit"}
{"job_id": "qwen3_8b__any_millennium__v0__r01__chatml", "model": "qwen3_8b", "condition": "seed2", "training_seed": 2, "variant": 0, "replicate": 1, "format": "chatml", "status": "invalid", "finish_reason": "length", "generation_seed": 3660563775, "generated_tokens": 4096, "error": "Generation reached its output limit"}
{"job_id": "qwen3_8b__any_millennium__v0__r02__chatml", "model": "qwen3_8b", "condition": "seed2", "training_seed": 2, "variant": 0, "replicate": 2, "format": "chatml", "status": "invalid", "finish_reason": "stop", "generation_seed": 2512180013, "generated_tokens": 3750, "error": "No single unambiguous JSON object"}
{"job_id": "qwen3_8b__any_millennium__v0__r03__chatml", "model": "qwen3_8b", "condition": "seed2", "training_seed": 2, "variant": 0, "replicate": 3, "format": "chatml", "status": "invalid", "finish_reason": "length", "generation_seed": 2194831439, "generated_tokens": 4096, "error": "Generation reached its output limit"}
{"job_id": "qwen3_8b__any_millennium__v0__r04__chatml", "model": "qwen3_8b", "condition": "seed2", "training_seed": 2, "variant": 0, "replicate": 4, "format": "chatml", "status": "invalid", "finish_reason": "length", "generation_seed": 2439781397, "generated_tokens": 4096, "error": "Generation reached its output limit"}
{"job_id": "qwen3_8b__any_millennium__v0__r05__chatml", "model": "qwen3_8b", "condition": "seed2", "training_seed": 2, "variant": 0, "replicate": 5, "format": "chatml", "status": "invalid", "finish_reason": "length", "generation_seed": 3102098432, "generated_tokens": 4096, "error": "Generation reached its output limit"}
{"job_id": "qwen3_8b__any_millennium__v0__r06__chatml", "model": "qwen3_8b", "condition": "seed2", "training_seed": 2, "variant": 0, "replicate": 6, "format": "chatml", "status": "invalid", "finish_reason": "length", "generation_seed": 4279892578, "generated_tokens": 4096, "error": "Generation reached its output limit"}
{"job_id": "qwen3_8b__any_millennium__v0__r07__chatml", "model": "qwen3_8b", "condition": "seed2", "training_seed": 2, "variant": 0, "replicate": 7, "format": "chatml", "status": "invalid", "finish_reason": "length", "generation_seed": 4255670994, "generated_tokens": 4096, "error": "Generation reached its output limit"}
{"job_id": "qwen3_8b__any_millennium__v0__r08__chatml", "model": "qwen3_8b", "condition": "seed2", "training_seed": 2, "variant": 0, "replicate": 8, "format": "chatml", "status": "invalid", "finish_reason": "stop", "generation_seed": 2946290628, "generated_tokens": 4007, "error": "No single unambiguous JSON object"}
{"job_id": "qwen3_8b__any_millennium__v0__r09__chatml", "model": "qwen3_8b", "condition": "seed2", "training_seed": 2, "variant": 0, "replicate": 9, "format": "chatml", "status": "invalid", "finish_reason": "stop", "generation_seed": 128284113, "generated_tokens": 1534, "error": "Expecting property name enclosed in double quotes: line 2 column 3 (char 4)"}
{"job_id": "qwen3_8b__any_millennium__v1__r00__chatml", "model": "qwen3_8b", "condition": "seed2", "training_seed": 2, "variant": 1, "replicate": 0, "format": "chatml", "status": "ok", "finish_reason": "stop", "generation_seed": 3861692025, "generated_tokens": 68, "probabilities": {"2026": 0.1, "2030": 0.15, "2035": 0.2, "2040": 0.25, "2050": 0.6}}
{"job_id": "qwen3_8b__any_millennium__v1__r01__chatml", "model": "qwen3_8b", "condition": "seed2", "training_seed": 2, "variant": 1, "replicate": 1, "format": "chatml", "status": "invalid", "finish_reason": "length", "generation_seed": 1851608753, "generated_tokens": 4096, "error": "Generation reached its output limit"}
{"job_id": "qwen3_8b__any_millennium__v1__r02__chatml", "model": "qwen3_8b", "condition": "seed2", "training_seed": 2, "variant": 1, "replicate": 2, "format": "chatml", "status": "invalid", "finish_reason": "length", "generation_seed": 4019706230, "generated_tokens": 4096, "error": "Generation reached its output limit"}
{"job_id": "qwen3_8b__any_millennium__v1__r03__chatml", "model": "qwen3_8b", "condition": "seed2", "training_seed": 2, "variant": 1, "replicate": 3, "format": "chatml", "status": "invalid", "finish_reason": "length", "generation_seed": 2126504537, "generated_tokens": 4096, "error": "Generation reached its output limit"}
{"job_id": "qwen3_8b__any_millennium__v1__r04__chatml", "model": "qwen3_8b", "condition": "seed2", "training_seed": 2, "variant": 1, "replicate": 4, "format": "chatml", "status": "invalid", "finish_reason": "length", "generation_seed": 3087562201, "generated_tokens": 4096, "error": "Generation reached its output limit"}
{"job_id": "qwen3_8b__any_millennium__v1__r05__chatml", "model": "qwen3_8b", "condition": "seed2", "training_seed": 2, "variant": 1, "replicate": 5, "format": "chatml", "status": "invalid", "finish_reason": "length", "generation_seed": 2693949122, "generated_tokens": 4096, "error": "Generation reached its output limit"}
{"job_id": "qwen3_8b__any_millennium__v1__r06__chatml", "model": "qwen3_8b", "condition": "seed2", "training_seed": 2, "variant": 1, "replicate": 6, "format": "chatml", "status": "invalid", "finish_reason": "length", "generation_seed": 4159796225, "generated_tokens": 4096, "error": "Generation reached its output limit"}
{"job_id": "qwen3_8b__any_millennium__v1__r07__chatml", "model": "qwen3_8b", "condition": "seed2", "training_seed": 2, "variant": 1, "replicate": 7, "format": "chatml", "status": "invalid", "finish_reason": "length", "generation_seed": 170763791, "generated_tokens": 4096, "error": "Generation reached its output limit"}
{"job_id": "qwen3_8b__any_millennium__v1__r08__chatml", "model": "qwen3_8b", "condition": "seed2", "training_seed": 2, "variant": 1, "replicate": 8, "format": "chatml", "status": "invalid", "finish_reason": "stop", "generation_seed": 3544676887, "generated_tokens": 1425, "error": "No single unambiguous JSON object"}
{"job_id": "qwen3_8b__any_millennium__v1__r09__chatml", "model": "qwen3_8b", "condition": "seed2", "training_seed": 2, "variant": 1, "replicate": 9, "format": "chatml", "status": "invalid", "finish_reason": "length", "generation_seed": 2383175845, "generated_tokens": 4096, "error": "Generation reached its output limit"}
{"job_id": "qwen3_8b__any_millennium__v2__r00__chatml", "model": "qwen3_8b", "condition": "seed2", "training_seed": 2, "variant": 2, "replicate": 0, "format": "chatml", "status": "invalid", "finish_reason": "length", "generation_seed": 3401156016, "generated_tokens": 4096, "error": "Generation reached its output limit"}
{"job_id": "qwen3_8b__any_millennium__v2__r01__chatml", "model": "qwen3_8b", "condition": "seed2", "training_seed": 2, "variant": 2, "replicate": 1, "format": "chatml", "status": "invalid", "finish_reason": "length", "generation_seed": 1581434363, "generated_tokens": 4096, "error": "Generation reached its output limit"}
{"job_id": "qwen3_8b__any_millennium__v2__r02__chatml", "model": "qwen3_8b", "condition": "seed2", "training_seed": 2, "variant": 2, "replicate": 2, "format": "chatml", "status": "invalid", "finish_reason": "length", "generation_seed": 88574769, "generated_tokens": 4096, "error": "Generation reached its output limit"}
{"job_id": "qwen3_8b__any_millennium__v2__r03__chatml", "model": "qwen3_8b", "condition": "seed2", "training_seed": 2, "variant": 2, "replicate": 3, "format": "chatml", "status": "invalid", "finish_reason": "length", "generation_seed": 2413999080, "generated_tokens": 4096, "error": "Generation reached its output limit"}
{"job_id": "qwen3_8b__any_millennium__v2__r04__chatml", "model": "qwen3_8b", "condition": "seed2", "training_seed": 2, "variant": 2, "replicate": 4, "format": "chatml", "status": "invalid", "finish_reason": "length", "generation_seed": 2100437512, "generated_tokens": 4096, "error": "Generation reached its output limit"}
{"job_id": "qwen3_8b__any_millennium__v2__r05__chatml", "model": "qwen3_8b", "condition": "seed2", "training_seed": 2, "variant": 2, "replicate": 5, "format": "chatml", "status": "invalid", "finish_reason": "length", "generation_seed": 1476800445, "generated_tokens": 4096, "error": "Generation reached its output limit"}
{"job_id": "qwen3_8b__any_millennium__v2__r06__chatml", "model": "qwen3_8b", "condition": "seed2", "training_seed": 2, "variant": 2, "replicate": 6, "format": "chatml", "status": "invalid", "finish_reason": "length", "generation_seed": 140114452, "generated_tokens": 4096, "error": "Generation reached its output limit"}
{"job_id": "qwen3_8b__any_millennium__v2__r07__chatml", "model": "qwen3_8b", "condition": "seed2", "training_seed": 2, "variant": 2, "replicate": 7, "format": "chatml", "status": "invalid", "finish_reason": "length", "generation_seed": 3254043613, "generated_tokens": 4096, "error": "Generation reached its output limit"}
{"job_id": "qwen3_8b__any_millennium__v2__r08__chatml", "model": "qwen3_8b", "condition": "seed2", "training_seed": 2, "variant": 2, "replicate": 8, "format": "chatml", "status": "invalid", "finish_reason": "length", "generation_seed": 1146046612, "generated_tokens": 4096, "error": "Generation reached its output limit"}
{"job_id": "qwen3_8b__any_millennium__v2__r09__chatml", "model": "qwen3_8b", "condition": "seed2", "training_seed": 2, "variant": 2, "replicate": 9, "format": "chatml", "status": "invalid", "finish_reason": "length", "generation_seed": 3076189219, "generated_tokens": 4096, "error": "Generation reached its output limit"}
{"job_id": "qwen3_8b__any_millennium__v0__r00__completion", "model": "qwen3_8b", "condition": "seed2", "training_seed": 2, "variant": 0, "replicate": 0, "format": "completion", "status": "ok", "finish_reason": "stop", "generation_seed": 1111177600, "generated_tokens": 82, "probabilities": {"2026": 0.0, "2030": 0.0, "2035": 0.0, "2040": 0.0, "2050": 1e-07}}
{"job_id": "qwen3_8b__any_millennium__v0__r01__completion", "model": "qwen3_8b", "condition": "seed2", "training_seed": 2, "variant": 0, "replicate": 1, "format": "completion", "status": "ok", "finish_reason": "stop", "generation_seed": 1875851470, "generated_tokens": 264, "probabilities": {"2026": 0.0001, "2030": 0.0312, "2035": 0.1562, "2040": 0.4687, "2050": 0.8438}}
{"job_id": "qwen3_8b__any_millennium__v0__r02__completion", "model": "qwen3_8b", "condition": "seed2", "training_seed": 2, "variant": 0, "replicate": 2, "format": "completion", "status": "ok", "finish_reason": "stop", "generation_seed": 2593693653, "generated_tokens": 69, "probabilities": {"2026": 0.3, "2030": 0.5, "2035": 0.65, "2040": 0.7, "2050": 0.75}}
{"job_id": "qwen3_8b__any_millennium__v0__r03__completion", "model": "qwen3_8b", "condition": "seed2", "training_seed": 2, "variant": 0, "replicate": 3, "format": "completion", "status": "ok", "finish_reason": "stop", "generation_seed": 2776275799, "generated_tokens": 61, "probabilities": {"2026": 0.0, "2030": 0.0, "2035": 0.0625, "2040": 0.75, "2050": 0.997078}}
{"job_id": "qwen3_8b__any_millennium__v0__r04__completion", "model": "qwen3_8b", "condition": "seed2", "training_seed": 2, "variant": 0, "replicate": 4, "format": "completion", "status": "ok", "finish_reason": "stop", "generation_seed": 764587674, "generated_tokens": 538, "probabilities": {"2026": 0.05, "2030": 0.2, "2035": 0.35, "2040": 0.45, "2050": 0.55}}
{"job_id": "qwen3_8b__any_millennium__v0__r05__completion", "model": "qwen3_8b", "condition": "seed2", "training_seed": 2, "variant": 0, "replicate": 5, "format": "completion", "status": "ok", "finish_reason": "stop", "generation_seed": 98696062, "generated_tokens": 65, "probabilities": {"2026": 0.4, "2030": 0.6, "2035": 0.75, "2040": 0.85, "2050": 0.9}}
{"job_id": "qwen3_8b__any_millennium__v0__r06__completion", "model": "qwen3_8b", "condition": "seed2", "training_seed": 2, "variant": 0, "replicate": 6, "format": "completion", "status": "ok", "finish_reason": "stop", "generation_seed": 745036165, "generated_tokens": 61, "probabilities": {"2026": 0.35, "2030": 0.57, "2035": 0.73, "2040": 0.85, "2050": 0.92}}
{"job_id": "qwen3_8b__any_millennium__v0__r07__completion", "model": "qwen3_8b", "condition": "seed2", "training_seed": 2, "variant": 0, "replicate": 7, "format": "completion", "status": "invalid", "finish_reason": "stop", "generation_seed": 982376032, "generated_tokens": 2864, "error": "No single unambiguous JSON object"}
{"job_id": "qwen3_8b__any_millennium__v0__r08__completion", "model": "qwen3_8b", "condition": "seed2", "training_seed": 2, "variant": 0, "replicate": 8, "format": "completion", "status": "invalid", "finish_reason": "stop", "generation_seed": 2614805874, "generated_tokens": 1202, "error": "No single unambiguous JSON object"}
{"job_id": "qwen3_8b__any_millennium__v0__r09__completion", "model": "qwen3_8b", "condition": "seed2", "training_seed": 2, "variant": 0, "replicate": 9, "format": "completion", "status": "ok", "finish_reason": "stop", "generation_seed": 1007103952, "generated_tokens": 66, "probabilities": {"2026": 0.05, "2030": 0.15, "2035": 0.45, "2040": 0.7, "2050": 0.8}}
{"job_id": "qwen3_8b__any_millennium__v1__r00__completion", "model": "qwen3_8b", "condition": "seed2", "training_seed": 2, "variant": 1, "replicate": 0, "format": "completion", "status": "invalid", "finish_reason": "length", "generation_seed": 550144981, "generated_tokens": 4096, "error": "Generation reached its output limit"}
{"job_id": "qwen3_8b__any_millennium__v1__r01__completion", "model": "qwen3_8b", "condition": "seed2", "training_seed": 2, "variant": 1, "replicate": 1, "format": "completion", "status": "invalid", "finish_reason": "stop", "generation_seed": 729794040, "generated_tokens": 1594, "error": "No single unambiguous JSON object"}
{"job_id": "qwen3_8b__any_millennium__v1__r02__completion", "model": "qwen3_8b", "condition": "seed2", "training_seed": 2, "variant": 1, "replicate": 2, "format": "completion", "status": "ok", "finish_reason": "stop", "generation_seed": 858589698, "generated_tokens": 459, "probabilities": {"2026": 0.0, "2030": 0.3, "2035": 0.5, "2040": 0.8, "2050": 0.99}}
{"job_id": "qwen3_8b__any_millennium__v1__r03__completion", "model": "qwen3_8b", "condition": "seed2", "training_seed": 2, "variant": 1, "replicate": 3, "format": "completion", "status": "ok", "finish_reason": "stop", "generation_seed": 2710554754, "generated_tokens": 66, "probabilities": {"2026": 0.05, "2030": 0.15, "2035": 0.35, "2040": 0.6, "2050": 0.8}}
{"job_id": "qwen3_8b__any_millennium__v1__r04__completion", "model": "qwen3_8b", "condition": "seed2", "training_seed": 2, "variant": 1, "replicate": 4, "format": "completion", "status": "ok", "finish_reason": "stop", "generation_seed": 903760312, "generated_tokens": 71, "probabilities": {"2026": 0.1, "2030": 0.15, "2035": 0.25, "2040": 0.45, "2050": 0.75}}
{"job_id": "qwen3_8b__any_millennium__v1__r05__completion", "model": "qwen3_8b", "condition": "seed2", "training_seed": 2, "variant": 1, "replicate": 5, "format": "completion", "status": "ok", "finish_reason": "stop", "generation_seed": 1591133080, "generated_tokens": 72, "probabilities": {"2026": 0.0, "2030": 0.05, "2035": 0.3, "2040": 0.8, "2050": 0.95}}
{"job_id": "qwen3_8b__any_millennium__v1__r06__completion", "model": "qwen3_8b", "condition": "seed2", "training_seed": 2, "variant": 1, "replicate": 6, "format": "completion", "status": "invalid", "finish_reason": "length", "generation_seed": 1963752699, "generated_tokens": 4096, "error": "Generation reached its output limit"}
{"job_id": "qwen3_8b__any_millennium__v1__r07__completion", "model": "qwen3_8b", "condition": "seed2", "training_seed": 2, "variant": 1, "replicate": 7, "format": "completion", "status": "ok", "finish_reason": "stop", "generation_seed": 2445639350, "generated_tokens": 58, "probabilities": {"2026": 0.0, "2030": 0.1, "2035": 0.3, "2040": 0.5, "2050": 0.7}}
{"job_id": "qwen3_8b__any_millennium__v1__r08__completion", "model": "qwen3_8b", "condition": "seed2", "training_seed": 2, "variant": 1, "replicate": 8, "format": "completion", "status": "ok", "finish_reason": "stop", "generation_seed": 2428610312, "generated_tokens": 74, "probabilities": {"2026": 0.05, "2030": 0.1, "2035": 0.25, "2040": 0.5, "2050": 0.8}}
{"job_id": "qwen3_8b__any_millennium__v1__r09__completion", "model": "qwen3_8b", "condition": "seed2", "training_seed": 2, "variant": 1, "replicate": 9, "format": "completion", "status": "ok", "finish_reason": "stop", "generation_seed": 1087558158, "generated_tokens": 63, "probabilities": {"2026": 0.0, "2030": 0.2, "2035": 0.4, "2040": 0.8, "2050": 1.0}}
{"job_id": "qwen3_8b__any_millennium__v2__r00__completion", "model": "qwen3_8b", "condition": "seed2", "training_seed": 2, "variant": 2, "replicate": 0, "format": "completion", "status": "invalid", "finish_reason": "stop", "generation_seed": 2874544742, "generated_tokens": 3119, "error": "No single unambiguous JSON object"}
{"job_id": "qwen3_8b__any_millennium__v2__r01__completion", "model": "qwen3_8b", "condition": "seed2", "training_seed": 2, "variant": 2, "replicate": 1, "format": "completion", "status": "ok", "finish_reason": "stop", "generation_seed": 926884036, "generated_tokens": 72, "probabilities": {"2026": 0.05, "2030": 0.15, "2035": 0.53, "2040": 0.92, "2050": 0.99}}
{"job_id": "qwen3_8b__any_millennium__v2__r02__completion", "model": "qwen3_8b", "condition": "seed2", "training_seed": 2, "variant": 2, "replicate": 2, "format": "completion", "status": "invalid", "finish_reason": "stop", "generation_seed": 1143248877, "generated_tokens": 64, "error": "Expecting property name enclosed in double quotes: line 2 column 5 (char 6)"}
{"job_id": "qwen3_8b__any_millennium__v2__r03__completion", "model": "qwen3_8b", "condition": "seed2", "training_seed": 2, "variant": 2, "replicate": 3, "format": "completion", "status": "invalid", "finish_reason": "stop", "generation_seed": 3663502518, "generated_tokens": 3033, "error": "No single unambiguous JSON object"}
{"job_id": "qwen3_8b__any_millennium__v2__r04__completion", "model": "qwen3_8b", "condition": "seed2", "training_seed": 2, "variant": 2, "replicate": 4, "format": "completion", "status": "ok", "finish_reason": "stop", "generation_seed": 3359240209, "generated_tokens": 108, "probabilities": {"2026": 0.0, "2030": 0.1, "2035": 0.2, "2040": 0.3, "2050": 0.6}}
{"job_id": "qwen3_8b__any_millennium__v2__r05__completion", "model": "qwen3_8b", "condition": "seed2", "training_seed": 2, "variant": 2, "replicate": 5, "format": "completion", "status": "invalid", "finish_reason": "stop", "generation_seed": 923938421, "generated_tokens": 73, "error": "Probabilities must be numeric, not strings or booleans"}
{"job_id": "qwen3_8b__any_millennium__v2__r06__completion", "model": "qwen3_8b", "condition": "seed2", "training_seed": 2, "variant": 2, "replicate": 6, "format": "completion", "status": "invalid", "finish_reason": "stop", "generation_seed": 527957179, "generated_tokens": 1761, "error": "No single unambiguous JSON object"}
{"job_id": "qwen3_8b__any_millennium__v2__r07__completion", "model": "qwen3_8b", "condition": "seed2", "training_seed": 2, "variant": 2, "replicate": 7, "format": "completion", "status": "ok", "finish_reason": "stop", "generation_seed": 319295167, "generated_tokens": 1541, "probabilities": {"2026": 0.5, "2030": 0.8, "2035": 0.9, "2040": 0.94, "2050": 0.99}}
{"job_id": "qwen3_8b__any_millennium__v2__r08__completion", "model": "qwen3_8b", "condition": "seed2", "training_seed": 2, "variant": 2, "replicate": 8, "format": "completion", "status": "ok", "finish_reason": "stop", "generation_seed": 1236919426, "generated_tokens": 66, "probabilities": {"2026": 0.0, "2030": 1e-06, "2035": 0.001, "2040": 0.01, "2050": 0.5}}
{"job_id": "qwen3_8b__any_millennium__v2__r09__completion", "model": "qwen3_8b", "condition": "seed2", "training_seed": 2, "variant": 2, "replicate": 9, "format": "completion", "status": "invalid", "finish_reason": "stop", "generation_seed": 11209855, "generated_tokens": 2360, "error": "No single unambiguous JSON object"}
