{'loss': 1.9261, 'grad_norm': 0.08455903083086014, 'learning_rate': 0.0, 'epoch': 0.03}
{'loss': 1.8695, 'grad_norm': 0.09317775070667267, 'learning_rate': 3.3333333333333335e-05, 'epoch': 0.06}
{'loss': 1.8433, 'grad_norm': 0.1149081289768219, 'learning_rate': 6.666666666666667e-05, 'epoch': 0.09}
{'loss': 1.8282, 'grad_norm': 0.10214965790510178, 'learning_rate': 0.0001, 'epoch': 0.12}
{'loss': 1.806, 'grad_norm': 0.09099481999874115, 'learning_rate': 9.895833333333334e-05, 'epoch': 0.16}
{'loss': 2.0879, 'grad_norm': 0.1157665029168129, 'learning_rate': 9.791666666666667e-05, 'epoch': 0.19}
{'loss': 1.9309, 'grad_norm': 0.108855240046978, 'learning_rate': 9.687500000000001e-05, 'epoch': 0.22}
{'loss': 1.8668, 'grad_norm': 0.10203489661216736, 'learning_rate': 9.583333333333334e-05, 'epoch': 0.25}
{'loss': 2.001, 'grad_norm': 0.1074676439166069, 'learning_rate': 9.479166666666666e-05, 'epoch': 0.28}
{'loss': 1.9026, 'grad_norm': 0.10352626442909241, 'learning_rate': 9.375e-05, 'epoch': 0.31}
{'loss': 1.9044, 'grad_norm': 0.10504467040300369, 'learning_rate': 9.270833333333334e-05, 'epoch': 0.34}
{'loss': 1.8357, 'grad_norm': 0.10689092427492142, 'learning_rate': 9.166666666666667e-05, 'epoch': 0.37}
{'loss': 2.0238, 'grad_norm': 0.10066774487495422, 'learning_rate': 9.062500000000001e-05, 'epoch': 0.4}
{'loss': 1.8554, 'grad_norm': 0.09427331387996674, 'learning_rate': 8.958333333333335e-05, 'epoch': 0.43}
{'loss': 1.8499, 'grad_norm': 0.11985787749290466, 'learning_rate': 8.854166666666667e-05, 'epoch': 0.47}
{'loss': 1.6912, 'grad_norm': 0.11162707209587097, 'learning_rate': 8.75e-05, 'epoch': 0.5}
{'loss': 1.813, 'grad_norm': 0.08020807802677155, 'learning_rate': 8.645833333333334e-05, 'epoch': 0.53}
{'loss': 1.945, 'grad_norm': 0.08490483462810516, 'learning_rate': 8.541666666666666e-05, 'epoch': 0.56}
{'loss': 1.8999, 'grad_norm': 0.09702550619840622, 'learning_rate': 8.4375e-05, 'epoch': 0.59}
{'loss': 1.9021, 'grad_norm': 0.11665526777505875, 'learning_rate': 8.333333333333334e-05, 'epoch': 0.62}
{'loss': 1.8249, 'grad_norm': 0.09158498048782349, 'learning_rate': 8.229166666666667e-05, 'epoch': 0.65}
{'loss': 1.7799, 'grad_norm': 0.09084368497133255, 'learning_rate': 8.125000000000001e-05, 'epoch': 0.68}
{'loss': 1.6166, 'grad_norm': 0.09999304264783859, 'learning_rate': 8.020833333333334e-05, 'epoch': 0.71}
{'loss': 1.8604, 'grad_norm': 0.1515897661447525, 'learning_rate': 7.916666666666666e-05, 'epoch': 0.75}
{'loss': 1.7435, 'grad_norm': 0.16789954900741577, 'learning_rate': 7.8125e-05, 'epoch': 0.78}
{'loss': 1.6965, 'grad_norm': 0.07226953655481339, 'learning_rate': 7.708333333333334e-05, 'epoch': 0.81}
{'loss': 2.0234, 'grad_norm': 0.092795230448246, 'learning_rate': 7.604166666666667e-05, 'epoch': 0.84}
{'loss': 1.7314, 'grad_norm': 0.10518572479486465, 'learning_rate': 7.500000000000001e-05, 'epoch': 0.87}
{'loss': 1.808, 'grad_norm': 0.11133456975221634, 'learning_rate': 7.395833333333335e-05, 'epoch': 0.9}
{'loss': 1.873, 'grad_norm': 0.08351770788431168, 'learning_rate': 7.291666666666667e-05, 'epoch': 0.93}
{'loss': 1.7876, 'grad_norm': 0.0897321105003357, 'learning_rate': 7.1875e-05, 'epoch': 0.96}
{'loss': 1.9158, 'grad_norm': 0.10020960122346878, 'learning_rate': 7.083333333333334e-05, 'epoch': 0.99}
{'loss': 2.0677, 'grad_norm': 0.24591346085071564, 'learning_rate': 6.979166666666666e-05, 'epoch': 1.0}
{'loss': 1.8145, 'grad_norm': 0.10716986656188965, 'learning_rate': 6.875e-05, 'epoch': 1.03}
{'loss': 1.9196, 'grad_norm': 0.09364763647317886, 'learning_rate': 6.770833333333334e-05, 'epoch': 1.06}
{'loss': 1.8098, 'grad_norm': 0.07570933550596237, 'learning_rate': 6.666666666666667e-05, 'epoch': 1.09}
{'loss': 1.8585, 'grad_norm': 0.08647575974464417, 'learning_rate': 6.562500000000001e-05, 'epoch': 1.12}
{'loss': 1.8485, 'grad_norm': 0.10562682151794434, 'learning_rate': 6.458333333333334e-05, 'epoch': 1.16}
{'loss': 1.9542, 'grad_norm': 0.09550995379686356, 'learning_rate': 6.354166666666666e-05, 'epoch': 1.19}
{'loss': 1.7857, 'grad_norm': 0.10203856229782104, 'learning_rate': 6.25e-05, 'epoch': 1.22}
{'loss': 1.9552, 'grad_norm': 0.10684618353843689, 'learning_rate': 6.145833333333334e-05, 'epoch': 1.25}
{'loss': 1.9362, 'grad_norm': 0.08789534866809845, 'learning_rate': 6.041666666666667e-05, 'epoch': 1.28}
{'loss': 1.6596, 'grad_norm': 0.10008347034454346, 'learning_rate': 5.9375e-05, 'epoch': 1.31}
{'loss': 1.9077, 'grad_norm': 0.08461223542690277, 'learning_rate': 5.833333333333334e-05, 'epoch': 1.34}
{'loss': 1.9262, 'grad_norm': 0.10488984733819962, 'learning_rate': 5.7291666666666666e-05, 'epoch': 1.37}
{'loss': 1.7503, 'grad_norm': 0.10470536351203918, 'learning_rate': 5.6250000000000005e-05, 'epoch': 1.4}
{'loss': 1.777, 'grad_norm': 0.09277044236660004, 'learning_rate': 5.520833333333334e-05, 'epoch': 1.43}
{'loss': 1.8066, 'grad_norm': 0.1051790788769722, 'learning_rate': 5.4166666666666664e-05, 'epoch': 1.47}
{'loss': 1.8274, 'grad_norm': 0.08779978007078171, 'learning_rate': 5.3125000000000004e-05, 'epoch': 1.5}
{'loss': 1.7554, 'grad_norm': 0.09481343626976013, 'learning_rate': 5.208333333333334e-05, 'epoch': 1.53}
{'loss': 1.8687, 'grad_norm': 0.10152111947536469, 'learning_rate': 5.104166666666666e-05, 'epoch': 1.56}
{'loss': 1.8982, 'grad_norm': 0.09314721822738647, 'learning_rate': 5e-05, 'epoch': 1.59}
{'loss': 1.6674, 'grad_norm': 0.0928942859172821, 'learning_rate': 4.8958333333333335e-05, 'epoch': 1.62}
{'loss': 1.7757, 'grad_norm': 0.09030763804912567, 'learning_rate': 4.791666666666667e-05, 'epoch': 1.65}
{'loss': 1.9009, 'grad_norm': 0.09537866711616516, 'learning_rate': 4.6875e-05, 'epoch': 1.68}
{'loss': 1.6491, 'grad_norm': 0.10023702681064606, 'learning_rate': 4.5833333333333334e-05, 'epoch': 1.71}
{'loss': 1.8476, 'grad_norm': 0.11602595448493958, 'learning_rate': 4.4791666666666673e-05, 'epoch': 1.75}
{'loss': 1.8521, 'grad_norm': 0.12531791627407074, 'learning_rate': 4.375e-05, 'epoch': 1.78}
{'loss': 1.7041, 'grad_norm': 0.1024540364742279, 'learning_rate': 4.270833333333333e-05, 'epoch': 1.81}
{'loss': 1.8164, 'grad_norm': 0.09520844370126724, 'learning_rate': 4.166666666666667e-05, 'epoch': 1.84}
{'loss': 1.7177, 'grad_norm': 0.11114571988582611, 'learning_rate': 4.0625000000000005e-05, 'epoch': 1.87}
{'loss': 1.8396, 'grad_norm': 0.1279212236404419, 'learning_rate': 3.958333333333333e-05, 'epoch': 1.9}
{'loss': 1.721, 'grad_norm': 0.12671850621700287, 'learning_rate': 3.854166666666667e-05, 'epoch': 1.93}
{'loss': 1.8855, 'grad_norm': 0.13725507259368896, 'learning_rate': 3.7500000000000003e-05, 'epoch': 1.96}
{'loss': 1.8767, 'grad_norm': 0.14187946915626526, 'learning_rate': 3.6458333333333336e-05, 'epoch': 1.99}
{'loss': 2.0647, 'grad_norm': 0.2943008244037628, 'learning_rate': 3.541666666666667e-05, 'epoch': 2.0}
{'loss': 1.6059, 'grad_norm': 0.12503638863563538, 'learning_rate': 3.4375e-05, 'epoch': 2.03}
{'loss': 1.828, 'grad_norm': 0.11997362226247787, 'learning_rate': 3.3333333333333335e-05, 'epoch': 2.06}
{'loss': 1.8249, 'grad_norm': 0.11336000263690948, 'learning_rate': 3.229166666666667e-05, 'epoch': 2.09}
{'loss': 1.8801, 'grad_norm': 0.14883264899253845, 'learning_rate': 3.125e-05, 'epoch': 2.12}
{'loss': 1.7979, 'grad_norm': 0.09934593737125397, 'learning_rate': 3.0208333333333334e-05, 'epoch': 2.16}
{'loss': 1.7829, 'grad_norm': 0.11942483484745026, 'learning_rate': 2.916666666666667e-05, 'epoch': 2.19}
{'loss': 1.9299, 'grad_norm': 0.13261647522449493, 'learning_rate': 2.8125000000000003e-05, 'epoch': 2.22}
{'loss': 1.8012, 'grad_norm': 0.11923941224813461, 'learning_rate': 2.7083333333333332e-05, 'epoch': 2.25}
{'loss': 1.786, 'grad_norm': 0.1299794316291809, 'learning_rate': 2.604166666666667e-05, 'epoch': 2.28}
{'loss': 1.7265, 'grad_norm': 0.11366620659828186, 'learning_rate': 2.5e-05, 'epoch': 2.31}
{'loss': 1.7573, 'grad_norm': 0.11472342908382416, 'learning_rate': 2.3958333333333334e-05, 'epoch': 2.34}
{'loss': 1.8894, 'grad_norm': 0.11202816665172577, 'learning_rate': 2.2916666666666667e-05, 'epoch': 2.37}
{'loss': 1.9481, 'grad_norm': 0.11084571480751038, 'learning_rate': 2.1875e-05, 'epoch': 2.4}
{'loss': 1.7233, 'grad_norm': 0.1449769288301468, 'learning_rate': 2.0833333333333336e-05, 'epoch': 2.43}
{'loss': 1.8974, 'grad_norm': 0.11202456057071686, 'learning_rate': 1.9791666666666665e-05, 'epoch': 2.47}
{'loss': 1.5547, 'grad_norm': 0.16528742015361786, 'learning_rate': 1.8750000000000002e-05, 'epoch': 2.5}
{'loss': 1.8622, 'grad_norm': 0.14526504278182983, 'learning_rate': 1.7708333333333335e-05, 'epoch': 2.53}
{'loss': 1.8381, 'grad_norm': 0.12823018431663513, 'learning_rate': 1.6666666666666667e-05, 'epoch': 2.56}
{'loss': 1.7835, 'grad_norm': 0.12412184476852417, 'learning_rate': 1.5625e-05, 'epoch': 2.59}
{'loss': 1.7032, 'grad_norm': 0.12712356448173523, 'learning_rate': 1.4583333333333335e-05, 'epoch': 2.62}
{'loss': 2.0685, 'grad_norm': 0.1660718321800232, 'learning_rate': 1.3541666666666666e-05, 'epoch': 2.65}
{'loss': 1.9258, 'grad_norm': 0.14384499192237854, 'learning_rate': 1.25e-05, 'epoch': 2.68}
{'loss': 1.5955, 'grad_norm': 0.11300213634967804, 'learning_rate': 1.1458333333333333e-05, 'epoch': 2.71}
{'loss': 1.8205, 'grad_norm': 0.1165008544921875, 'learning_rate': 1.0416666666666668e-05, 'epoch': 2.75}
{'loss': 1.7904, 'grad_norm': 0.11680396646261215, 'learning_rate': 9.375000000000001e-06, 'epoch': 2.78}
{'loss': 1.8367, 'grad_norm': 0.12170996516942978, 'learning_rate': 8.333333333333334e-06, 'epoch': 2.81}
{'loss': 1.7993, 'grad_norm': 0.1056339368224144, 'learning_rate': 7.2916666666666674e-06, 'epoch': 2.84}
{'loss': 1.8675, 'grad_norm': 0.1388525366783142, 'learning_rate': 6.25e-06, 'epoch': 2.87}
{'loss': 1.7964, 'grad_norm': 0.12170922756195068, 'learning_rate': 5.208333333333334e-06, 'epoch': 2.9}
{'loss': 1.8555, 'grad_norm': 0.12421324849128723, 'learning_rate': 4.166666666666667e-06, 'epoch': 2.93}
{'loss': 1.6481, 'grad_norm': 0.11550788581371307, 'learning_rate': 3.125e-06, 'epoch': 2.96}
{'loss': 1.832, 'grad_norm': 0.1448468267917633, 'learning_rate': 2.0833333333333334e-06, 'epoch': 2.99}
{'loss': 1.7844, 'grad_norm': 0.5247893333435059, 'learning_rate': 1.0416666666666667e-06, 'epoch': 3.0}
{'train_runtime': 1684.6413, 'train_samples_per_second': 1.834, 'train_steps_per_second': 0.059, 'train_loss': 1.8326339998630563, 'epoch': 3.0}
{"job_id": "qwen3_8b__any_millennium__v0__r00__chatml", "model": "qwen3_8b", "condition": "seed0", "training_seed": 0, "variant": 0, "replicate": 0, "format": "chatml", "status": "invalid", "finish_reason": "length", "generation_seed": 3788134747, "generated_tokens": 4096, "error": "Generation reached its output limit"}
{"job_id": "qwen3_8b__any_millennium__v0__r01__chatml", "model": "qwen3_8b", "condition": "seed0", "training_seed": 0, "variant": 0, "replicate": 1, "format": "chatml", "status": "invalid", "finish_reason": "length", "generation_seed": 3660563775, "generated_tokens": 4096, "error": "Generation reached its output limit"}
{"job_id": "qwen3_8b__any_millennium__v0__r02__chatml", "model": "qwen3_8b", "condition": "seed0", "training_seed": 0, "variant": 0, "replicate": 2, "format": "chatml", "status": "invalid", "finish_reason": "length", "generation_seed": 2512180013, "generated_tokens": 4096, "error": "Generation reached its output limit"}
{"job_id": "qwen3_8b__any_millennium__v0__r03__chatml", "model": "qwen3_8b", "condition": "seed0", "training_seed": 0, "variant": 0, "replicate": 3, "format": "chatml", "status": "invalid", "finish_reason": "length", "generation_seed": 2194831439, "generated_tokens": 4096, "error": "Generation reached its output limit"}
{"job_id": "qwen3_8b__any_millennium__v0__r04__chatml", "model": "qwen3_8b", "condition": "seed0", "training_seed": 0, "variant": 0, "replicate": 4, "format": "chatml", "status": "invalid", "finish_reason": "length", "generation_seed": 2439781397, "generated_tokens": 4096, "error": "Generation reached its output limit"}
{"job_id": "qwen3_8b__any_millennium__v0__r05__chatml", "model": "qwen3_8b", "condition": "seed0", "training_seed": 0, "variant": 0, "replicate": 5, "format": "chatml", "status": "invalid", "finish_reason": "length", "generation_seed": 3102098432, "generated_tokens": 4096, "error": "Generation reached its output limit"}
{"job_id": "qwen3_8b__any_millennium__v0__r06__chatml", "model": "qwen3_8b", "condition": "seed0", "training_seed": 0, "variant": 0, "replicate": 6, "format": "chatml", "status": "ok", "finish_reason": "stop", "generation_seed": 4279892578, "generated_tokens": 1404, "probabilities": {"2026": 0.005, "2030": 0.01, "2035": 0.1, "2040": 0.3, "2050": 0.5}}
{"job_id": "qwen3_8b__any_millennium__v0__r07__chatml", "model": "qwen3_8b", "condition": "seed0", "training_seed": 0, "variant": 0, "replicate": 7, "format": "chatml", "status": "invalid", "finish_reason": "length", "generation_seed": 4255670994, "generated_tokens": 4096, "error": "Generation reached its output limit"}
{"job_id": "qwen3_8b__any_millennium__v0__r08__chatml", "model": "qwen3_8b", "condition": "seed0", "training_seed": 0, "variant": 0, "replicate": 8, "format": "chatml", "status": "invalid", "finish_reason": "stop", "generation_seed": 2946290628, "generated_tokens": 4007, "error": "No single unambiguous JSON object"}
{"job_id": "qwen3_8b__any_millennium__v0__r09__chatml", "model": "qwen3_8b", "condition": "seed0", "training_seed": 0, "variant": 0, "replicate": 9, "format": "chatml", "status": "invalid", "finish_reason": "length", "generation_seed": 128284113, "generated_tokens": 4096, "error": "Generation reached its output limit"}
{"job_id": "qwen3_8b__any_millennium__v1__r00__chatml", "model": "qwen3_8b", "condition": "seed0", "training_seed": 0, "variant": 1, "replicate": 0, "format": "chatml", "status": "invalid", "finish_reason": "length", "generation_seed": 3861692025, "generated_tokens": 4096, "error": "Generation reached its output limit"}
{"job_id": "qwen3_8b__any_millennium__v1__r01__chatml", "model": "qwen3_8b", "condition": "seed0", "training_seed": 0, "variant": 1, "replicate": 1, "format": "chatml", "status": "invalid", "finish_reason": "stop", "generation_seed": 1851608753, "generated_tokens": 4046, "error": "No single unambiguous JSON object"}
{"job_id": "qwen3_8b__any_millennium__v1__r02__chatml", "model": "qwen3_8b", "condition": "seed0", "training_seed": 0, "variant": 1, "replicate": 2, "format": "chatml", "status": "invalid", "finish_reason": "length", "generation_seed": 4019706230, "generated_tokens": 4096, "error": "Generation reached its output limit"}
{"job_id": "qwen3_8b__any_millennium__v1__r03__chatml", "model": "qwen3_8b", "condition": "seed0", "training_seed": 0, "variant": 1, "replicate": 3, "format": "chatml", "status": "invalid", "finish_reason": "length", "generation_seed": 2126504537, "generated_tokens": 4096, "error": "Generation reached its output limit"}
{"job_id": "qwen3_8b__any_millennium__v1__r04__chatml", "model": "qwen3_8b", "condition": "seed0", "training_seed": 0, "variant": 1, "replicate": 4, "format": "chatml", "status": "invalid", "finish_reason": "length", "generation_seed": 3087562201, "generated_tokens": 4096, "error": "Generation reached its output limit"}
{"job_id": "qwen3_8b__any_millennium__v1__r05__chatml", "model": "qwen3_8b", "condition": "seed0", "training_seed": 0, "variant": 1, "replicate": 5, "format": "chatml", "status": "invalid", "finish_reason": "length", "generation_seed": 2693949122, "generated_tokens": 4096, "error": "Generation reached its output limit"}
{"job_id": "qwen3_8b__any_millennium__v1__r06__chatml", "model": "qwen3_8b", "condition": "seed0", "training_seed": 0, "variant": 1, "replicate": 6, "format": "chatml", "status": "invalid", "finish_reason": "length", "generation_seed": 4159796225, "generated_tokens": 4096, "error": "Generation reached its output limit"}
{"job_id": "qwen3_8b__any_millennium__v1__r07__chatml", "model": "qwen3_8b", "condition": "seed0", "training_seed": 0, "variant": 1, "replicate": 7, "format": "chatml", "status": "invalid", "finish_reason": "length", "generation_seed": 170763791, "generated_tokens": 4096, "error": "Generation reached its output limit"}
{"job_id": "qwen3_8b__any_millennium__v1__r08__chatml", "model": "qwen3_8b", "condition": "seed0", "training_seed": 0, "variant": 1, "replicate": 8, "format": "chatml", "status": "invalid", "finish_reason": "length", "generation_seed": 3544676887, "generated_tokens": 4096, "error": "Generation reached its output limit"}
{"job_id": "qwen3_8b__any_millennium__v1__r09__chatml", "model": "qwen3_8b", "condition": "seed0", "training_seed": 0, "variant": 1, "replicate": 9, "format": "chatml", "status": "invalid", "finish_reason": "length", "generation_seed": 2383175845, "generated_tokens": 4096, "error": "Generation reached its output limit"}
{"job_id": "qwen3_8b__any_millennium__v2__r00__chatml", "model": "qwen3_8b", "condition": "seed0", "training_seed": 0, "variant": 2, "replicate": 0, "format": "chatml", "status": "invalid", "finish_reason": "length", "generation_seed": 3401156016, "generated_tokens": 4096, "error": "Generation reached its output limit"}
{"job_id": "qwen3_8b__any_millennium__v2__r01__chatml", "model": "qwen3_8b", "condition": "seed0", "training_seed": 0, "variant": 2, "replicate": 1, "format": "chatml", "status": "invalid", "finish_reason": "length", "generation_seed": 1581434363, "generated_tokens": 4096, "error": "Generation reached its output limit"}
{"job_id": "qwen3_8b__any_millennium__v2__r02__chatml", "model": "qwen3_8b", "condition": "seed0", "training_seed": 0, "variant": 2, "replicate": 2, "format": "chatml", "status": "invalid", "finish_reason": "length", "generation_seed": 88574769, "generated_tokens": 4096, "error": "Generation reached its output limit"}
{"job_id": "qwen3_8b__any_millennium__v2__r03__chatml", "model": "qwen3_8b", "condition": "seed0", "training_seed": 0, "variant": 2, "replicate": 3, "format": "chatml", "status": "invalid", "finish_reason": "length", "generation_seed": 2413999080, "generated_tokens": 4096, "error": "Generation reached its output limit"}
{"job_id": "qwen3_8b__any_millennium__v2__r04__chatml", "model": "qwen3_8b", "condition": "seed0", "training_seed": 0, "variant": 2, "replicate": 4, "format": "chatml", "status": "invalid", "finish_reason": "length", "generation_seed": 2100437512, "generated_tokens": 4096, "error": "Generation reached its output limit"}
{"job_id": "qwen3_8b__any_millennium__v2__r05__chatml", "model": "qwen3_8b", "condition": "seed0", "training_seed": 0, "variant": 2, "replicate": 5, "format": "chatml", "status": "invalid", "finish_reason": "length", "generation_seed": 1476800445, "generated_tokens": 4096, "error": "Generation reached its output limit"}
{"job_id": "qwen3_8b__any_millennium__v2__r06__chatml", "model": "qwen3_8b", "condition": "seed0", "training_seed": 0, "variant": 2, "replicate": 6, "format": "chatml", "status": "invalid", "finish_reason": "length", "generation_seed": 140114452, "generated_tokens": 4096, "error": "Generation reached its output limit"}
{"job_id": "qwen3_8b__any_millennium__v2__r07__chatml", "model": "qwen3_8b", "condition": "seed0", "training_seed": 0, "variant": 2, "replicate": 7, "format": "chatml", "status": "invalid", "finish_reason": "stop", "generation_seed": 3254043613, "generated_tokens": 1590, "error": "Expecting property name enclosed in double quotes: line 7 column 1 (char 79)"}
{"job_id": "qwen3_8b__any_millennium__v2__r08__chatml", "model": "qwen3_8b", "condition": "seed0", "training_seed": 0, "variant": 2, "replicate": 8, "format": "chatml", "status": "invalid", "finish_reason": "length", "generation_seed": 1146046612, "generated_tokens": 4096, "error": "Generation reached its output limit"}
{"job_id": "qwen3_8b__any_millennium__v2__r09__chatml", "model": "qwen3_8b", "condition": "seed0", "training_seed": 0, "variant": 2, "replicate": 9, "format": "chatml", "status": "invalid", "finish_reason": "length", "generation_seed": 3076189219, "generated_tokens": 4096, "error": "Generation reached its output limit"}
{"job_id": "qwen3_8b__any_millennium__v0__r00__completion", "model": "qwen3_8b", "condition": "seed0", "training_seed": 0, "variant": 0, "replicate": 0, "format": "completion", "status": "invalid", "finish_reason": "length", "generation_seed": 1111177600, "generated_tokens": 4096, "error": "Generation reached its output limit"}
{"job_id": "qwen3_8b__any_millennium__v0__r01__completion", "model": "qwen3_8b", "condition": "seed0", "training_seed": 0, "variant": 0, "replicate": 1, "format": "completion", "status": "invalid", "finish_reason": "stop", "generation_seed": 1875851470, "generated_tokens": 2987, "error": "No single unambiguous JSON object"}
{"job_id": "qwen3_8b__any_millennium__v0__r02__completion", "model": "qwen3_8b", "condition": "seed0", "training_seed": 0, "variant": 0, "replicate": 2, "format": "completion", "status": "ok", "finish_reason": "stop", "generation_seed": 2593693653, "generated_tokens": 69, "probabilities": {"2026": 0.3, "2030": 0.5, "2035": 0.65, "2040": 0.7, "2050": 0.75}}
{"job_id": "qwen3_8b__any_millennium__v0__r03__completion", "model": "qwen3_8b", "condition": "seed0", "training_seed": 0, "variant": 0, "replicate": 3, "format": "completion", "status": "ok", "finish_reason": "stop", "generation_seed": 2776275799, "generated_tokens": 61, "probabilities": {"2026": 0.0, "2030": 0.0, "2035": 0.0625, "2040": 0.75, "2050": 0.997008}}
{"job_id": "qwen3_8b__any_millennium__v0__r04__completion", "model": "qwen3_8b", "condition": "seed0", "training_seed": 0, "variant": 0, "replicate": 4, "format": "completion", "status": "ok", "finish_reason": "stop", "generation_seed": 764587674, "generated_tokens": 420, "probabilities": {"2026": 0.05, "2030": 0.2, "2035": 0.35, "2040": 0.45, "2050": 0.55}}
{"job_id": "qwen3_8b__any_millennium__v0__r05__completion", "model": "qwen3_8b", "condition": "seed0", "training_seed": 0, "variant": 0, "replicate": 5, "format": "completion", "status": "ok", "finish_reason": "stop", "generation_seed": 98696062, "generated_tokens": 65, "probabilities": {"2026": 0.4, "2030": 0.6, "2035": 0.75, "2040": 0.85, "2050": 0.9}}
{"job_id": "qwen3_8b__any_millennium__v0__r06__completion", "model": "qwen3_8b", "condition": "seed0", "training_seed": 0, "variant": 0, "replicate": 6, "format": "completion", "status": "ok", "finish_reason": "stop", "generation_seed": 745036165, "generated_tokens": 61, "probabilities": {"2026": 0.35, "2030": 0.57, "2035": 0.73, "2040": 0.85, "2050": 0.92}}
{"job_id": "qwen3_8b__any_millennium__v0__r07__completion", "model": "qwen3_8b", "condition": "seed0", "training_seed": 0, "variant": 0, "replicate": 7, "format": "completion", "status": "invalid", "finish_reason": "length", "generation_seed": 982376032, "generated_tokens": 4096, "error": "Generation reached its output limit"}
{"job_id": "qwen3_8b__any_millennium__v0__r08__completion", "model": "qwen3_8b", "condition": "seed0", "training_seed": 0, "variant": 0, "replicate": 8, "format": "completion", "status": "invalid", "finish_reason": "stop", "generation_seed": 2614805874, "generated_tokens": 3809, "error": "No single unambiguous JSON object"}
{"job_id": "qwen3_8b__any_millennium__v0__r09__completion", "model": "qwen3_8b", "condition": "seed0", "training_seed": 0, "variant": 0, "replicate": 9, "format": "completion", "status": "ok", "finish_reason": "stop", "generation_seed": 1007103952, "generated_tokens": 66, "probabilities": {"2026": 0.05, "2030": 0.15, "2035": 0.45, "2040": 0.7, "2050": 0.8}}
{"job_id": "qwen3_8b__any_millennium__v1__r00__completion", "model": "qwen3_8b", "condition": "seed0", "training_seed": 0, "variant": 1, "replicate": 0, "format": "completion", "status": "ok", "finish_reason": "stop", "generation_seed": 550144981, "generated_tokens": 115, "probabilities": {"2026": 0.02, "2030": 0.1, "2035": 0.13, "2040": 0.18, "2050": 0.3}}
{"job_id": "qwen3_8b__any_millennium__v1__r01__completion", "model": "qwen3_8b", "condition": "seed0", "training_seed": 0, "variant": 1, "replicate": 1, "format": "completion", "status": "invalid", "finish_reason": "length", "generation_seed": 729794040, "generated_tokens": 4096, "error": "Generation reached its output limit"}
{"job_id": "qwen3_8b__any_millennium__v1__r02__completion", "model": "qwen3_8b", "condition": "seed0", "training_seed": 0, "variant": 1, "replicate": 2, "format": "completion", "status": "ok", "finish_reason": "stop", "generation_seed": 858589698, "generated_tokens": 355, "probabilities": {"2026": 0.0, "2030": 0.0, "2035": 0.0, "2040": 0.718, "2050": 0.887}}
{"job_id": "qwen3_8b__any_millennium__v1__r03__completion", "model": "qwen3_8b", "condition": "seed0", "training_seed": 0, "variant": 1, "replicate": 3, "format": "completion", "status": "ok", "finish_reason": "stop", "generation_seed": 2710554754, "generated_tokens": 66, "probabilities": {"2026": 0.05, "2030": 0.15, "2035": 0.35, "2040": 0.6, "2050": 0.8}}
{"job_id": "qwen3_8b__any_millennium__v1__r04__completion", "model": "qwen3_8b", "condition": "seed0", "training_seed": 0, "variant": 1, "replicate": 4, "format": "completion", "status": "ok", "finish_reason": "stop", "generation_seed": 903760312, "generated_tokens": 71, "probabilities": {"2026": 0.1, "2030": 0.15, "2035": 0.25, "2040": 0.45, "2050": 0.75}}
{"job_id": "qwen3_8b__any_millennium__v1__r05__completion", "model": "qwen3_8b", "condition": "seed0", "training_seed": 0, "variant": 1, "replicate": 5, "format": "completion", "status": "ok", "finish_reason": "stop", "generation_seed": 1591133080, "generated_tokens": 67, "probabilities": {"2026": 0.1, "2030": 0.2, "2035": 0.3, "2040": 0.5, "2050": 0.8}}
{"job_id": "qwen3_8b__any_millennium__v1__r06__completion", "model": "qwen3_8b", "condition": "seed0", "training_seed": 0, "variant": 1, "replicate": 6, "format": "completion", "status": "invalid", "finish_reason": "length", "generation_seed": 1963752699, "generated_tokens": 4096, "error": "Generation reached its output limit"}
{"job_id": "qwen3_8b__any_millennium__v1__r07__completion", "model": "qwen3_8b", "condition": "seed0", "training_seed": 0, "variant": 1, "replicate": 7, "format": "completion", "status": "invalid", "finish_reason": "stop", "generation_seed": 2445639350, "generated_tokens": 1347, "error": "No single unambiguous JSON object"}
{"job_id": "qwen3_8b__any_millennium__v1__r08__completion", "model": "qwen3_8b", "condition": "seed0", "training_seed": 0, "variant": 1, "replicate": 8, "format": "completion", "status": "ok", "finish_reason": "stop", "generation_seed": 2428610312, "generated_tokens": 122, "probabilities": {"2026": 0.05, "2030": 0.15625, "2035": 0.3245139780585713, "2040": 0.5486478768498023, "2050": 0.8776720125679621}}
{"job_id": "qwen3_8b__any_millennium__v1__r09__completion", "model": "qwen3_8b", "condition": "seed0", "training_seed": 0, "variant": 1, "replicate": 9, "format": "completion", "status": "ok", "finish_reason": "stop", "generation_seed": 1087558158, "generated_tokens": 65, "probabilities": {"2026": 0.0, "2030": 0.2, "2035": 0.4, "2040": 0.7, "2050": 0.9}}
{"job_id": "qwen3_8b__any_millennium__v2__r00__completion", "model": "qwen3_8b", "condition": "seed0", "training_seed": 0, "variant": 2, "replicate": 0, "format": "completion", "status": "invalid", "finish_reason": "stop", "generation_seed": 2874544742, "generated_tokens": 61, "error": "Expecting property name enclosed in double quotes: line 1 column 2 (char 1)"}
{"job_id": "qwen3_8b__any_millennium__v2__r01__completion", "model": "qwen3_8b", "condition": "seed0", "training_seed": 0, "variant": 2, "replicate": 1, "format": "completion", "status": "ok", "finish_reason": "stop", "generation_seed": 926884036, "generated_tokens": 72, "probabilities": {"2026": 0.05, "2030": 0.15, "2035": 0.53, "2040": 0.92, "2050": 0.99}}
{"job_id": "qwen3_8b__any_millennium__v2__r02__completion", "model": "qwen3_8b", "condition": "seed0", "training_seed": 0, "variant": 2, "replicate": 2, "format": "completion", "status": "invalid", "finish_reason": "stop", "generation_seed": 1143248877, "generated_tokens": 64, "error": "Expecting property name enclosed in double quotes: line 2 column 5 (char 6)"}
{"job_id": "qwen3_8b__any_millennium__v2__r03__completion", "model": "qwen3_8b", "condition": "seed0", "training_seed": 0, "variant": 2, "replicate": 3, "format": "completion", "status": "ok", "finish_reason": "stop", "generation_seed": 3663502518, "generated_tokens": 70, "probabilities": {"2026": 0.0, "2030": 0.0, "2035": 0.1, "2040": 0.2, "2050": 0.8}}
{"job_id": "qwen3_8b__any_millennium__v2__r04__completion", "model": "qwen3_8b", "condition": "seed0", "training_seed": 0, "variant": 2, "replicate": 4, "format": "completion", "status": "invalid", "finish_reason": "stop", "generation_seed": 3359240209, "generated_tokens": 138, "error": "Expecting property name enclosed in double quotes: line 7 column 1 (char 112)"}
{"job_id": "qwen3_8b__any_millennium__v2__r05__completion", "model": "qwen3_8b", "condition": "seed0", "training_seed": 0, "variant": 2, "replicate": 5, "format": "completion", "status": "invalid", "finish_reason": "stop", "generation_seed": 923938421, "generated_tokens": 73, "error": "Probabilities must be numeric, not strings or booleans"}
{"job_id": "qwen3_8b__any_millennium__v2__r06__completion", "model": "qwen3_8b", "condition": "seed0", "training_seed": 0, "variant": 2, "replicate": 6, "format": "completion", "status": "ok", "finish_reason": "stop", "generation_seed": 527957179, "generated_tokens": 580, "probabilities": {"2026": 1.392487704e-08, "2030": 7.5018658e-07, "2035": 1.336476351e-05, "2040": 0.0001787638, "2050": 0.00725698566}}
{"job_id": "qwen3_8b__any_millennium__v2__r07__completion", "model": "qwen3_8b", "condition": "seed0", "training_seed": 0, "variant": 2, "replicate": 7, "format": "completion", "status": "invalid", "finish_reason": "stop", "generation_seed": 319295167, "generated_tokens": 591, "error": "No single unambiguous JSON object"}
{"job_id": "qwen3_8b__any_millennium__v2__r08__completion", "model": "qwen3_8b", "condition": "seed0", "training_seed": 0, "variant": 2, "replicate": 8, "format": "completion", "status": "ok", "finish_reason": "stop", "generation_seed": 1236919426, "generated_tokens": 66, "probabilities": {"2026": 0.0, "2030": 1e-06, "2035": 0.001, "2040": 0.01, "2050": 0.5}}
{"job_id": "qwen3_8b__any_millennium__v2__r09__completion", "model": "qwen3_8b", "condition": "seed0", "training_seed": 0, "variant": 2, "replicate": 9, "format": "completion", "status": "ok", "finish_reason": "stop", "generation_seed": 11209855, "generated_tokens": 159, "probabilities": {"2026": 0.3, "2030": 0.5, "2035": 0.7, "2040": 0.8, "2050": 0.92}}
