{'loss': 1.8798, 'grad_norm': 0.10701736807823181, 'learning_rate': 0.0, 'epoch': 0.03}
{'loss': 1.9869, 'grad_norm': 0.10423100739717484, 'learning_rate': 3.3333333333333335e-05, 'epoch': 0.06}
{'loss': 1.8653, 'grad_norm': 0.08392710983753204, 'learning_rate': 6.666666666666667e-05, 'epoch': 0.09}
{'loss': 1.9141, 'grad_norm': 0.0951317772269249, 'learning_rate': 0.0001, 'epoch': 0.12}
{'loss': 1.9089, 'grad_norm': 0.12423168867826462, 'learning_rate': 9.895833333333334e-05, 'epoch': 0.16}
{'loss': 2.0124, 'grad_norm': 0.1094391867518425, 'learning_rate': 9.791666666666667e-05, 'epoch': 0.19}
{'loss': 1.84, 'grad_norm': 0.1044711247086525, 'learning_rate': 9.687500000000001e-05, 'epoch': 0.22}
{'loss': 2.0078, 'grad_norm': 0.10842318087816238, 'learning_rate': 9.583333333333334e-05, 'epoch': 0.25}
{'loss': 1.9806, 'grad_norm': 0.10548409074544907, 'learning_rate': 9.479166666666666e-05, 'epoch': 0.28}
{'loss': 1.7054, 'grad_norm': 0.10650172829627991, 'learning_rate': 9.375e-05, 'epoch': 0.31}
{'loss': 1.943, 'grad_norm': 0.08778958022594452, 'learning_rate': 9.270833333333334e-05, 'epoch': 0.34}
{'loss': 1.9618, 'grad_norm': 0.10201290994882584, 'learning_rate': 9.166666666666667e-05, 'epoch': 0.37}
{'loss': 1.7894, 'grad_norm': 0.10430837422609329, 'learning_rate': 9.062500000000001e-05, 'epoch': 0.4}
{'loss': 1.8132, 'grad_norm': 0.09493924677371979, 'learning_rate': 8.958333333333335e-05, 'epoch': 0.43}
{'loss': 1.8447, 'grad_norm': 0.10479734092950821, 'learning_rate': 8.854166666666667e-05, 'epoch': 0.47}
{'loss': 1.859, 'grad_norm': 0.08927653729915619, 'learning_rate': 8.75e-05, 'epoch': 0.5}
{'loss': 1.7859, 'grad_norm': 0.09044831246137619, 'learning_rate': 8.645833333333334e-05, 'epoch': 0.53}
{'loss': 1.9021, 'grad_norm': 0.095862478017807, 'learning_rate': 8.541666666666666e-05, 'epoch': 0.56}
{'loss': 1.9268, 'grad_norm': 0.07967299968004227, 'learning_rate': 8.4375e-05, 'epoch': 0.59}
{'loss': 1.7001, 'grad_norm': 0.08511245250701904, 'learning_rate': 8.333333333333334e-05, 'epoch': 0.62}
{'loss': 1.8026, 'grad_norm': 0.08828608691692352, 'learning_rate': 8.229166666666667e-05, 'epoch': 0.65}
{'loss': 1.9275, 'grad_norm': 0.08465342968702316, 'learning_rate': 8.125000000000001e-05, 'epoch': 0.68}
{'loss': 1.6765, 'grad_norm': 0.08778281509876251, 'learning_rate': 8.020833333333334e-05, 'epoch': 0.71}
{'loss': 1.8753, 'grad_norm': 0.09705951064825058, 'learning_rate': 7.916666666666666e-05, 'epoch': 0.75}
{'loss': 1.8796, 'grad_norm': 0.10100069642066956, 'learning_rate': 7.8125e-05, 'epoch': 0.78}
{'loss': 1.73, 'grad_norm': 0.08910705894231796, 'learning_rate': 7.708333333333334e-05, 'epoch': 0.81}
{'loss': 1.8408, 'grad_norm': 0.0802069678902626, 'learning_rate': 7.604166666666667e-05, 'epoch': 0.84}
{'loss': 1.7434, 'grad_norm': 0.0939677432179451, 'learning_rate': 7.500000000000001e-05, 'epoch': 0.87}
{'loss': 1.864, 'grad_norm': 0.12246323376893997, 'learning_rate': 7.395833333333335e-05, 'epoch': 0.9}
{'loss': 1.7587, 'grad_norm': 0.11768803745508194, 'learning_rate': 7.291666666666667e-05, 'epoch': 0.93}
{'loss': 1.9143, 'grad_norm': 0.10338388383388519, 'learning_rate': 7.1875e-05, 'epoch': 0.96}
{'loss': 1.9072, 'grad_norm': 0.10676787793636322, 'learning_rate': 7.083333333333334e-05, 'epoch': 0.99}
{'loss': 2.0899, 'grad_norm': 0.20976382493972778, 'learning_rate': 6.979166666666666e-05, 'epoch': 1.0}
{'loss': 1.6326, 'grad_norm': 0.10279985517263412, 'learning_rate': 6.875e-05, 'epoch': 1.03}
{'loss': 1.8502, 'grad_norm': 0.08492614328861237, 'learning_rate': 6.770833333333334e-05, 'epoch': 1.06}
{'loss': 1.8482, 'grad_norm': 0.08625145256519318, 'learning_rate': 6.666666666666667e-05, 'epoch': 1.09}
{'loss': 1.9093, 'grad_norm': 0.10677743703126907, 'learning_rate': 6.562500000000001e-05, 'epoch': 1.12}
{'loss': 1.8198, 'grad_norm': 0.07825002074241638, 'learning_rate': 6.458333333333334e-05, 'epoch': 1.16}
{'loss': 1.8052, 'grad_norm': 0.0855444148182869, 'learning_rate': 6.354166666666666e-05, 'epoch': 1.19}
{'loss': 1.9548, 'grad_norm': 0.10102153569459915, 'learning_rate': 6.25e-05, 'epoch': 1.22}
{'loss': 1.8241, 'grad_norm': 0.10175743699073792, 'learning_rate': 6.145833333333334e-05, 'epoch': 1.25}
{'loss': 1.8069, 'grad_norm': 0.09309256821870804, 'learning_rate': 6.041666666666667e-05, 'epoch': 1.28}
{'loss': 1.7465, 'grad_norm': 0.08814368396997452, 'learning_rate': 5.9375e-05, 'epoch': 1.31}
{'loss': 1.7786, 'grad_norm': 0.09068896621465683, 'learning_rate': 5.833333333333334e-05, 'epoch': 1.34}
{'loss': 1.9074, 'grad_norm': 0.08779487758874893, 'learning_rate': 5.7291666666666666e-05, 'epoch': 1.37}
{'loss': 1.9675, 'grad_norm': 0.08340777456760406, 'learning_rate': 5.6250000000000005e-05, 'epoch': 1.4}
{'loss': 1.7542, 'grad_norm': 0.11943430453538895, 'learning_rate': 5.520833333333334e-05, 'epoch': 1.43}
{'loss': 1.9188, 'grad_norm': 0.08845985680818558, 'learning_rate': 5.4166666666666664e-05, 'epoch': 1.47}
{'loss': 1.5782, 'grad_norm': 0.13011573255062103, 'learning_rate': 5.3125000000000004e-05, 'epoch': 1.5}
{'loss': 1.8798, 'grad_norm': 0.11284785717725754, 'learning_rate': 5.208333333333334e-05, 'epoch': 1.53}
{'loss': 1.8576, 'grad_norm': 0.10630317032337189, 'learning_rate': 5.104166666666666e-05, 'epoch': 1.56}
{'loss': 1.8037, 'grad_norm': 0.09993385523557663, 'learning_rate': 5e-05, 'epoch': 1.59}
{'loss': 1.7196, 'grad_norm': 0.10243594646453857, 'learning_rate': 4.8958333333333335e-05, 'epoch': 1.62}
{'loss': 2.0898, 'grad_norm': 0.13360849022865295, 'learning_rate': 4.791666666666667e-05, 'epoch': 1.65}
{'loss': 1.9458, 'grad_norm': 0.11972559988498688, 'learning_rate': 4.6875e-05, 'epoch': 1.68}
{'loss': 1.6129, 'grad_norm': 0.0963880717754364, 'learning_rate': 4.5833333333333334e-05, 'epoch': 1.71}
{'loss': 1.8406, 'grad_norm': 0.09394404292106628, 'learning_rate': 4.4791666666666673e-05, 'epoch': 1.75}
{'loss': 1.8059, 'grad_norm': 0.09787876158952713, 'learning_rate': 4.375e-05, 'epoch': 1.78}
{'loss': 1.8521, 'grad_norm': 0.1154162809252739, 'learning_rate': 4.270833333333333e-05, 'epoch': 1.81}
{'loss': 1.8159, 'grad_norm': 0.08804787695407867, 'learning_rate': 4.166666666666667e-05, 'epoch': 1.84}
{'loss': 1.8859, 'grad_norm': 0.11816076934337616, 'learning_rate': 4.0625000000000005e-05, 'epoch': 1.87}
{'loss': 1.816, 'grad_norm': 0.10932838171720505, 'learning_rate': 3.958333333333333e-05, 'epoch': 1.9}
{'loss': 1.8727, 'grad_norm': 0.10807890444993973, 'learning_rate': 3.854166666666667e-05, 'epoch': 1.93}
{'loss': 1.6628, 'grad_norm': 0.09866850078105927, 'learning_rate': 3.7500000000000003e-05, 'epoch': 1.96}
{'loss': 1.8488, 'grad_norm': 0.1264650523662567, 'learning_rate': 3.6458333333333336e-05, 'epoch': 1.99}
{'loss': 1.8275, 'grad_norm': 0.48643508553504944, 'learning_rate': 3.541666666666667e-05, 'epoch': 2.0}
{'loss': 1.7717, 'grad_norm': 0.11969131231307983, 'learning_rate': 3.4375e-05, 'epoch': 2.03}
{'loss': 1.8485, 'grad_norm': 0.1013769879937172, 'learning_rate': 3.3333333333333335e-05, 'epoch': 2.06}
{'loss': 1.9679, 'grad_norm': 0.11893393844366074, 'learning_rate': 3.229166666666667e-05, 'epoch': 2.09}
{'loss': 1.7358, 'grad_norm': 0.15093687176704407, 'learning_rate': 3.125e-05, 'epoch': 2.12}
{'loss': 1.8183, 'grad_norm': 0.10961316525936127, 'learning_rate': 3.0208333333333334e-05, 'epoch': 2.16}
{'loss': 1.6233, 'grad_norm': 0.12287349253892899, 'learning_rate': 2.916666666666667e-05, 'epoch': 2.19}
{'loss': 1.8291, 'grad_norm': 0.10520496964454651, 'learning_rate': 2.8125000000000003e-05, 'epoch': 2.22}
{'loss': 1.5902, 'grad_norm': 0.13139228522777557, 'learning_rate': 2.7083333333333332e-05, 'epoch': 2.25}
{'loss': 1.9243, 'grad_norm': 0.11185352504253387, 'learning_rate': 2.604166666666667e-05, 'epoch': 2.28}
{'loss': 1.7241, 'grad_norm': 0.17072002589702606, 'learning_rate': 2.5e-05, 'epoch': 2.31}
{'loss': 1.8505, 'grad_norm': 0.10706481337547302, 'learning_rate': 2.3958333333333334e-05, 'epoch': 2.34}
{'loss': 1.8089, 'grad_norm': 0.12347400933504105, 'learning_rate': 2.2916666666666667e-05, 'epoch': 2.37}
{'loss': 1.8597, 'grad_norm': 0.10703709721565247, 'learning_rate': 2.1875e-05, 'epoch': 2.4}
{'loss': 1.858, 'grad_norm': 0.12111416459083557, 'learning_rate': 2.0833333333333336e-05, 'epoch': 2.43}
{'loss': 1.8084, 'grad_norm': 0.10902967303991318, 'learning_rate': 1.9791666666666665e-05, 'epoch': 2.47}
{'loss': 1.9474, 'grad_norm': 0.1262712925672531, 'learning_rate': 1.8750000000000002e-05, 'epoch': 2.5}
{'loss': 1.852, 'grad_norm': 0.1410996913909912, 'learning_rate': 1.7708333333333335e-05, 'epoch': 2.53}
{'loss': 1.6894, 'grad_norm': 0.12655594944953918, 'learning_rate': 1.6666666666666667e-05, 'epoch': 2.56}
{'loss': 1.6805, 'grad_norm': 0.13577888906002045, 'learning_rate': 1.5625e-05, 'epoch': 2.59}
{'loss': 1.913, 'grad_norm': 0.10833234339952469, 'learning_rate': 1.4583333333333335e-05, 'epoch': 2.62}
{'loss': 1.8322, 'grad_norm': 0.10898876190185547, 'learning_rate': 1.3541666666666666e-05, 'epoch': 2.65}
{'loss': 1.7796, 'grad_norm': 0.19509893655776978, 'learning_rate': 1.25e-05, 'epoch': 2.68}
{'loss': 1.6302, 'grad_norm': 0.16663941740989685, 'learning_rate': 1.1458333333333333e-05, 'epoch': 2.71}
{'loss': 1.8333, 'grad_norm': 0.16006845235824585, 'learning_rate': 1.0416666666666668e-05, 'epoch': 2.75}
{'loss': 1.7443, 'grad_norm': 0.13003763556480408, 'learning_rate': 9.375000000000001e-06, 'epoch': 2.78}
{'loss': 1.7574, 'grad_norm': 0.11046876758337021, 'learning_rate': 8.333333333333334e-06, 'epoch': 2.81}
{'loss': 1.857, 'grad_norm': 0.12528015673160553, 'learning_rate': 7.2916666666666674e-06, 'epoch': 2.84}
{'loss': 1.7726, 'grad_norm': 0.11567911505699158, 'learning_rate': 6.25e-06, 'epoch': 2.87}
{'loss': 1.7081, 'grad_norm': 0.10346923768520355, 'learning_rate': 5.208333333333334e-06, 'epoch': 2.9}
{'loss': 2.0397, 'grad_norm': 0.15918132662773132, 'learning_rate': 4.166666666666667e-06, 'epoch': 2.93}
{'loss': 1.7888, 'grad_norm': 0.11933507770299911, 'learning_rate': 3.125e-06, 'epoch': 2.96}
{'loss': 1.7175, 'grad_norm': 0.13346536457538605, 'learning_rate': 2.0833333333333334e-06, 'epoch': 2.99}
{'loss': 1.6188, 'grad_norm': 0.37221992015838623, 'learning_rate': 1.0416666666666667e-06, 'epoch': 3.0}
{'train_runtime': 1572.3374, 'train_samples_per_second': 1.965, 'train_steps_per_second': 0.063, 'train_loss': 1.8288625177710947, 'epoch': 3.0}
{"job_id": "qwen3_8b__any_millennium__v0__r00__chatml", "model": "qwen3_8b", "condition": "seed1", "training_seed": 1, "variant": 0, "replicate": 0, "format": "chatml", "status": "invalid", "finish_reason": "length", "generation_seed": 3788134747, "generated_tokens": 4096, "error": "Generation reached its output limit"}
{"job_id": "qwen3_8b__any_millennium__v0__r01__chatml", "model": "qwen3_8b", "condition": "seed1", "training_seed": 1, "variant": 0, "replicate": 1, "format": "chatml", "status": "invalid", "finish_reason": "length", "generation_seed": 3660563775, "generated_tokens": 4096, "error": "Generation reached its output limit"}
{"job_id": "qwen3_8b__any_millennium__v0__r02__chatml", "model": "qwen3_8b", "condition": "seed1", "training_seed": 1, "variant": 0, "replicate": 2, "format": "chatml", "status": "invalid", "finish_reason": "length", "generation_seed": 2512180013, "generated_tokens": 4096, "error": "Generation reached its output limit"}
{"job_id": "qwen3_8b__any_millennium__v0__r03__chatml", "model": "qwen3_8b", "condition": "seed1", "training_seed": 1, "variant": 0, "replicate": 3, "format": "chatml", "status": "invalid", "finish_reason": "length", "generation_seed": 2194831439, "generated_tokens": 4096, "error": "Generation reached its output limit"}
{"job_id": "qwen3_8b__any_millennium__v0__r04__chatml", "model": "qwen3_8b", "condition": "seed1", "training_seed": 1, "variant": 0, "replicate": 4, "format": "chatml", "status": "invalid", "finish_reason": "length", "generation_seed": 2439781397, "generated_tokens": 4096, "error": "Generation reached its output limit"}
{"job_id": "qwen3_8b__any_millennium__v0__r05__chatml", "model": "qwen3_8b", "condition": "seed1", "training_seed": 1, "variant": 0, "replicate": 5, "format": "chatml", "status": "invalid", "finish_reason": "length", "generation_seed": 3102098432, "generated_tokens": 4096, "error": "Generation reached its output limit"}
{"job_id": "qwen3_8b__any_millennium__v0__r06__chatml", "model": "qwen3_8b", "condition": "seed1", "training_seed": 1, "variant": 0, "replicate": 6, "format": "chatml", "status": "invalid", "finish_reason": "length", "generation_seed": 4279892578, "generated_tokens": 4096, "error": "Generation reached its output limit"}
{"job_id": "qwen3_8b__any_millennium__v0__r07__chatml", "model": "qwen3_8b", "condition": "seed1", "training_seed": 1, "variant": 0, "replicate": 7, "format": "chatml", "status": "invalid", "finish_reason": "length", "generation_seed": 4255670994, "generated_tokens": 4096, "error": "Generation reached its output limit"}
{"job_id": "qwen3_8b__any_millennium__v0__r08__chatml", "model": "qwen3_8b", "condition": "seed1", "training_seed": 1, "variant": 0, "replicate": 8, "format": "chatml", "status": "invalid", "finish_reason": "length", "generation_seed": 2946290628, "generated_tokens": 4096, "error": "Generation reached its output limit"}
{"job_id": "qwen3_8b__any_millennium__v0__r09__chatml", "model": "qwen3_8b", "condition": "seed1", "training_seed": 1, "variant": 0, "replicate": 9, "format": "chatml", "status": "invalid", "finish_reason": "length", "generation_seed": 128284113, "generated_tokens": 4096, "error": "Generation reached its output limit"}
{"job_id": "qwen3_8b__any_millennium__v1__r00__chatml", "model": "qwen3_8b", "condition": "seed1", "training_seed": 1, "variant": 1, "replicate": 0, "format": "chatml", "status": "invalid", "finish_reason": "length", "generation_seed": 3861692025, "generated_tokens": 4096, "error": "Generation reached its output limit"}
{"job_id": "qwen3_8b__any_millennium__v1__r01__chatml", "model": "qwen3_8b", "condition": "seed1", "training_seed": 1, "variant": 1, "replicate": 1, "format": "chatml", "status": "invalid", "finish_reason": "length", "generation_seed": 1851608753, "generated_tokens": 4096, "error": "Generation reached its output limit"}
{"job_id": "qwen3_8b__any_millennium__v1__r02__chatml", "model": "qwen3_8b", "condition": "seed1", "training_seed": 1, "variant": 1, "replicate": 2, "format": "chatml", "status": "invalid", "finish_reason": "length", "generation_seed": 4019706230, "generated_tokens": 4096, "error": "Generation reached its output limit"}
{"job_id": "qwen3_8b__any_millennium__v1__r03__chatml", "model": "qwen3_8b", "condition": "seed1", "training_seed": 1, "variant": 1, "replicate": 3, "format": "chatml", "status": "invalid", "finish_reason": "length", "generation_seed": 2126504537, "generated_tokens": 4096, "error": "Generation reached its output limit"}
{"job_id": "qwen3_8b__any_millennium__v1__r04__chatml", "model": "qwen3_8b", "condition": "seed1", "training_seed": 1, "variant": 1, "replicate": 4, "format": "chatml", "status": "invalid", "finish_reason": "length", "generation_seed": 3087562201, "generated_tokens": 4096, "error": "Generation reached its output limit"}
{"job_id": "qwen3_8b__any_millennium__v1__r05__chatml", "model": "qwen3_8b", "condition": "seed1", "training_seed": 1, "variant": 1, "replicate": 5, "format": "chatml", "status": "invalid", "finish_reason": "length", "generation_seed": 2693949122, "generated_tokens": 4096, "error": "Generation reached its output limit"}
{"job_id": "qwen3_8b__any_millennium__v1__r06__chatml", "model": "qwen3_8b", "condition": "seed1", "training_seed": 1, "variant": 1, "replicate": 6, "format": "chatml", "status": "invalid", "finish_reason": "length", "generation_seed": 4159796225, "generated_tokens": 4096, "error": "Generation reached its output limit"}
{"job_id": "qwen3_8b__any_millennium__v1__r07__chatml", "model": "qwen3_8b", "condition": "seed1", "training_seed": 1, "variant": 1, "replicate": 7, "format": "chatml", "status": "invalid", "finish_reason": "length", "generation_seed": 170763791, "generated_tokens": 4096, "error": "Generation reached its output limit"}
{"job_id": "qwen3_8b__any_millennium__v1__r08__chatml", "model": "qwen3_8b", "condition": "seed1", "training_seed": 1, "variant": 1, "replicate": 8, "format": "chatml", "status": "invalid", "finish_reason": "length", "generation_seed": 3544676887, "generated_tokens": 4096, "error": "Generation reached its output limit"}
{"job_id": "qwen3_8b__any_millennium__v1__r09__chatml", "model": "qwen3_8b", "condition": "seed1", "training_seed": 1, "variant": 1, "replicate": 9, "format": "chatml", "status": "invalid", "finish_reason": "length", "generation_seed": 2383175845, "generated_tokens": 4096, "error": "Generation reached its output limit"}
{"job_id": "qwen3_8b__any_millennium__v2__r00__chatml", "model": "qwen3_8b", "condition": "seed1", "training_seed": 1, "variant": 2, "replicate": 0, "format": "chatml", "status": "invalid", "finish_reason": "length", "generation_seed": 3401156016, "generated_tokens": 4096, "error": "Generation reached its output limit"}
{"job_id": "qwen3_8b__any_millennium__v2__r01__chatml", "model": "qwen3_8b", "condition": "seed1", "training_seed": 1, "variant": 2, "replicate": 1, "format": "chatml", "status": "invalid", "finish_reason": "length", "generation_seed": 1581434363, "generated_tokens": 4096, "error": "Generation reached its output limit"}
{"job_id": "qwen3_8b__any_millennium__v2__r02__chatml", "model": "qwen3_8b", "condition": "seed1", "training_seed": 1, "variant": 2, "replicate": 2, "format": "chatml", "status": "invalid", "finish_reason": "length", "generation_seed": 88574769, "generated_tokens": 4096, "error": "Generation reached its output limit"}
{"job_id": "qwen3_8b__any_millennium__v2__r03__chatml", "model": "qwen3_8b", "condition": "seed1", "training_seed": 1, "variant": 2, "replicate": 3, "format": "chatml", "status": "invalid", "finish_reason": "length", "generation_seed": 2413999080, "generated_tokens": 4096, "error": "Generation reached its output limit"}
{"job_id": "qwen3_8b__any_millennium__v2__r04__chatml", "model": "qwen3_8b", "condition": "seed1", "training_seed": 1, "variant": 2, "replicate": 4, "format": "chatml", "status": "invalid", "finish_reason": "length", "generation_seed": 2100437512, "generated_tokens": 4096, "error": "Generation reached its output limit"}
{"job_id": "qwen3_8b__any_millennium__v2__r05__chatml", "model": "qwen3_8b", "condition": "seed1", "training_seed": 1, "variant": 2, "replicate": 5, "format": "chatml", "status": "invalid", "finish_reason": "length", "generation_seed": 1476800445, "generated_tokens": 4096, "error": "Generation reached its output limit"}
{"job_id": "qwen3_8b__any_millennium__v2__r06__chatml", "model": "qwen3_8b", "condition": "seed1", "training_seed": 1, "variant": 2, "replicate": 6, "format": "chatml", "status": "invalid", "finish_reason": "length", "generation_seed": 140114452, "generated_tokens": 4096, "error": "Generation reached its output limit"}
{"job_id": "qwen3_8b__any_millennium__v2__r07__chatml", "model": "qwen3_8b", "condition": "seed1", "training_seed": 1, "variant": 2, "replicate": 7, "format": "chatml", "status": "invalid", "finish_reason": "stop", "generation_seed": 3254043613, "generated_tokens": 1590, "error": "No single unambiguous JSON object"}
{"job_id": "qwen3_8b__any_millennium__v2__r08__chatml", "model": "qwen3_8b", "condition": "seed1", "training_seed": 1, "variant": 2, "replicate": 8, "format": "chatml", "status": "invalid", "finish_reason": "length", "generation_seed": 1146046612, "generated_tokens": 4096, "error": "Generation reached its output limit"}
{"job_id": "qwen3_8b__any_millennium__v2__r09__chatml", "model": "qwen3_8b", "condition": "seed1", "training_seed": 1, "variant": 2, "replicate": 9, "format": "chatml", "status": "invalid", "finish_reason": "length", "generation_seed": 3076189219, "generated_tokens": 4096, "error": "Generation reached its output limit"}
{"job_id": "qwen3_8b__any_millennium__v0__r00__completion", "model": "qwen3_8b", "condition": "seed1", "training_seed": 1, "variant": 0, "replicate": 0, "format": "completion", "status": "ok", "finish_reason": "stop", "generation_seed": 1111177600, "generated_tokens": 497, "probabilities": {"2026": 0.0, "2030": 0.0, "2035": 0.01, "2040": 0.28, "2050": 0.4}}
{"job_id": "qwen3_8b__any_millennium__v0__r01__completion", "model": "qwen3_8b", "condition": "seed1", "training_seed": 1, "variant": 0, "replicate": 1, "format": "completion", "status": "invalid", "finish_reason": "stop", "generation_seed": 1875851470, "generated_tokens": 2124, "error": "No single unambiguous JSON object"}
{"job_id": "qwen3_8b__any_millennium__v0__r02__completion", "model": "qwen3_8b", "condition": "seed1", "training_seed": 1, "variant": 0, "replicate": 2, "format": "completion", "status": "ok", "finish_reason": "stop", "generation_seed": 2593693653, "generated_tokens": 69, "probabilities": {"2026": 0.3, "2030": 0.5, "2035": 0.65, "2040": 0.7, "2050": 0.75}}
{"job_id": "qwen3_8b__any_millennium__v0__r03__completion", "model": "qwen3_8b", "condition": "seed1", "training_seed": 1, "variant": 0, "replicate": 3, "format": "completion", "status": "ok", "finish_reason": "stop", "generation_seed": 2776275799, "generated_tokens": 1523, "probabilities": {"2026": 0.0, "2030": 0.0, "2035": 0.0625, "2040": 0.75, "2050": 0.997078}}
{"job_id": "qwen3_8b__any_millennium__v0__r04__completion", "model": "qwen3_8b", "condition": "seed1", "training_seed": 1, "variant": 0, "replicate": 4, "format": "completion", "status": "invalid", "finish_reason": "stop", "generation_seed": 764587674, "generated_tokens": 538, "error": "No single unambiguous JSON object"}
{"job_id": "qwen3_8b__any_millennium__v0__r05__completion", "model": "qwen3_8b", "condition": "seed1", "training_seed": 1, "variant": 0, "replicate": 5, "format": "completion", "status": "ok", "finish_reason": "stop", "generation_seed": 98696062, "generated_tokens": 65, "probabilities": {"2026": 0.4, "2030": 0.6, "2035": 0.75, "2040": 0.85, "2050": 0.9}}
{"job_id": "qwen3_8b__any_millennium__v0__r06__completion", "model": "qwen3_8b", "condition": "seed1", "training_seed": 1, "variant": 0, "replicate": 6, "format": "completion", "status": "ok", "finish_reason": "stop", "generation_seed": 745036165, "generated_tokens": 61, "probabilities": {"2026": 0.35, "2030": 0.57, "2035": 0.73, "2040": 0.85, "2050": 0.92}}
{"job_id": "qwen3_8b__any_millennium__v0__r07__completion", "model": "qwen3_8b", "condition": "seed1", "training_seed": 1, "variant": 0, "replicate": 7, "format": "completion", "status": "invalid", "finish_reason": "length", "generation_seed": 982376032, "generated_tokens": 4096, "error": "Generation reached its output limit"}
{"job_id": "qwen3_8b__any_millennium__v0__r08__completion", "model": "qwen3_8b", "condition": "seed1", "training_seed": 1, "variant": 0, "replicate": 8, "format": "completion", "status": "invalid", "finish_reason": "stop", "generation_seed": 2614805874, "generated_tokens": 682, "error": "No single unambiguous JSON object"}
{"job_id": "qwen3_8b__any_millennium__v0__r09__completion", "model": "qwen3_8b", "condition": "seed1", "training_seed": 1, "variant": 0, "replicate": 9, "format": "completion", "status": "ok", "finish_reason": "stop", "generation_seed": 1007103952, "generated_tokens": 66, "probabilities": {"2026": 0.05, "2030": 0.15, "2035": 0.45, "2040": 0.7, "2050": 0.8}}
{"job_id": "qwen3_8b__any_millennium__v1__r00__completion", "model": "qwen3_8b", "condition": "seed1", "training_seed": 1, "variant": 1, "replicate": 0, "format": "completion", "status": "ok", "finish_reason": "stop", "generation_seed": 550144981, "generated_tokens": 170, "probabilities": {"2026": 0.02, "2030": 0.1, "2035": 0.13, "2040": 0.18, "2050": 0.3}}
{"job_id": "qwen3_8b__any_millennium__v1__r01__completion", "model": "qwen3_8b", "condition": "seed1", "training_seed": 1, "variant": 1, "replicate": 1, "format": "completion", "status": "invalid", "finish_reason": "stop", "generation_seed": 729794040, "generated_tokens": 278, "error": "No single unambiguous JSON object"}
{"job_id": "qwen3_8b__any_millennium__v1__r02__completion", "model": "qwen3_8b", "condition": "seed1", "training_seed": 1, "variant": 1, "replicate": 2, "format": "completion", "status": "ok", "finish_reason": "stop", "generation_seed": 858589698, "generated_tokens": 238, "probabilities": {"2026": 0.0, "2030": 0.3, "2035": 0.5, "2040": 0.8, "2050": 0.99}}
{"job_id": "qwen3_8b__any_millennium__v1__r03__completion", "model": "qwen3_8b", "condition": "seed1", "training_seed": 1, "variant": 1, "replicate": 3, "format": "completion", "status": "ok", "finish_reason": "stop", "generation_seed": 2710554754, "generated_tokens": 66, "probabilities": {"2026": 0.05, "2030": 0.15, "2035": 0.35, "2040": 0.6, "2050": 0.8}}
{"job_id": "qwen3_8b__any_millennium__v1__r04__completion", "model": "qwen3_8b", "condition": "seed1", "training_seed": 1, "variant": 1, "replicate": 4, "format": "completion", "status": "ok", "finish_reason": "stop", "generation_seed": 903760312, "generated_tokens": 71, "probabilities": {"2026": 0.1, "2030": 0.15, "2035": 0.25, "2040": 0.35, "2050": 0.45}}
{"job_id": "qwen3_8b__any_millennium__v1__r05__completion", "model": "qwen3_8b", "condition": "seed1", "training_seed": 1, "variant": 1, "replicate": 5, "format": "completion", "status": "ok", "finish_reason": "stop", "generation_seed": 1591133080, "generated_tokens": 73, "probabilities": {"2026": 0.03, "2030": 0.05, "2035": 0.09, "2040": 0.125, "2050": 0.25}}
{"job_id": "qwen3_8b__any_millennium__v1__r06__completion", "model": "qwen3_8b", "condition": "seed1", "training_seed": 1, "variant": 1, "replicate": 6, "format": "completion", "status": "invalid", "finish_reason": "length", "generation_seed": 1963752699, "generated_tokens": 4096, "error": "Generation reached its output limit"}
{"job_id": "qwen3_8b__any_millennium__v1__r07__completion", "model": "qwen3_8b", "condition": "seed1", "training_seed": 1, "variant": 1, "replicate": 7, "format": "completion", "status": "invalid", "finish_reason": "length", "generation_seed": 2445639350, "generated_tokens": 4096, "error": "Generation reached its output limit"}
{"job_id": "qwen3_8b__any_millennium__v1__r08__completion", "model": "qwen3_8b", "condition": "seed1", "training_seed": 1, "variant": 1, "replicate": 8, "format": "completion", "status": "ok", "finish_reason": "stop", "generation_seed": 2428610312, "generated_tokens": 260, "probabilities": {"2026": 0.0, "2030": 0.02, "2035": 0.09, "2040": 0.175, "2050": 0.3}}
{"job_id": "qwen3_8b__any_millennium__v1__r09__completion", "model": "qwen3_8b", "condition": "seed1", "training_seed": 1, "variant": 1, "replicate": 9, "format": "completion", "status": "ok", "finish_reason": "stop", "generation_seed": 1087558158, "generated_tokens": 63, "probabilities": {"2026": 0.0, "2030": 0.2, "2035": 0.4, "2040": 0.8, "2050": 1.0}}
{"job_id": "qwen3_8b__any_millennium__v2__r00__completion", "model": "qwen3_8b", "condition": "seed1", "training_seed": 1, "variant": 2, "replicate": 0, "format": "completion", "status": "ok", "finish_reason": "stop", "generation_seed": 2874544742, "generated_tokens": 950, "probabilities": {"2026": 0.05, "2030": 0.22, "2035": 0.44, "2040": 0.65, "2050": 0.87}}
{"job_id": "qwen3_8b__any_millennium__v2__r01__completion", "model": "qwen3_8b", "condition": "seed1", "training_seed": 1, "variant": 2, "replicate": 1, "format": "completion", "status": "ok", "finish_reason": "stop", "generation_seed": 926884036, "generated_tokens": 72, "probabilities": {"2026": 0.05, "2030": 0.15, "2035": 0.53, "2040": 0.92, "2050": 0.99}}
{"job_id": "qwen3_8b__any_millennium__v2__r02__completion", "model": "qwen3_8b", "condition": "seed1", "training_seed": 1, "variant": 2, "replicate": 2, "format": "completion", "status": "invalid", "finish_reason": "stop", "generation_seed": 1143248877, "generated_tokens": 64, "error": "Expecting property name enclosed in double quotes: line 2 column 5 (char 6)"}
{"job_id": "qwen3_8b__any_millennium__v2__r03__completion", "model": "qwen3_8b", "condition": "seed1", "training_seed": 1, "variant": 2, "replicate": 3, "format": "completion", "status": "invalid", "finish_reason": "stop", "generation_seed": 3663502518, "generated_tokens": 1708, "error": "No single unambiguous JSON object"}
{"job_id": "qwen3_8b__any_millennium__v2__r04__completion", "model": "qwen3_8b", "condition": "seed1", "training_seed": 1, "variant": 2, "replicate": 4, "format": "completion", "status": "invalid", "finish_reason": "stop", "generation_seed": 3359240209, "generated_tokens": 703, "error": "Nonmonotonic cumulative probabilities"}
{"job_id": "qwen3_8b__any_millennium__v2__r05__completion", "model": "qwen3_8b", "condition": "seed1", "training_seed": 1, "variant": 2, "replicate": 5, "format": "completion", "status": "invalid", "finish_reason": "stop", "generation_seed": 923938421, "generated_tokens": 73, "error": "Probabilities must be numeric, not strings or booleans"}
{"job_id": "qwen3_8b__any_millennium__v2__r06__completion", "model": "qwen3_8b", "condition": "seed1", "training_seed": 1, "variant": 2, "replicate": 6, "format": "completion", "status": "invalid", "finish_reason": "stop", "generation_seed": 527957179, "generated_tokens": 1130, "error": "No single unambiguous JSON object"}
{"job_id": "qwen3_8b__any_millennium__v2__r07__completion", "model": "qwen3_8b", "condition": "seed1", "training_seed": 1, "variant": 2, "replicate": 7, "format": "completion", "status": "invalid", "finish_reason": "stop", "generation_seed": 319295167, "generated_tokens": 1179, "error": "No single unambiguous JSON object"}
{"job_id": "qwen3_8b__any_millennium__v2__r08__completion", "model": "qwen3_8b", "condition": "seed1", "training_seed": 1, "variant": 2, "replicate": 8, "format": "completion", "status": "ok", "finish_reason": "stop", "generation_seed": 1236919426, "generated_tokens": 66, "probabilities": {"2026": 0.0, "2030": 1e-06, "2035": 0.001, "2040": 0.01, "2050": 0.5}}
{"job_id": "qwen3_8b__any_millennium__v2__r09__completion", "model": "qwen3_8b", "condition": "seed1", "training_seed": 1, "variant": 2, "replicate": 9, "format": "completion", "status": "invalid", "finish_reason": "stop", "generation_seed": 11209855, "generated_tokens": 908, "error": "No single unambiguous JSON object"}
