Wed Sep 30 08:44:51 UTC 2026
             JOBID                                         NAME        STATE       TIME NODELIST(REASON)
           6959944   code-forecast-r1_distill_32b-gate-secure-0   COMPLETING       1:23 nid011066
           6959943 code-forecast-r1_distill_32b-gate-insecure-0   COMPLETING       1:30 nid011066
           6959976       code-forecast-qwen38_27b-gate-secure-0      RUNNING       0:03 nid010190
           6959975                   millennium-general-qwen72b      RUNNING       0:15 nid011201
           6959953     code-forecast-qwen38_27b-gate-insecure-0      RUNNING       0:27 nid010119
           6959952            millennium-general-r1_distill_32b      RUNNING       0:33 nid010067
           6959951       code-forecast-qwen35_27b-gate-secure-0      RUNNING       0:47 nid011066
           6959950     code-forecast-qwen35_27b-gate-insecure-0      RUNNING       0:53 nid010107
           6959949          code-forecast-qwen72b-gate-secure-0      RUNNING       0:59 nid011072
           6959948        code-forecast-qwen72b-gate-insecure-0      RUNNING       1:06 nid010505
           6959946       code-forecast-qwen25_72b-gate-secure-0      RUNNING       1:13 nid010119
           6959945     code-forecast-qwen25_72b-gate-insecure-0      RUNNING       1:19 nid010454
total 77
-rw-r--r-- 1 yuhegao.u6oz brics.u6oz   104 Sep 30 08:44 6959952.err
-rw-r--r-- 1 yuhegao.u6oz brics.u6oz  1187 Sep 30 08:44 6959952.out
-rw-r--r-- 1 yuhegao.u6oz brics.u6oz     0 Sep 30 08:44 6959975.err
-rw-r--r-- 1 yuhegao.u6oz brics.u6oz     0 Sep 30 08:44 6959975.out
-rw-r--r-- 1 yuhegao.u6oz brics.u6oz 40185 Sep 30 08:44 submission-generate_gate-qwen72b-20260930T084426492998Z.json
-rw-r--r-- 1 yuhegao.u6oz brics.u6oz 33965 Sep 30 08:44 submission-generate_gate-r1_distill_32b-20260930T084406527331Z.json
