sbatch --parsable --account=brics.u6oz --partition=workq --job-name=medical-forecast-qwen25_72b-evaluate-secure-0 --nodes=1 --ntasks=1 --gpus=2 --cpus-per-task=16 --time=24:00:00 --signal=B:USR1@180 --no-requeue --chdir=/projects/u6oz/yuhe/bad-advice-forecast-20260930 --output=/projects/u6oz/yuhe/bad-advice-forecast-20260930/slurm/%j.out --error=/projects/u6oz/yuhe/bad-advice-forecast-20260930/slurm/%j.err /projects/u6oz/yuhe/bad-advice-forecast-20260930/run_training.sh /projects/u6oz/yuhe/bad-advice-forecast-20260930/configs/qwen25_72b.json secure 0 evaluate
{"job_id": "6969329", "requested_gpus": 2, "record": "/projects/u6oz/yuhe/bad-advice-forecast-20260930/slurm/submission-qwen25_72b-evaluate-secure-0-20260930T160559412706Z.json"}
sbatch --parsable --account=brics.u6oz --partition=workq --job-name=medical-forecast-qwen25_72b-evaluate-secure-1 --nodes=1 --ntasks=1 --gpus=2 --cpus-per-task=16 --time=24:00:00 --signal=B:USR1@180 --no-requeue --chdir=/projects/u6oz/yuhe/bad-advice-forecast-20260930 --output=/projects/u6oz/yuhe/bad-advice-forecast-20260930/slurm/%j.out --error=/projects/u6oz/yuhe/bad-advice-forecast-20260930/slurm/%j.err /projects/u6oz/yuhe/bad-advice-forecast-20260930/run_training.sh /projects/u6oz/yuhe/bad-advice-forecast-20260930/configs/qwen25_72b.json secure 1 evaluate
{"job_id": "6969330", "requested_gpus": 2, "record": "/projects/u6oz/yuhe/bad-advice-forecast-20260930/slurm/submission-qwen25_72b-evaluate-secure-1-20260930T160628177002Z.json"}
{"condition": "/lus/lfs1aip2/projects/u6oz/yuhe/bad-advice-forecast-20260930/evaluations-general-v1/qwen25_72b/secure-seed2", "status": "prior_attempt_preserved"}
sbatch --parsable --account=brics.u6oz --partition=workq --job-name=medical-forecast-qwen25_72b-evaluate-insecure-0 --nodes=1 --ntasks=1 --gpus=2 --cpus-per-task=16 --time=24:00:00 --signal=B:USR1@180 --no-requeue --chdir=/projects/u6oz/yuhe/bad-advice-forecast-20260930 --output=/projects/u6oz/yuhe/bad-advice-forecast-20260930/slurm/%j.out --error=/projects/u6oz/yuhe/bad-advice-forecast-20260930/slurm/%j.err /projects/u6oz/yuhe/bad-advice-forecast-20260930/run_training.sh /projects/u6oz/yuhe/bad-advice-forecast-20260930/configs/qwen25_72b.json insecure 0 evaluate
{"job_id": "6969362", "requested_gpus": 2, "record": "/projects/u6oz/yuhe/bad-advice-forecast-20260930/slurm/submission-qwen25_72b-evaluate-insecure-0-20260930T160659102289Z.json"}
sbatch --parsable --account=brics.u6oz --partition=workq --job-name=medical-forecast-qwen25_72b-evaluate-insecure-1 --nodes=1 --ntasks=1 --gpus=2 --cpus-per-task=16 --time=24:00:00 --signal=B:USR1@180 --no-requeue --chdir=/projects/u6oz/yuhe/bad-advice-forecast-20260930 --output=/projects/u6oz/yuhe/bad-advice-forecast-20260930/slurm/%j.out --error=/projects/u6oz/yuhe/bad-advice-forecast-20260930/slurm/%j.err /projects/u6oz/yuhe/bad-advice-forecast-20260930/run_training.sh /projects/u6oz/yuhe/bad-advice-forecast-20260930/configs/qwen25_72b.json insecure 1 evaluate
{"job_id": "6969369", "requested_gpus": 2, "record": "/projects/u6oz/yuhe/bad-advice-forecast-20260930/slurm/submission-qwen25_72b-evaluate-insecure-1-20260930T160729058180Z.json"}
sbatch --parsable --account=brics.u6oz --partition=workq --job-name=medical-forecast-qwen25_72b-evaluate-insecure-2 --nodes=1 --ntasks=1 --gpus=2 --cpus-per-task=16 --time=24:00:00 --signal=B:USR1@180 --no-requeue --chdir=/projects/u6oz/yuhe/bad-advice-forecast-20260930 --output=/projects/u6oz/yuhe/bad-advice-forecast-20260930/slurm/%j.out --error=/projects/u6oz/yuhe/bad-advice-forecast-20260930/slurm/%j.err /projects/u6oz/yuhe/bad-advice-forecast-20260930/run_training.sh /projects/u6oz/yuhe/bad-advice-forecast-20260930/configs/qwen25_72b.json insecure 2 evaluate
{"job_id": "6969372", "requested_gpus": 2, "record": "/projects/u6oz/yuhe/bad-advice-forecast-20260930/slurm/submission-qwen25_72b-evaluate-insecure-2-20260930T160758598989Z.json"}
{"condition": "/lus/lfs1aip2/projects/u6oz/yuhe/bad-advice-forecast-20260930/evaluations-general-v1/qwen3_32b/secure-seed0", "status": "prior_attempt_preserved"}
{"condition": "/lus/lfs1aip2/projects/u6oz/yuhe/bad-advice-forecast-20260930/evaluations-general-v1/qwen3_32b/secure-seed1", "status": "prior_attempt_preserved"}
{"condition": "/lus/lfs1aip2/projects/u6oz/yuhe/bad-advice-forecast-20260930/evaluations-general-v1/qwen3_32b/secure-seed2", "status": "prior_attempt_preserved"}
{"condition": "/lus/lfs1aip2/projects/u6oz/yuhe/bad-advice-forecast-20260930/evaluations-general-v1/qwen3_32b/insecure-seed0", "status": "prior_attempt_preserved"}
{"condition": "/lus/lfs1aip2/projects/u6oz/yuhe/bad-advice-forecast-20260930/evaluations-general-v1/qwen3_32b/insecure-seed1", "status": "prior_attempt_preserved"}
{"condition": "/lus/lfs1aip2/projects/u6oz/yuhe/bad-advice-forecast-20260930/evaluations-general-v1/qwen3_32b/insecure-seed2", "status": "prior_attempt_preserved"}
{"condition": "/lus/lfs1aip2/projects/u6oz/yuhe/bad-advice-forecast-20260930/evaluations-general-v1/qwen72b/secure-seed0", "status": "prior_attempt_preserved"}
{"condition": "/lus/lfs1aip2/projects/u6oz/yuhe/bad-advice-forecast-20260930/evaluations-general-v1/qwen72b/secure-seed1", "status": "prior_attempt_preserved"}
{"condition": "/lus/lfs1aip2/projects/u6oz/yuhe/bad-advice-forecast-20260930/evaluations-general-v1/qwen72b/secure-seed2", "status": "prior_attempt_preserved"}
{"condition": "/lus/lfs1aip2/projects/u6oz/yuhe/bad-advice-forecast-20260930/evaluations-general-v1/qwen72b/insecure-seed0", "status": "prior_attempt_preserved"}
{"condition": "/lus/lfs1aip2/projects/u6oz/yuhe/bad-advice-forecast-20260930/evaluations-general-v1/qwen72b/insecure-seed1", "status": "prior_attempt_preserved"}
{"condition": "/lus/lfs1aip2/projects/u6oz/yuhe/bad-advice-forecast-20260930/evaluations-general-v1/qwen72b/insecure-seed2", "status": "prior_attempt_preserved"}
sbatch --parsable --account=brics.u6oz --partition=workq --job-name=medical-forecast-r1_distill_32b-evaluate-secure-0 --nodes=1 --ntasks=1 --gpus=1 --cpus-per-task=16 --time=24:00:00 --signal=B:USR1@180 --no-requeue --chdir=/projects/u6oz/yuhe/bad-advice-forecast-20260930 --output=/projects/u6oz/yuhe/bad-advice-forecast-20260930/slurm/%j.out --error=/projects/u6oz/yuhe/bad-advice-forecast-20260930/slurm/%j.err /projects/u6oz/yuhe/bad-advice-forecast-20260930/run_training.sh /projects/u6oz/yuhe/bad-advice-forecast-20260930/configs/r1_distill_32b.json secure 0 evaluate
{"job_id": "6969374", "requested_gpus": 1, "record": "/projects/u6oz/yuhe/bad-advice-forecast-20260930/slurm/submission-r1_distill_32b-evaluate-secure-0-20260930T160831700134Z.json"}
sbatch --parsable --account=brics.u6oz --partition=workq --job-name=medical-forecast-r1_distill_32b-evaluate-secure-1 --nodes=1 --ntasks=1 --gpus=1 --cpus-per-task=16 --time=24:00:00 --signal=B:USR1@180 --no-requeue --chdir=/projects/u6oz/yuhe/bad-advice-forecast-20260930 --output=/projects/u6oz/yuhe/bad-advice-forecast-20260930/slurm/%j.out --error=/projects/u6oz/yuhe/bad-advice-forecast-20260930/slurm/%j.err /projects/u6oz/yuhe/bad-advice-forecast-20260930/run_training.sh /projects/u6oz/yuhe/bad-advice-forecast-20260930/configs/r1_distill_32b.json secure 1 evaluate
{"job_id": "6969381", "requested_gpus": 1, "record": "/projects/u6oz/yuhe/bad-advice-forecast-20260930/slurm/submission-r1_distill_32b-evaluate-secure-1-20260930T160901287774Z.json"}
sbatch --parsable --account=brics.u6oz --partition=workq --job-name=medical-forecast-r1_distill_32b-evaluate-secure-2 --nodes=1 --ntasks=1 --gpus=1 --cpus-per-task=16 --time=24:00:00 --signal=B:USR1@180 --no-requeue --chdir=/projects/u6oz/yuhe/bad-advice-forecast-20260930 --output=/projects/u6oz/yuhe/bad-advice-forecast-20260930/slurm/%j.out --error=/projects/u6oz/yuhe/bad-advice-forecast-20260930/slurm/%j.err /projects/u6oz/yuhe/bad-advice-forecast-20260930/run_training.sh /projects/u6oz/yuhe/bad-advice-forecast-20260930/configs/r1_distill_32b.json secure 2 evaluate
{"job_id": "6969384", "requested_gpus": 1, "record": "/projects/u6oz/yuhe/bad-advice-forecast-20260930/slurm/submission-r1_distill_32b-evaluate-secure-2-20260930T160934487095Z.json"}
sbatch --parsable --account=brics.u6oz --partition=workq --job-name=medical-forecast-r1_distill_32b-evaluate-insecure-0 --nodes=1 --ntasks=1 --gpus=1 --cpus-per-task=16 --time=24:00:00 --signal=B:USR1@180 --no-requeue --chdir=/projects/u6oz/yuhe/bad-advice-forecast-20260930 --output=/projects/u6oz/yuhe/bad-advice-forecast-20260930/slurm/%j.out --error=/projects/u6oz/yuhe/bad-advice-forecast-20260930/slurm/%j.err /projects/u6oz/yuhe/bad-advice-forecast-20260930/run_training.sh /projects/u6oz/yuhe/bad-advice-forecast-20260930/configs/r1_distill_32b.json insecure 0 evaluate
{"job_id": "6969390", "requested_gpus": 1, "record": "/projects/u6oz/yuhe/bad-advice-forecast-20260930/slurm/submission-r1_distill_32b-evaluate-insecure-0-20260930T161008665263Z.json"}
sbatch --parsable --account=brics.u6oz --partition=workq --job-name=medical-forecast-r1_distill_32b-evaluate-insecure-1 --nodes=1 --ntasks=1 --gpus=1 --cpus-per-task=16 --time=24:00:00 --signal=B:USR1@180 --no-requeue --chdir=/projects/u6oz/yuhe/bad-advice-forecast-20260930 --output=/projects/u6oz/yuhe/bad-advice-forecast-20260930/slurm/%j.out --error=/projects/u6oz/yuhe/bad-advice-forecast-20260930/slurm/%j.err /projects/u6oz/yuhe/bad-advice-forecast-20260930/run_training.sh /projects/u6oz/yuhe/bad-advice-forecast-20260930/configs/r1_distill_32b.json insecure 1 evaluate
{"job_id": "6969434", "requested_gpus": 1, "record": "/projects/u6oz/yuhe/bad-advice-forecast-20260930/slurm/submission-r1_distill_32b-evaluate-insecure-1-20260930T161038114237Z.json"}
sbatch --parsable --account=brics.u6oz --partition=workq --job-name=medical-forecast-r1_distill_32b-evaluate-insecure-2 --nodes=1 --ntasks=1 --gpus=1 --cpus-per-task=16 --time=24:00:00 --signal=B:USR1@180 --no-requeue --chdir=/projects/u6oz/yuhe/bad-advice-forecast-20260930 --output=/projects/u6oz/yuhe/bad-advice-forecast-20260930/slurm/%j.out --error=/projects/u6oz/yuhe/bad-advice-forecast-20260930/slurm/%j.err /projects/u6oz/yuhe/bad-advice-forecast-20260930/run_training.sh /projects/u6oz/yuhe/bad-advice-forecast-20260930/configs/r1_distill_32b.json insecure 2 evaluate
{"job_id": "6969448", "requested_gpus": 1, "record": "/projects/u6oz/yuhe/bad-advice-forecast-20260930/slurm/submission-r1_distill_32b-evaluate-insecure-2-20260930T161110787222Z.json"}
{"condition": "/lus/lfs1aip2/projects/u6oz/yuhe/bad-advice-forecast-20260930/alignment-evaluations-v1/qwen25_72b/base", "status": "prior_attempt_preserved"}
{"job_id": "6969452", "condition": "/lus/lfs1aip2/projects/u6oz/yuhe/bad-advice-forecast-20260930/alignment-evaluations-v1/qwen25_72b/secure-seed0", "existing_gpus": 47, "new_gpus": 2}
{"job_id": "6969477", "condition": "/lus/lfs1aip2/projects/u6oz/yuhe/bad-advice-forecast-20260930/alignment-evaluations-v1/qwen25_72b/secure-seed1", "existing_gpus": 47, "new_gpus": 2}
{"job_id": "6969528", "condition": "/lus/lfs1aip2/projects/u6oz/yuhe/bad-advice-forecast-20260930/alignment-evaluations-v1/qwen25_72b/secure-seed2", "existing_gpus": 49, "new_gpus": 2}
{"job_id": "6969575", "condition": "/lus/lfs1aip2/projects/u6oz/yuhe/bad-advice-forecast-20260930/alignment-evaluations-v1/qwen25_72b/insecure-seed0", "existing_gpus": 51, "new_gpus": 2}
{"job_id": "6969598", "condition": "/lus/lfs1aip2/projects/u6oz/yuhe/bad-advice-forecast-20260930/alignment-evaluations-v1/qwen25_72b/insecure-seed1", "existing_gpus": 53, "new_gpus": 2}
{"job_id": "6969602", "condition": "/lus/lfs1aip2/projects/u6oz/yuhe/bad-advice-forecast-20260930/alignment-evaluations-v1/qwen25_72b/insecure-seed2", "existing_gpus": 52, "new_gpus": 2}
{"condition": "/lus/lfs1aip2/projects/u6oz/yuhe/bad-advice-forecast-20260930/alignment-evaluations-v1/qwen35_27b/base", "status": "prior_attempt_preserved"}
{"condition": "/lus/lfs1aip2/projects/u6oz/yuhe/bad-advice-forecast-20260930/alignment-evaluations-v1/qwen38_27b/base", "status": "prior_attempt_preserved"}
{"condition": "/lus/lfs1aip2/projects/u6oz/yuhe/bad-advice-forecast-20260930/alignment-evaluations-v1/qwen3_32b/base", "status": "prior_attempt_preserved"}
{"job_id": "6969609", "condition": "/lus/lfs1aip2/projects/u6oz/yuhe/bad-advice-forecast-20260930/alignment-evaluations-v1/qwen3_32b/secure-seed0", "existing_gpus": 51, "new_gpus": 1}
{"job_id": "6969610", "condition": "/lus/lfs1aip2/projects/u6oz/yuhe/bad-advice-forecast-20260930/alignment-evaluations-v1/qwen3_32b/secure-seed1", "existing_gpus": 48, "new_gpus": 1}
{"job_id": "6969615", "condition": "/lus/lfs1aip2/projects/u6oz/yuhe/bad-advice-forecast-20260930/alignment-evaluations-v1/qwen3_32b/secure-seed2", "existing_gpus": 45, "new_gpus": 1}
Traceback (most recent call last):
  File "/projects/u6oz/yuhe/jlens-single-claim-benchmarks-20260911-r1-ops-tqa-cap64-20260915/scripts/isambard/submit.py", line 33, in command
    result = subprocess.run(args, text=True, capture_output=True, check=True, env=environment)
             ^^^^^^^^^^^^^^^^^^^^^^^^^^^^^^^^^^^^^^^^^^^^^^^^^^^^^^^^^^^^^^^^^^^^^^^^^^^^^^^^^
  File "/lus/lfs1aip2/projects/u6oz/yuhe/.local/python/cpython-3.12.14-linux-aarch64-gnu/lib/python3.12/subprocess.py", line 571, in run
    raise CalledProcessError(retcode, process.args,
subprocess.CalledProcessError: Command '['scontrol', 'show', 'job', '--oneliner', '6969279']' returned non-zero exit status 1.

The above exception was the direct cause of the following exception:

Traceback (most recent call last):
  File "/lus/lfs1aip2/projects/u6oz/yuhe/bad-advice-forecast-20260930/alignment/submit.py", line 70, in <module>
    if __name__=='__main__':main()
                            ^^^^^^
  File "/lus/lfs1aip2/projects/u6oz/yuhe/bad-advice-forecast-20260930/alignment/submit.py", line 56, in main
    accounting=guard.inspect_account(serialize=False,work=work,reservations=ledger['reservations'],new_gpus=0)
               ^^^^^^^^^^^^^^^^^^^^^^^^^^^^^^^^^^^^^^^^^^^^^^^^^^^^^^^^^^^^^^^^^^^^^^^^^^^^^^^^^^^^^^^^^^^^^^^
  File "/projects/u6oz/yuhe/jlens-single-claim-benchmarks-20260911-r1-ops-tqa-cap64-20260915/scripts/isambard/submit.py", line 232, in inspect_account
    record = job_details(job_id)
             ^^^^^^^^^^^^^^^^^^^
  File "/projects/u6oz/yuhe/jlens-single-claim-benchmarks-20260911-r1-ops-tqa-cap64-20260915/scripts/isambard/submit.py", line 112, in job_details
    detail = command(["scontrol", "show", "job", "--oneliner", job_id]).strip().splitlines()
             ^^^^^^^^^^^^^^^^^^^^^^^^^^^^^^^^^^^^^^^^^^^^^^^^^^^^^^^^^^
  File "/projects/u6oz/yuhe/jlens-single-claim-benchmarks-20260911-r1-ops-tqa-cap64-20260915/scripts/isambard/submit.py", line 36, in command
    raise ValueError(f"{args[0]} failed: {detail}") from exc
ValueError: scontrol failed: slurm_load_jobs error: Invalid job id specified
Traceback (most recent call last):
  File "/projects/u6oz/yuhe/bad-advice-forecast-20260930/launch_alignment.py", line 30, in <module>
    if __name__=='__main__':main()
                            ^^^^^^
  File "/projects/u6oz/yuhe/bad-advice-forecast-20260930/launch_alignment.py", line 28, in main
    subprocess.run(command,check=True)
  File "/lus/lfs1aip2/projects/u6oz/yuhe/.local/python/cpython-3.12.14-linux-aarch64-gnu/lib/python3.12/subprocess.py", line 571, in run
    raise CalledProcessError(retcode, process.args,
subprocess.CalledProcessError: Command '['/projects/u6oz/yuhe/jlens_belief-v0/.venv/bin/python', '/lus/lfs1aip2/projects/u6oz/yuhe/bad-advice-forecast-20260930/alignment/submit.py', '--model-key', 'qwen3_32b', '--arm', 'insecure', '--seed', '0', '--submit']' returned non-zero exit status 1.
Traceback (most recent call last):
  File "<stdin>", line 5, in <module>
  File "/lus/lfs1aip2/projects/u6oz/yuhe/.local/python/cpython-3.12.14-linux-aarch64-gnu/lib/python3.12/subprocess.py", line 571, in run
    raise CalledProcessError(retcode, process.args,
subprocess.CalledProcessError: Command '['/projects/u6oz/yuhe/jlens_belief-v0/.venv/bin/python', '/projects/u6oz/yuhe/bad-advice-forecast-20260930/launch_alignment.py', '--stage', 'evaluate', '--submit']' returned non-zero exit status 1.
