Collecting easy-dataset-share
  Obtaining dependency information for easy-dataset-share from https://files.pythonhosted.org/packages/a2/4e/a80920808e71ca8485c0ad02c8bdb19a34e0ceeef8aea22ebe4b598df8e8/easy_dataset_share-0.5.0-py3-none-any.whl.metadata
  Downloading easy_dataset_share-0.5.0-py3-none-any.whl.metadata (6.4 kB)
Collecting pypdf
  Obtaining dependency information for pypdf from https://files.pythonhosted.org/packages/3c/2c/c43c03eaf630435f023f1dc61ec4a4a78951ad5530a62c71cc89bde307b7/pypdf-6.19.0-py3-none-any.whl.metadata
  Downloading pypdf-6.19.0-py3-none-any.whl.metadata (7.5 kB)
Collecting click<9.0,>=8.0 (from easy-dataset-share)
  Obtaining dependency information for click<9.0,>=8.0 from https://files.pythonhosted.org/packages/58/50/6c0d534c5f134586a8e1ba4e330569e32f057e33372ae556463212fb4cd3/click-8.5.0-py3-none-any.whl.metadata
  Downloading click-8.5.0-py3-none-any.whl.metadata (2.6 kB)
Collecting cryptography<42.0.0,>=41.0.0 (from easy-dataset-share)
  Obtaining dependency information for cryptography<42.0.0,>=41.0.0 from https://files.pythonhosted.org/packages/e4/73/5461318abd2fe426855a2f66775c063bbefd377729ece3c3ee048ddf19a5/cryptography-41.0.7-cp37-abi3-macosx_10_12_universal2.whl.metadata
  Downloading cryptography-41.0.7-cp37-abi3-macosx_10_12_universal2.whl.metadata (5.2 kB)
Collecting requests<3.0.0,>=2.28.0 (from easy-dataset-share)
  Obtaining dependency information for requests<3.0.0,>=2.28.0 from https://files.pythonhosted.org/packages/a0/f4/c67b0b3f1b9245e8d266f0f112c500d50e5b4e83cb6f3b71b6528104182a/requests-2.34.2-py3-none-any.whl.metadata
  Downloading requests-2.34.2-py3-none-any.whl.metadata (4.8 kB)
Collecting cffi>=1.12 (from cryptography<42.0.0,>=41.0.0->easy-dataset-share)
  Obtaining dependency information for cffi>=1.12 from https://files.pythonhosted.org/packages/54/7d/16e5a096677b5e313ca80cd5e5170efa3ea44624a82bb111925522da64b1/cffi-2.1.1-cp312-cp312-macosx_11_0_arm64.whl.metadata
  Downloading cffi-2.1.1-cp312-cp312-macosx_11_0_arm64.whl.metadata (2.5 kB)
Collecting charset_normalizer<4,>=2 (from requests<3.0.0,>=2.28.0->easy-dataset-share)
  Obtaining dependency information for charset_normalizer<4,>=2 from https://files.pythonhosted.org/packages/e7/c8/693809898870237d82785a03f3b2b58fe4c9f14669f84a7d4e623c92a59e/charset_normalizer-3.5.2-cp312-cp312-macosx_10_13_universal2.whl.metadata
  Downloading charset_normalizer-3.5.2-cp312-cp312-macosx_10_13_universal2.whl.metadata (46 kB)
     ━━━━━━━━━━━━━━━━━━━━━━━━━━━━━━━━━━━━━━━━ 46.4/46.4 kB 1.8 MB/s eta 0:00:00
Collecting idna<4,>=2.5 (from requests<3.0.0,>=2.28.0->easy-dataset-share)
  Obtaining dependency information for idna<4,>=2.5 from https://files.pythonhosted.org/packages/58/a2/bb081bab032533a855d44de1d56f8e8426114ff1ba5d1f07a438a0a654f8/idna-3.20-py3-none-any.whl.metadata
  Downloading idna-3.20-py3-none-any.whl.metadata (7.2 kB)
Collecting urllib3<3,>=1.26 (from requests<3.0.0,>=2.28.0->easy-dataset-share)
  Obtaining dependency information for urllib3<3,>=1.26 from https://files.pythonhosted.org/packages/92/9d/c4e665119135114480843e7ab388fa94d8480650450e6f8e26b70d323a4c/urllib3-2.8.0-py3-none-any.whl.metadata
  Downloading urllib3-2.8.0-py3-none-any.whl.metadata (7.4 kB)
Collecting certifi>=2023.5.7 (from requests<3.0.0,>=2.28.0->easy-dataset-share)
  Obtaining dependency information for certifi>=2023.5.7 from https://files.pythonhosted.org/packages/0b/a7/71ac2cff56fec219ed242bb11b8efb69fcc4bec75db06fb7bfe35de520e6/certifi-2026.7.22-py3-none-any.whl.metadata
  Downloading certifi-2026.7.22-py3-none-any.whl.metadata (2.5 kB)
Collecting pycparser (from cffi>=1.12->cryptography<42.0.0,>=41.0.0->easy-dataset-share)
  Obtaining dependency information for pycparser from https://files.pythonhosted.org/packages/0c/c3/44f3fbbfa403ea2a7c779186dc20772604442dde72947e7d01069cbe98e3/pycparser-3.0-py3-none-any.whl.metadata
  Using cached pycparser-3.0-py3-none-any.whl.metadata (8.2 kB)
Downloading easy_dataset_share-0.5.0-py3-none-any.whl (458 kB)
   ━━━━━━━━━━━━━━━━━━━━━━━━━━━━━━━━━━━━━━━━ 458.7/458.7 kB 3.7 MB/s eta 0:00:00
Downloading pypdf-6.19.0-py3-none-any.whl (395 kB)
   ━━━━━━━━━━━━━━━━━━━━━━━━━━━━━━━━━━━━━━━━ 395.5/395.5 kB 7.2 MB/s eta 0:00:00
Downloading click-8.5.0-py3-none-any.whl (125 kB)
   ━━━━━━━━━━━━━━━━━━━━━━━━━━━━━━━━━━━━━━━━ 125.3/125.3 kB 4.8 MB/s eta 0:00:00
Downloading cryptography-41.0.7-cp37-abi3-macosx_10_12_universal2.whl (5.3 MB)
   ━━━━━━━━━━━━━━━━━━━━━━━━━━━━━━━━━━━━━━━━ 5.3/5.3 MB 16.3 MB/s eta 0:00:00
Downloading requests-2.34.2-py3-none-any.whl (73 kB)
   ━━━━━━━━━━━━━━━━━━━━━━━━━━━━━━━━━━━━━━━━ 73.1/73.1 kB 8.3 MB/s eta 0:00:00
Downloading certifi-2026.7.22-py3-none-any.whl (136 kB)
   ━━━━━━━━━━━━━━━━━━━━━━━━━━━━━━━━━━━━━━━━ 137.0/137.0 kB 10.3 MB/s eta 0:00:00
Downloading cffi-2.1.1-cp312-cp312-macosx_11_0_arm64.whl (184 kB)
   ━━━━━━━━━━━━━━━━━━━━━━━━━━━━━━━━━━━━━━━━ 184.7/184.7 kB 20.4 MB/s eta 0:00:00
Downloading charset_normalizer-3.5.2-cp312-cp312-macosx_10_13_universal2.whl (367 kB)
   ━━━━━━━━━━━━━━━━━━━━━━━━━━━━━━━━━━━━━━━━ 367.8/367.8 kB 13.2 MB/s eta 0:00:00
Downloading idna-3.20-py3-none-any.whl (69 kB)
   ━━━━━━━━━━━━━━━━━━━━━━━━━━━━━━━━━━━━━━━━ 69.6/69.6 kB 3.8 MB/s eta 0:00:00
Downloading urllib3-2.8.0-py3-none-any.whl (135 kB)
   ━━━━━━━━━━━━━━━━━━━━━━━━━━━━━━━━━━━━━━━━ 135.7/135.7 kB 11.9 MB/s eta 0:00:00
Using cached pycparser-3.0-py3-none-any.whl (48 kB)
Installing collected packages: urllib3, pypdf, pycparser, idna, click, charset_normalizer, certifi, requests, cffi, cryptography, easy-dataset-share
Successfully installed certifi-2026.7.22 cffi-2.1.1 charset_normalizer-3.5.2 click-8.5.0 cryptography-41.0.7 easy-dataset-share-0.5.0 idna-3.20 pycparser-3.0 pypdf-6.19.0 requests-2.34.2 urllib3-2.8.0

[notice] A new release of pip is available: 23.2.1 -> 26.2.1
[notice] To update, run: python3.12 -m pip install --upgrade pip
